Archive member included because of file (symbol)

C:/ProgramData/MATLAB/SupportPackages/R2021b/aIDE/portable/packages/arduino/hardware/sam/1.6.12/variants/arduino_due_x/libsam_sam3x8e_gcc_rel.a(startup_sam3xa.o)
                              (Reset_Handler)
C:/ProgramData/MATLAB/SupportPackages/R2021b/aIDE/portable/packages/arduino/hardware/sam/1.6.12/variants/arduino_due_x/libsam_sam3x8e_gcc_rel.a(uotghs.o)
                              C:/ProgramData/MATLAB/SupportPackages/R2021b/aIDE/portable/packages/arduino/hardware/sam/1.6.12/variants/arduino_due_x/libsam_sam3x8e_gcc_rel.a(startup_sam3xa.o) (UOTGHS_Handler)
C:/Users/DCLab/DOCUME~1/MATLAB/R2021b/ARDUIN~1/ARDUIN~2/FASTER~1/libcore.a(hooks.o)
                              arm_m3_cortex_handler.o (sysTickHook)
C:/Users/DCLab/DOCUME~1/MATLAB/R2021b/ARDUIN~1/ARDUIN~2/FASTER~1/libcore.a(syscalls_sam3.o)
                              (_sbrk)
C:/Users/DCLab/DOCUME~1/MATLAB/R2021b/ARDUIN~1/ARDUIN~2/FASTER~1/libcore.a(WInterrupts.o)
                              readEncDUEpin8_9_wrapper.o (attachInterrupt)
C:/Users/DCLab/DOCUME~1/MATLAB/R2021b/ARDUIN~1/ARDUIN~2/FASTER~1/libcore.a(wiring.o)
                              io_wrappers.o (millis)
C:/Users/DCLab/DOCUME~1/MATLAB/R2021b/ARDUIN~1/ARDUIN~2/FASTER~1/libcore.a(wiring_analog.o)
                              MW_PWM.o (analogWrite)
C:/Users/DCLab/DOCUME~1/MATLAB/R2021b/ARDUIN~1/ARDUIN~2/FASTER~1/libcore.a(wiring_digital.o)
                              MW_arduino_digitalio.o (pinMode)
C:/Users/DCLab/DOCUME~1/MATLAB/R2021b/ARDUIN~1/ARDUIN~2/FASTER~1/libcore.a(Reset.o)
                              arm_m3_cortex_handler.o (tickReset)
C:/Users/DCLab/DOCUME~1/MATLAB/R2021b/ARDUIN~1/ARDUIN~2/FASTER~1/libcore.a(UARTClass.o)
                              rtiostream_serial_daemon.o (UARTClass::available())
C:/Users/DCLab/DOCUME~1/MATLAB/R2021b/ARDUIN~1/ARDUIN~2/FASTER~1/libcore.a(USARTClass.o)
                              io_wrappers.o (USARTClass::begin(unsigned long))
C:/Users/DCLab/DOCUME~1/MATLAB/R2021b/ARDUIN~1/ARDUIN~2/FASTER~1/libcore.a(watchdog.o)
                              MW_ArduinoHWInit.o (watchdogDisable())
C:/Users/DCLab/DOCUME~1/MATLAB/R2021b/ARDUIN~1/ARDUIN~2/FASTER~1/libcore.a(variant.o)
                              ert_main.o (init)
C:/Users/DCLab/DOCUME~1/MATLAB/R2021b/ARDUIN~1/ARDUIN~2/FASTER~1/libcore.a(abi.o)
                              C:/Users/DCLab/DOCUME~1/MATLAB/R2021b/ARDUIN~1/ARDUIN~2/FASTER~1/libcore.a(UARTClass.o) (__cxa_pure_virtual)
C:/Users/DCLab/DOCUME~1/MATLAB/R2021b/ARDUIN~1/ARDUIN~2/FASTER~1/libcore.a(Print.o)
                              C:/Users/DCLab/DOCUME~1/MATLAB/R2021b/ARDUIN~1/ARDUIN~2/FASTER~1/libcore.a(UARTClass.o) (Print::write(unsigned char const*, unsigned int))
C:/Users/DCLab/DOCUME~1/MATLAB/R2021b/ARDUIN~1/ARDUIN~2/FASTER~1/libcore.a(RingBuffer.o)
                              C:/Users/DCLab/DOCUME~1/MATLAB/R2021b/ARDUIN~1/ARDUIN~2/FASTER~1/libcore.a(variant.o) (RingBuffer::RingBuffer())
C:/ProgramData/MATLAB/SupportPackages/R2021b/aIDE/portable/packages/arduino/hardware/sam/1.6.12/variants/arduino_due_x/libsam_sam3x8e_gcc_rel.a(pio.o)
                              C:/Users/DCLab/DOCUME~1/MATLAB/R2021b/ARDUIN~1/ARDUIN~2/FASTER~1/libcore.a(wiring_digital.o) (PIO_PullUp)
C:/ProgramData/MATLAB/SupportPackages/R2021b/aIDE/portable/packages/arduino/hardware/sam/1.6.12/variants/arduino_due_x/libsam_sam3x8e_gcc_rel.a(pmc.o)
                              MW_PWMDriver.o (pmc_enable_periph_clk)
C:/ProgramData/MATLAB/SupportPackages/R2021b/aIDE/portable/packages/arduino/hardware/sam/1.6.12/variants/arduino_due_x/libsam_sam3x8e_gcc_rel.a(pwmc.o)
                              MW_PWMDriver.o (PWMC_ConfigureChannel)
C:/ProgramData/MATLAB/SupportPackages/R2021b/aIDE/portable/packages/arduino/hardware/sam/1.6.12/variants/arduino_due_x/libsam_sam3x8e_gcc_rel.a(tc.o)
                              MW_PWMDriver.o (TC_Configure)
C:/ProgramData/MATLAB/SupportPackages/R2021b/aIDE/portable/packages/arduino/hardware/sam/1.6.12/variants/arduino_due_x/libsam_sam3x8e_gcc_rel.a(timetick.o)
                              arm_m3_cortex_handler.o (TimeTick_Increment)
C:/ProgramData/MATLAB/SupportPackages/R2021b/aIDE/portable/packages/arduino/hardware/sam/1.6.12/variants/arduino_due_x/libsam_sam3x8e_gcc_rel.a(wdt.o)
                              C:/Users/DCLab/DOCUME~1/MATLAB/R2021b/ARDUIN~1/ARDUIN~2/FASTER~1/libcore.a(watchdog.o) (WDT_Enable)
C:/ProgramData/MATLAB/SupportPackages/R2021b/aIDE/portable/packages/arduino/hardware/sam/1.6.12/variants/arduino_due_x/libsam_sam3x8e_gcc_rel.a(system_sam3xa.o)
                              C:/Users/DCLab/DOCUME~1/MATLAB/R2021b/ARDUIN~1/ARDUIN~2/FASTER~1/libcore.a(variant.o) (SystemInit)
C:/ProgramData/MATLAB/SupportPackages/R2021b/aIDE/portable/packages/arduino/hardware/sam/1.6.12/variants/arduino_due_x/libsam_sam3x8e_gcc_rel.a(adc.o)
[...]
Memory Configuration

Name             Origin             Length             Attributes
rom              0x00080000         0x00080000         xr
sram0            0x20000000         0x00010000         xrw
sram1            0x20080000         0x00008000         xrw
ram              0x20070000         0x00018000         xrw
*default*        0x00000000         0xffffffff

Linker script and memory map

LOAD c:/programdata/matlab/supportpackages/r2021b/aide/portable/packages/arduino/tools/arm-none-eabi-gcc/4.8.3-2014q1/bin/../lib/gcc/arm-none-eabi/4.8.3/armv7-m/crti.o
LOAD c:/programdata/matlab/supportpackages/r2021b/aide/portable/packages/arduino/tools/arm-none-eabi-gcc/4.8.3-2014q1/bin/../lib/gcc/arm-none-eabi/4.8.3/armv7-m/crtbegin.o
LOAD c:/programdata/matlab/supportpackages/r2021b/aide/portable/packages/arduino/tools/arm-none-eabi-gcc/4.8.3-2014q1/bin/../lib/gcc/arm-none-eabi/4.8.3/../../../../arm-none-eabi/lib/armv7-m/crt0.o
START GROUP
LOAD C:/ProgramData/MATLAB/SupportPackages/R2021b/aIDE/portable/packages/arduino/hardware/sam/1.6.12/variants/arduino_due_x/libsam_sam3x8e_gcc_rel.a
LOAD MW_arduino_digitalio.o
LOAD MW_PWM.o
LOAD MW_PWMDriver.o
LOAD ArduinoPinHandleMap.o
LOAD xcp_ext_mode.o
LOAD position_control_PD_with_Due.o
LOAD position_control_PD_with_Due_data.o
LOAD rtGetInf.o
LOAD rtGetNaN.o
LOAD rt_nonfinite.o
LOAD xcp_ext_common.o
LOAD xcp_ext_classic_trigger.o
LOAD xcp.o
LOAD xcp_standard.o
LOAD xcp_daq.o
LOAD xcp_calibration.o
LOAD xcp_fifo.o
LOAD xcp_transport.o
LOAD xcp_mem_default.o
LOAD xcp_drv_rtiostream.o
LOAD xcp_frame_serial.o
LOAD xcp_ext_param_default_serial.o
LOAD readEncDUEpin8_9_wrapper.o
LOAD arm_m3_cortex_handler.o
LOAD MW_ArduinoHWInit.o
LOAD io_wrappers.o
LOAD arduinoARMScheduler.o
LOAD m3m4m4f_multitasking.o
LOAD rtiostream_serial_daemon.o
LOAD sys_arch.o
LOAD ert_main.o
LOAD C:/Users/DCLab/DOCUME~1/MATLAB/R2021b/ARDUIN~1/ARDUIN~2/FASTER~1/MW_RebuildSrc_Core.o
LOAD C:/Users/DCLab/DOCUME~1/MATLAB/R2021b/ARDUIN~1/ARDUIN~2/FASTER~1/libcore.a
END GROUP
LOAD c:/programdata/matlab/supportpackages/r2021b/aide/portable/packages/arduino/tools/arm-none-eabi-gcc/4.8.3-2014q1/bin/../lib/gcc/arm-none-eabi/4.8.3/../../../../arm-none-eabi/lib/armv7-m\libm.a
LOAD C:/Users/DCLab/DOCUME~1/MATLAB/R2021b/ARDUIN~1/ARDUIN~2/FASTER~1\libcore.a
START GROUP
LOAD c:/programdata/matlab/supportpackages/r2021b/aide/portable/packages/arduino/tools/arm-none-eabi-gcc/4.8.3-2014q1/bin/../lib/gcc/arm-none-eabi/4.8.3/armv7-m\libgcc.a
LOAD c:/programdata/matlab/supportpackages/r2021b/aide/portable/packages/arduino/tools/arm-none-eabi-gcc/4.8.3-2014q1/bin/../lib/gcc/arm-none-eabi/4.8.3/../../../../arm-none-eabi/lib/armv7-m\libg.a
LOAD c:/programdata/matlab/supportpackages/r2021b/aide/portable/packages/arduino/tools/arm-none-eabi-gcc/4.8.3-2014q1/bin/../lib/gcc/arm-none-eabi/4.8.3/../../../../arm-none-eabi/lib/armv7-m\libc.a
END GROUP
LOAD c:/programdata/matlab/supportpackages/r2021b/aide/portable/packages/arduino/tools/arm-none-eabi-gcc/4.8.3-2014q1/bin/../lib/gcc/arm-none-eabi/4.8.3/armv7-m/crtend.o
LOAD c:/programdata/matlab/supportpackages/r2021b/aide/portable/packages/arduino/tools/arm-none-eabi-gcc/4.8.3-2014q1/bin/../lib/gcc/arm-none-eabi/4.8.3/armv7-m/crtn.o

.text           0x00080000     0x9610
                0x00080000                . = ALIGN (0x4)
                0x00080000                _sfixed = .
 *(.vectors .vectors.*)
 .vectors       0x00080000       0xf4 C:/ProgramData/MATLAB/SupportPackages/R2021b/aIDE/portable/packages/arduino/hardware/sam/1.6.12/variants/arduino_due_x/libsam_sam3x8e_gcc_rel.a(startup_sam3xa.o)
                0x00080000                exception_table
 *(.text .text.* .gnu.linkonce.t.*)
 .text          0x000800f4       0x54 c:/programdata/matlab/supportpackages/r2021b/aide/portable/packages/arduino/tools/arm-none-eabi-gcc/4.8.3-2014q1/bin/../lib/gcc/arm-none-eabi/4.8.3/armv7-m/crtbegin.o
 .text.Reset_Handler
                0x00080148       0x78 C:/ProgramData/MATLAB/SupportPackages/R2021b/aIDE/portable/packages/arduino/hardware/sam/1.6.12/variants/arduino_due_x/libsam_sam3x8e_gcc_rel.a(startup_sam3xa.o)
                0x00080148                Reset_Handler
 .text.UOTGHS_Handler
                0x000801c0       0x10 C:/ProgramData/MATLAB/SupportPackages/R2021b/aIDE/portable/packages/arduino/hardware/sam/1.6.12/variants/arduino_due_x/libsam_sam3x8e_gcc_rel.a(uotghs.o)
                0x000801c0                UOTGHS_Handler
 .text.digitalIOSetup
                0x000801d0        0xc MW_arduino_digitalio.o
                0x000801d0                digitalIOSetup
 .text.writeDigitalPin
                0x000801dc        0x8 MW_arduino_digitalio.o
                0x000801dc                writeDigitalPin
 .text.MW_PWM_SetDutyCycle
                0x000801e4       0x46 MW_PWM.o
                0x000801e4                MW_PWM_SetDutyCycle
 *fill*         0x0008022a        0x2 
 .text.MW_PWM_GetHandle
                0x0008022c       0x20 MW_PWM.o
                0x0008022c                MW_PWM_GetHandle
 .text.setPWMHandle
                0x0008024c       0x28 MW_PWM.o
                0x0008024c                setPWMHandle
 .text.MW_PWM_Open
                0x00080274       0x54 MW_PWM.o
                0x00080274                MW_PWM_Open
 .text.MW_PWM_Close
                0x000802c8       0x18 MW_PWM.o
                0x000802c8                MW_PWM_Close
 .text.MW_analogWrite
                0x000802e0      0x188 MW_PWMDriver.o
                0x000802e0                MW_analogWrite
 .text.MW_setAnalogFrequency
                0x00080468      0x154 MW_PWMDriver.o
                0x00080468                MW_setAnalogFrequency
 .text.extmodeParseArgs
                0x000805bc        0x4 xcp_ext_mode.o
                0x000805bc                extmodeParseArgs
 .text.extmodeInit
                0x000805c0       0x9c xcp_ext_mode.o
                0x000805c0                extmodeInit
 .text.extmodeWaitForHostRequest
                0x0008065c       0x94 xcp_ext_mode.o
                0x0008065c                extmodeWaitForHostRequest
 .text.extmodeEvent
                0x000806f0       0x7c xcp_ext_mode.o
                0x000806f0                extmodeEvent
 .text.extmodeBackgroundRun
                0x0008076c        0x6 xcp_ext_mode.o
                0x0008076c                extmodeBackgroundRun
 *fill*         0x00080772        0x2 
 .text.extmodeReset
                0x00080774       0x28 xcp_ext_mode.o
                0x00080774                extmodeReset
 .text.extmodeStopRequested
                0x0008079c        0xc xcp_ext_mode.o
                0x0008079c                extmodeStopRequested
 .text.extmodeSimulationComplete
                0x000807a8        0xc xcp_ext_mode.o
                0x000807a8                extmodeSimulationComplete
 *fill*         0x000807b4        0x4 
 .text.position_control_PD_with_Due_step
                0x000807b8      0x368 position_control_PD_with_Due.o
                0x000807b8                position_control_PD_with_Due_step
 .text.position_control_PD_with_Due_initialize
                0x00080b20      0x118 position_control_PD_with_Due.o
                0x00080b20                position_control_PD_with_Due_initialize
 .text.position_control_PD_with_Due_terminate
                0x00080c38       0x48 position_control_PD_with_Due.o
                0x00080c38                position_control_PD_with_Due_terminate
 .text.rtGetInf
                0x00080c80        0xc rtGetInf.o
                0x00080c80                rtGetInf
 .text.rtGetInfF
                0x00080c8c        0x6 rtGetInf.o
                0x00080c8c                rtGetInfF
 *fill*         0x00080c92        0x2 
 .text.rtGetMinusInf
                0x00080c94        0xc rtGetInf.o
                0x00080c94                rtGetMinusInf
 .text.rtGetMinusInfF
                0x00080ca0        0x8 rtGetInf.o
                0x00080ca0                rtGetMinusInfF
 .text.rtGetNaN
                0x00080ca8        0xc rtGetNaN.o
                0x00080ca8                rtGetNaN
 .text.rtGetNaNF
                0x00080cb4        0x8 rtGetNaN.o
                0x00080cb4                rtGetNaNF
 .text.rt_InitInfAndNaN
                0x00080cbc       0x54 rt_nonfinite.o
                0x00080cbc                rt_InitInfAndNaN
 .text.xcpExtModeUpdateTime
                0x00080d10       0xd8 xcp_ext_common.o
                0x00080d10                xcpExtModeUpdateTime
 .text.xcpExtModeGetUpdatedTimestamp
                0x00080de8       0x40 xcp_ext_common.o
                0x00080de8                xcpExtModeGetUpdatedTimestamp
 .text.xcpExtModeInit
                0x00080e28       0x32 xcp_ext_common.o
                0x00080e28                xcpExtModeInit
 .text.xcpExtModeRunBackground
                0x00080e5a       0x7a xcp_ext_common.o
                0x00080e5a                xcpExtModeRunBackground
 .text.xcpExtModeReset
                0x00080ed4       0x94 xcp_ext_common.o
                0x00080ed4                xcpExtModeReset
 .text.xcpExtModeClassicTriggerInit
                0x00080f68       0x4c xcp_ext_classic_trigger.o
                0x00080f68                xcpExtModeClassicTriggerInit
 .text.xcpExtModeClassicTriggerEnabled
                0x00080fb4      0x33c xcp_ext_classic_trigger.o
                0x00080fb4                xcpExtModeClassicTriggerEnabled
 .text.xcpExtModeClassicTriggerReset
                0x000812f0       0xbc xcp_ext_classic_trigger.o
                0x000812f0                xcpExtModeClassicTriggerReset
 .text.xcpExtModeClassicTriggerForceEnableStatusUpdate
                0x000813ac       0x50 xcp_ext_classic_trigger.o
                0x000813ac                xcpExtModeClassicTriggerForceEnableStatusUpdate
 .text.unknownInputPacketHandler
                0x000813fc        0xa xcp.o
 .text.discardInputPacketHandler
                0x00081406       0x10 xcp.o
 .text.genericOutputPacketHandler
                0x00081416       0x64 xcp.o
                0x00081416                genericOutputPacketHandler
 *fill*         0x0008147a        0x2 
 .text.xcpStatusGet
                0x0008147c        0xc xcp.o
                0x0008147c                xcpStatusGet
 .text.xcpStatusSet
                0x00081488        0xc xcp.o
                0x00081488                xcpStatusSet
 .text.xcpSessionStatusGet
                0x00081494        0xc xcp.o
                0x00081494                xcpSessionStatusGet
 .text.xcpSessionStatusSetMask
                0x000814a0       0x10 xcp.o
                0x000814a0                xcpSessionStatusSetMask
 .text.xcpSessionStatusClearMask
                0x000814b0       0x10 xcp.o
                0x000814b0                xcpSessionStatusClearMask
 .text.xcpResourceProtectionStatusGet
                0x000814c0        0xc xcp.o
                0x000814c0                xcpResourceProtectionStatusGet
 .text.xcpSessionConfigurationIdGet
                0x000814cc        0xc xcp.o
                0x000814cc                xcpSessionConfigurationIdGet
 .text.xcpFindPacket
                0x000814d8       0x26 xcp.o
                0x000814d8                xcpFindPacket
 *fill*         0x000814fe        0x2 
 .text.xcpInit  0x00081500       0x40 xcp.o
                0x00081500                xcpInit
 .text.xcpRun   0x00081540      0x174 xcp.o
                0x00081540                xcpRun
 .text.xcpEventExternalTimestamp
                0x000816b4       0x14 xcp.o
                0x000816b4                xcpEventExternalTimestamp
 .text.xcpGetStatus
                0x000816c8        0xc xcp.o
                0x000816c8                xcpGetStatus
 .text.xcpReset
                0x000816d4       0x28 xcp.o
                0x000816d4                xcpReset
 .text.getStatusInputPacketHandler
                0x000816fc        0x8 xcp_standard.o
 .text.getPacket
                0x00081704        0xc xcp_standard.o
 .text.uploadInputPacketHandler
                0x00081710       0x40 xcp_standard.o
 .text.synchInputPacketHandler
                0x00081750       0x1c xcp_standard.o
 .text.getStatusOutputPacketHandler
                0x0008176c       0x26 xcp_standard.o
 .text.disconnectInputPacketHandler
                0x00081792       0x22 xcp_standard.o
 .text.connectInputPacketHandler
                0x000817b4       0x32 xcp_standard.o
 .text.connectOutputPacketHandler
                0x000817e6       0x38 xcp_standard.o
 *fill*         0x0008181e        0x2 
 .text.xcpStandardInit
                0x00081820       0x10 xcp_standard.o
                0x00081820                xcpStandardInit
 .text.xcpStandardGetPacketLookup
                0x00081830        0xc xcp_standard.o
                0x00081830                xcpStandardGetPacketLookup
 .text.xcpStandardReset
                0x0008183c        0xc xcp_standard.o
                0x0008183c                xcpStandardReset
 .text.xcpStandardGetAddressFromMta
                0x00081848        0xc xcp_standard.o
                0x00081848                xcpStandardGetAddressFromMta
 .text.xcpStandardSetMta
                0x00081854       0x14 xcp_standard.o
                0x00081854                xcpStandardSetMta
 .text.shortUploadInputPacketHandler
                0x00081868       0x40 xcp_standard.o
 .text.setMTAInputPacketHandler
                0x000818a8       0x22 xcp_standard.o
 *fill*         0x000818ca        0x2 
 .text.xcpStandardIncrementMta
                0x000818cc       0x10 xcp_standard.o
                0x000818cc                xcpStandardIncrementMta
 .text.shortUploadOutputPacketHandler
                0x000818dc       0x44 xcp_standard.o
 .text.uploadOutputPacketHandler
                0x00081920       0x44 xcp_standard.o
 .text.isActiveDaqList
                0x00081964       0x1c xcp_daq.o
 .text.noActiveDaqLists
                0x00081980       0x2c xcp_daq.o
 .text.isValidDaqPtr
                0x000819ac       0x40 xcp_daq.o
 .text.setDaqPtrInputPacketHandler
                0x000819ec       0x48 xcp_daq.o
 .text.writeDaqInputPacketHandler
                0x00081a34       0x88 xcp_daq.o
 .text.setDaqListModeInputPacketHandler
                0x00081abc       0x84 xcp_daq.o
 .text.getDaqProcessorInfoInputPacketHandler
                0x00081b40        0x8 xcp_daq.o
 .text.getDaqResolutionInfoInputPacketHandler
                0x00081b48        0x8 xcp_daq.o
 .text.getDaqResolutionInfoOutputPacketHandler
                0x00081b50       0x28 xcp_daq.o
 .text.getDaqProcessorInfoOutputPacketHandler
                0x00081b78       0x2a xcp_daq.o
 *fill*         0x00081ba2        0x2 
 .text.getPacket
                0x00081ba4        0xc xcp_daq.o
 .text.allocOdtEntryInputPacketHandler
                0x00081bb0       0x94 xcp_daq.o
 .text.allocOdtInputPacketHandler
                0x00081c44       0x84 xcp_daq.o
 .text.allocDaqInputPacketHandler
                0x00081cc8       0x7c xcp_daq.o
 .text.createDaqReservedPool
                0x00081d44       0x4a xcp_daq.o
 *fill*         0x00081d8e        0x2 
 .text.startStopDaqListOutputPacketHandler
                0x00081d90       0x28 xcp_daq.o
 .text.xcpDaqWriteLock.isra.2
                0x00081db8       0x28 xcp_daq.o
 .text.xcpDaqWriteUnlock.isra.3
                0x00081de0        0xc xcp_daq.o
 .text.startStopDaqListInputPacketHandler
                0x00081dec      0x1b4 xcp_daq.o
 .text.startStopSynchInputPacketHandler
                0x00081fa0      0x130 xcp_daq.o
 .text.xcpDaqInit
                0x000820d0       0x2c xcp_daq.o
                0x000820d0                xcpDaqInit
 .text.xcpDaqGetPacketLookup
                0x000820fc        0xc xcp_daq.o
                0x000820fc                xcpDaqGetPacketLookup
 .text.xcpDaqEvent
                0x00082108      0x1c4 xcp_daq.o
                0x00082108                xcpDaqEvent
 .text.xcpDaqLock
                0x000822cc        0x4 xcp_daq.o
                0x000822cc                xcpDaqLock
 .text.xcpDaqUnlock
                0x000822d0        0x4 xcp_daq.o
                0x000822d0                xcpDaqUnlock
 .text.xcpResetDaqListStatus
                0x000822d4       0xbc xcp_daq.o
                0x000822d4                xcpResetDaqListStatus
 .text.freeDaqInputPacketHandler
                0x00082390       0x22 xcp_daq.o
 *fill*         0x000823b2        0x2 
 .text.xcpDaqReset
                0x000823b4       0x1c xcp_daq.o
                0x000823b4                xcpDaqReset
 .text.getPacket
                0x000823d0        0xc xcp_calibration.o
 .text.shortDownloadInputPacketHandler
                0x000823dc       0x4c xcp_calibration.o
 .text.downloadInputPacketHandler
                0x00082428       0x50 xcp_calibration.o
 .text.xcpCalibrationInit
                0x00082478       0x10 xcp_calibration.o
                0x00082478                xcpCalibrationInit
 .text.xcpCalibrationGetPacketLookup
                0x00082488        0xc xcp_calibration.o
                0x00082488                xcpCalibrationGetPacketLookup
 .text.xcpCalibrationReset
                0x00082494        0x2 xcp_calibration.o
                0x00082494                xcpCalibrationReset
 .text.xcpFifoInit
                0x00082496        0x8 xcp_fifo.o
                0x00082496                xcpFifoInit
 .text.xcpFifoEnqueue
                0x0008249e        0xc xcp_fifo.o
                0x0008249e                xcpFifoEnqueue
 .text.xcpFifoDequeue
                0x000824aa       0x12 xcp_fifo.o
                0x000824aa                xcpFifoDequeue
 .text.xcpFifoEnqueueHead
                0x000824bc        0xc xcp_fifo.o
                0x000824bc                xcpFifoEnqueueHead
 .text.xcpFifoReset
                0x000824c8        0x8 xcp_fifo.o
                0x000824c8                xcpFifoReset
 .text.xcpTransportEmptyTxFifo
                0x000824d0       0x40 xcp_transport.o
 .text.xcpTransportEmptyRxFifo
                0x00082510       0x38 xcp_transport.o
 .text.xcpTransportTxReady
                0x00082548        0x4 xcp_transport.o
                0x00082548                xcpTransportTxReady
 .text.xcpTransportTxTrigger
                0x0008254c        0x4 xcp_transport.o
                0x0008254c                xcpTransportTxTrigger
 .text.xcpTransportTx
                0x00082550       0x88 xcp_transport.o
                0x00082550                xcpTransportTx
 .text.xcpTransportRx
                0x000825d8       0x54 xcp_transport.o
                0x000825d8                xcpTransportRx
 .text.xcpTransportPacketOffset
                0x0008262c        0xa xcp_transport.o
                0x0008262c                xcpTransportPacketOffset
 *fill*         0x00082636        0x2 
 .text.xcpTransportTxPacketSet
                0x00082638       0x8c xcp_transport.o
                0x00082638                xcpTransportTxPacketSet
 .text.xcpTransportRxPacketGet
                0x000826c4       0x80 xcp_transport.o
                0x000826c4                xcpTransportRxPacketGet
 .text.xcpTransportMsgBufferSize
                0x00082744       0x28 xcp_transport.o
                0x00082744                xcpTransportMsgBufferSize
 .text.xcpTransportInit
                0x0008276c       0x7c xcp_transport.o
                0x0008276c                xcpTransportInit
 .text.xcpTransportMaxDtoSize
                0x000827e8        0x4 xcp_transport.o
                0x000827e8                xcpTransportMaxDtoSize
 .text.xcpTransportMaxCtoSize
                0x000827ec        0x4 xcp_transport.o
                0x000827ec                xcpTransportMaxCtoSize
 .text.xcpTransportRestart
                0x000827f0       0x16 xcp_transport.o
                0x000827f0                xcpTransportRestart
 .text.xcpTransportResynch
                0x00082806       0x12 xcp_transport.o
                0x00082806                xcpTransportResynch
 .text.xcpTransportCtoReservedMemPoolId
                0x00082818        0xc xcp_transport.o
                0x00082818                xcpTransportCtoReservedMemPoolId
 .text.xcpTransportReset
                0x00082824       0x54 xcp_transport.o
                0x00082824                xcpTransportReset
 .text.xcpInitializePoolMemoryArea
                0x00082878       0x24 xcp_mem_default.o
 .text.xcpMemInit
                0x0008289c       0x94 xcp_mem_default.o
                0x0008289c                xcpMemInit
 .text.xcpMemAlloc
                0x00082930       0x6c xcp_mem_default.o
                0x00082930                xcpMemAlloc
 .text.xcpMemFree
                0x0008299c       0x80 xcp_mem_default.o
                0x0008299c                xcpMemFree
 .text.xcpMemReservedPoolCreate
                0x00082a1c       0xe0 xcp_mem_default.o
                0x00082a1c                xcpMemReservedPoolCreate
 .text.xcpMemReservedPoolDestroy
                0x00082afc       0xa4 xcp_mem_default.o
                0x00082afc                xcpMemReservedPoolDestroy
 .text.xcpMemCustomPoolCreate
                0x00082ba0       0x4c xcp_mem_default.o
                0x00082ba0                xcpMemCustomPoolCreate
 .text.xcpMemCustomPoolDestroy
                0x00082bec       0x2c xcp_mem_default.o
                0x00082bec                xcpMemCustomPoolDestroy
 .text.xcpMemAllocFromPool
                0x00082c18       0x70 xcp_mem_default.o
                0x00082c18                xcpMemAllocFromPool
 .text.xcpMemReset
                0x00082c88       0x48 xcp_mem_default.o
                0x00082c88                xcpMemReset
 .text.xcpDrvOpen
                0x00082cd0       0x24 xcp_drv_rtiostream.o
                0x00082cd0                xcpDrvOpen
 .text.xcpDrvIoctl
                0x00082cf4       0x14 xcp_drv_rtiostream.o
                0x00082cf4                xcpDrvIoctl
 .text.xcpDrvSend
                0x00082d08       0x9c xcp_drv_rtiostream.o
                0x00082d08                xcpDrvSend
 .text.xcpDrvRecv
                0x00082da4       0x9c xcp_drv_rtiostream.o
                0x00082da4                xcpDrvRecv
 .text.xcpDrvClose
                0x00082e40       0x28 xcp_drv_rtiostream.o
                0x00082e40                xcpDrvClose
 .text.xcpSxiChecksum
                0x00082e68       0x1a xcp_frame_serial.o
                0x00082e68                xcpSxiChecksum
 *fill*         0x00082e82        0x2 
 .text.xcpFrameInit
                0x00082e84       0x38 xcp_frame_serial.o
                0x00082e84                xcpFrameInit
 .text.xcpFrameMsgSend
                0x00082ebc       0x98 xcp_frame_serial.o
                0x00082ebc                xcpFrameMsgSend
 .text.xcpFrameMsgRecv
                0x00082f54       0xb4 xcp_frame_serial.o
                0x00082f54                xcpFrameMsgRecv
 .text.xcpFrameCreateMsg
                0x00083008       0x1c xcp_frame_serial.o
                0x00083008                xcpFrameCreateMsg
 .text.xcpFrameExtractPacket
                0x00083024       0x80 xcp_frame_serial.o
                0x00083024                xcpFrameExtractPacket
 .text.xcpFrameHeaderSize
                0x000830a4        0x4 xcp_frame_serial.o
                0x000830a4                xcpFrameHeaderSize
 .text.xcpFrameTailSize
                0x000830a8        0x4 xcp_frame_serial.o
                0x000830a8                xcpFrameTailSize
 .text.xcpFrameMaxDtoSize
                0x000830ac        0x6 xcp_frame_serial.o
                0x000830ac                xcpFrameMaxDtoSize
 .text.xcpFrameMaxCtoSize
                0x000830b2        0x4 xcp_frame_serial.o
                0x000830b2                xcpFrameMaxCtoSize
 *fill*         0x000830b6        0x2 
 .text.xcpFrameRestart
                0x000830b8       0x1c xcp_frame_serial.o
                0x000830b8                xcpFrameRestart
 .text.xcpFrameSetCtoReservedMemPoolId
                0x000830d4        0xc xcp_frame_serial.o
                0x000830d4                xcpFrameSetCtoReservedMemPoolId
 .text.xcpFrameReset
                0x000830e0       0x30 xcp_frame_serial.o
                0x000830e0                xcpFrameReset
 .text.xcpTransportGetInitParameters
                0x00083110        0xc xcp_ext_param_default_serial.o
                0x00083110                xcpTransportGetInitParameters
 .text.xcpGetInitParameters
                0x0008311c        0xc xcp_ext_param_default_serial.o
                0x0008311c                xcpGetInitParameters
 .text.ai8      0x00083128       0x3c readEncDUEpin8_9_wrapper.o
                0x00083128                ai8
 .text.ai9      0x00083164       0x3c readEncDUEpin8_9_wrapper.o
                0x00083164                ai9
 .text.readEncDUEpin8_9_Start_wrapper
                0x000831a0       0x4c readEncDUEpin8_9_wrapper.o
                0x000831a0                readEncDUEpin8_9_Start_wrapper
 .text.readEncDUEpin8_9_Outputs_wrapper
                0x000831ec        0xc readEncDUEpin8_9_wrapper.o
                0x000831ec                readEncDUEpin8_9_Outputs_wrapper
 .text.readEncDUEpin8_9_Update_wrapper
                0x000831f8        0x2 readEncDUEpin8_9_wrapper.o
                0x000831f8                readEncDUEpin8_9_Update_wrapper
 .text.__halt   0x000831fa        0x2 arm_m3_cortex_handler.o
                0x000831fa                DACC_Handler
                0x000831fa                DebugMon_Handler
                0x000831fa                DMAC_Handler
                0x000831fa                TRNG_Handler
                0x000831fa                HardFault_Handler
                0x000831fa                TC2_Handler
                0x000831fa                TWI1_Handler
                0x000831fa                NMI_Handler
                0x000831fa                TC7_Handler
                0x000831fa                ADC_Handler
                0x000831fa                SMC_Handler
                0x000831fa                RTT_Handler
                0x000831fa                EFC1_Handler
                0x000831fa                RTC_Handler
                0x000831fa                UsageFault_Handler
                0x000831fa                TC6_Handler
                0x000831fa                WDT_Handler
                0x000831fa                CAN0_Handler
                0x000831fa                TC4_Handler
                0x000831fa                TC1_Handler
                0x000831fa                HSMCI_Handler
                0x000831fa                TC3_Handler
                0x000831fa                TWI0_Handler
                0x000831fa                SSC_Handler
                0x000831fa                EFC0_Handler
                0x000831fa                PMC_Handler
                0x000831fa                PWM_Handler
                0x000831fa                CAN1_Handler
                0x000831fa                MemManage_Handler
                0x000831fa                SUPC_Handler
                0x000831fa                USART2_Handler
                0x000831fa                EMAC_Handler
                0x000831fa                BusFault_Handler
                0x000831fa                RSTC_Handler
                0x000831fa                TC0_Handler
                0x000831fa                TC5_Handler
                0x000831fa                SPI0_Handler
 .text.SysTick_Handler
                0x000831fc       0x16 arm_m3_cortex_handler.o
                0x000831fc                SysTick_Handler
 .text.MW_Arduino_Init
                0x00083212       0x14 MW_ArduinoHWInit.o
                0x00083212                MW_Arduino_Init
 .text.MW_Arduino_Terminate
                0x00083226        0x2 MW_ArduinoHWInit.o
                0x00083226                MW_Arduino_Terminate
 .text.Serial_begin
                0x00083228       0x34 io_wrappers.o
                0x00083228                Serial_begin
 .text._ZL13Scheduler_Isrv
                0x0008325c       0x14 arduinoARMScheduler.o
 .text.TC8_Handler
                0x00083270       0x20 arduinoARMScheduler.o
                0x00083270                TC8_Handler
 .text.Setup_SchedulerTimer
                0x00083290       0x84 arduinoARMScheduler.o
                0x00083290                Setup_SchedulerTimer
 .text.configureArduinoARMTimer
                0x00083314       0x3c arduinoARMScheduler.o
                0x00083314                configureArduinoARMTimer
 .text.disable_rt_OneStep
                0x00083350       0x14 arduinoARMScheduler.o
                0x00083350                disable_rt_OneStep
 .text.MW_Arduino_Loop
                0x00083364        0x4 arduinoARMScheduler.o
                0x00083364                MW_Arduino_Loop
 .text.PendSV_Handler
                0x00083368       0x3c m3m4m4f_multitasking.o
                0x00083368                PendSV_Handler
 .text.SVC_Handler
                0x000833a4       0x4c m3m4m4f_multitasking.o
                0x000833a4                SVC_Handler
 .text.rtIOStreamResync
                0x000833f0        0xc rtiostream_serial_daemon.o
                0x000833f0                rtIOStreamResync
 .text.rtIOStreamSend
                0x000833fc       0x1c rtiostream_serial_daemon.o
                0x000833fc                rtIOStreamSend
 .text.rtIOStreamClose
                0x00083418        0xe rtiostream_serial_daemon.o
                0x00083418                rtIOStreamClose
 *fill*         0x00083426        0x2 
 .text.rtIOStreamOpen
                0x00083428       0x24 rtiostream_serial_daemon.o
                0x00083428                rtIOStreamOpen
 .text.rtIOStreamRecv
                0x0008344c       0x5c rtiostream_serial_daemon.o
                0x0008344c                rtIOStreamRecv
 .text.sys_arch_protect
                0x000834a8        0x8 sys_arch.o
                0x000834a8                sys_arch_protect
 .text.sys_arch_unprotect
                0x000834b0        0x6 sys_arch.o
                0x000834b0                sys_arch_unprotect
 *fill*         0x000834b6        0x2 
 .text.rt_OneStep
                0x000834b8       0x30 ert_main.o
                0x000834b8                rt_OneStep
 .text.startup.main
                0x000834e8       0xec ert_main.o
                0x000834e8                main
 .text.__empty  0x000835d4        0x2 C:/Users/DCLab/DOCUME~1/MATLAB/R2021b/ARDUIN~1/ARDUIN~2/FASTER~1/libcore.a(hooks.o)
                0x000835d4                yield
 .text.__false  0x000835d6        0x4 C:/Users/DCLab/DOCUME~1/MATLAB/R2021b/ARDUIN~1/ARDUIN~2/FASTER~1/libcore.a(hooks.o)
                0x000835d6                sysTickHook
 *fill*         0x000835da        0x2 
 .text._sbrk    0x000835dc       0x1c C:/Users/DCLab/DOCUME~1/MATLAB/R2021b/ARDUIN~1/ARDUIN~2/FASTER~1/libcore.a(syscalls_sam3.o)
                0x000835dc                _sbrk
 .text.link     0x000835f8        0x6 C:/Users/DCLab/DOCUME~1/MATLAB/R2021b/ARDUIN~1/ARDUIN~2/FASTER~1/libcore.a(syscalls_sam3.o)
                0x000835f8                link
 .text._close   0x000835fe        0x6 C:/Users/DCLab/DOCUME~1/MATLAB/R2021b/ARDUIN~1/ARDUIN~2/FASTER~1/libcore.a(syscalls_sam3.o)
                0x000835fe                _close
 .text._fstat   0x00083604        0xa C:/Users/DCLab/DOCUME~1/MATLAB/R2021b/ARDUIN~1/ARDUIN~2/FASTER~1/libcore.a(syscalls_sam3.o)
                0x00083604                _fstat
 .text._isatty  0x0008360e        0x4 C:/Users/DCLab/DOCUME~1/MATLAB/R2021b/ARDUIN~1/ARDUIN~2/FASTER~1/libcore.a(syscalls_sam3.o)
                0x0008360e                _isatty
 .text._lseek   0x00083612        0x4 C:/Users/DCLab/DOCUME~1/MATLAB/R2021b/ARDUIN~1/ARDUIN~2/FASTER~1/libcore.a(syscalls_sam3.o)
                0x00083612                _lseek
 .text._read    0x00083616        0x4 C:/Users/DCLab/DOCUME~1/MATLAB/R2021b/ARDUIN~1/ARDUIN~2/FASTER~1/libcore.a(syscalls_sam3.o)
                0x00083616                _read
 *fill*         0x0008361a        0x2 
 .text._write   0x0008361c       0x24 C:/Users/DCLab/DOCUME~1/MATLAB/R2021b/ARDUIN~1/ARDUIN~2/FASTER~1/libcore.a(syscalls_sam3.o)
                0x0008361c                _write
 .text._exit    0x00083640        0x2 C:/Users/DCLab/DOCUME~1/MATLAB/R2021b/ARDUIN~1/ARDUIN~2/FASTER~1/libcore.a(syscalls_sam3.o)
                0x00083640                _exit
 .text._kill    0x00083642        0x2 C:/Users/DCLab/DOCUME~1/MATLAB/R2021b/ARDUIN~1/ARDUIN~2/FASTER~1/libcore.a(syscalls_sam3.o)
                0x00083642                _kill
 .text._getpid  0x00083644        0x6 C:/Users/DCLab/DOCUME~1/MATLAB/R2021b/ARDUIN~1/ARDUIN~2/FASTER~1/libcore.a(syscalls_sam3.o)
                0x00083644                _getpid
 *fill*         0x0008364a        0x2 
 .text.attachInterrupt
                0x0008364c      0x148 C:/Users/DCLab/DOCUME~1/MATLAB/R2021b/ARDUIN~1/ARDUIN~2/FASTER~1/libcore.a(WInterrupts.o)
                0x0008364c                attachInterrupt
 .text.PIOA_Handler
                0x00083794       0x38 C:/Users/DCLab/DOCUME~1/MATLAB/R2021b/ARDUIN~1/ARDUIN~2/FASTER~1/libcore.a(WInterrupts.o)
                0x00083794                PIOA_Handler
 .text.PIOB_Handler
                0x000837cc       0x38 C:/Users/DCLab/DOCUME~1/MATLAB/R2021b/ARDUIN~1/ARDUIN~2/FASTER~1/libcore.a(WInterrupts.o)
                0x000837cc                PIOB_Handler
 .text.PIOC_Handler
                0x00083804       0x38 C:/Users/DCLab/DOCUME~1/MATLAB/R2021b/ARDUIN~1/ARDUIN~2/FASTER~1/libcore.a(WInterrupts.o)
                0x00083804                PIOC_Handler
 .text.PIOD_Handler
                0x0008383c       0x38 C:/Users/DCLab/DOCUME~1/MATLAB/R2021b/ARDUIN~1/ARDUIN~2/FASTER~1/libcore.a(WInterrupts.o)
                0x0008383c                PIOD_Handler
 .text.delay    0x00083874       0x1c C:/Users/DCLab/DOCUME~1/MATLAB/R2021b/ARDUIN~1/ARDUIN~2/FASTER~1/libcore.a(wiring.o)
                0x00083874                delay
 .text.mapResolution
                0x00083890       0x12 C:/Users/DCLab/DOCUME~1/MATLAB/R2021b/ARDUIN~1/ARDUIN~2/FASTER~1/libcore.a(wiring_analog.o)
 .text.analogOutputInit
                0x000838a2        0x2 C:/Users/DCLab/DOCUME~1/MATLAB/R2021b/ARDUIN~1/ARDUIN~2/FASTER~1/libcore.a(wiring_analog.o)
                0x000838a2                analogOutputInit
 .text.analogWrite
                0x000838a4      0x2c0 C:/Users/DCLab/DOCUME~1/MATLAB/R2021b/ARDUIN~1/ARDUIN~2/FASTER~1/libcore.a(wiring_analog.o)
                0x000838a4                analogWrite
 .text.pinMode  0x00083b64      0x108 C:/Users/DCLab/DOCUME~1/MATLAB/R2021b/ARDUIN~1/ARDUIN~2/FASTER~1/libcore.a(wiring_digital.o)
                0x00083b64                pinMode
 .text.digitalWrite
                0x00083c6c       0x70 C:/Users/DCLab/DOCUME~1/MATLAB/R2021b/ARDUIN~1/ARDUIN~2/FASTER~1/libcore.a(wiring_digital.o)
                0x00083c6c                digitalWrite
 .text.digitalRead
                0x00083cdc       0x44 C:/Users/DCLab/DOCUME~1/MATLAB/R2021b/ARDUIN~1/ARDUIN~2/FASTER~1/libcore.a(wiring_digital.o)
                0x00083cdc                digitalRead
 .text.tickReset
                0x00083d20       0x20 C:/Users/DCLab/DOCUME~1/MATLAB/R2021b/ARDUIN~1/ARDUIN~2/FASTER~1/libcore.a(Reset.o)
                0x00083d20                tickReset
 .text._ZN9UARTClasscvbEv
                0x00083d40        0x4 C:/Users/DCLab/DOCUME~1/MATLAB/R2021b/ARDUIN~1/ARDUIN~2/FASTER~1/libcore.a(UARTClass.o)
                0x00083d40                UARTClass::operator bool()
 .text._ZN9UARTClass9availableEv
                0x00083d44       0x12 C:/Users/DCLab/DOCUME~1/MATLAB/R2021b/ARDUIN~1/ARDUIN~2/FASTER~1/libcore.a(UARTClass.o)
                0x00083d44                UARTClass::available()
 .text._ZN9UARTClass4peekEv
                0x00083d56       0x1c C:/Users/DCLab/DOCUME~1/MATLAB/R2021b/ARDUIN~1/ARDUIN~2/FASTER~1/libcore.a(UARTClass.o)
                0x00083d56                UARTClass::peek()
 .text._ZN9UARTClass4readEv
                0x00083d72       0x2a C:/Users/DCLab/DOCUME~1/MATLAB/R2021b/ARDUIN~1/ARDUIN~2/FASTER~1/libcore.a(UARTClass.o)
                0x00083d72                UARTClass::read()
 .text._ZN9UARTClass5flushEv
                0x00083d9c       0x18 C:/Users/DCLab/DOCUME~1/MATLAB/R2021b/ARDUIN~1/ARDUIN~2/FASTER~1/libcore.a(UARTClass.o)
                0x00083d9c                UARTClass::flush()
 .text._ZN9UARTClass5writeEh
                0x00083db4       0x54 C:/Users/DCLab/DOCUME~1/MATLAB/R2021b/ARDUIN~1/ARDUIN~2/FASTER~1/libcore.a(UARTClass.o)
                0x00083db4                UARTClass::write(unsigned char)
 .text._ZN9UARTClass3endEv
                0x00083e08       0x3c C:/Users/DCLab/DOCUME~1/MATLAB/R2021b/ARDUIN~1/ARDUIN~2/FASTER~1/libcore.a(UARTClass.o)
                0x00083e08                UARTClass::end()
 .text._ZN9UARTClassC2EP4Uart4IRQnmP10RingBufferS4_
                0x00083e44       0x24 C:/Users/DCLab/DOCUME~1/MATLAB/R2021b/ARDUIN~1/ARDUIN~2/FASTER~1/libcore.a(UARTClass.o)
                0x00083e44                UARTClass::UARTClass(Uart*, IRQn, unsigned long, RingBuffer*, RingBuffer*)
                0x00083e44                UARTClass::UARTClass(Uart*, IRQn, unsigned long, RingBuffer*, RingBuffer*)
 .text._ZN9UARTClass4initEmm
                0x00083e68       0x70 C:/Users/DCLab/DOCUME~1/MATLAB/R2021b/ARDUIN~1/ARDUIN~2/FASTER~1/libcore.a(UARTClass.o)
                0x00083e68                UARTClass::init(unsigned long, unsigned long)
 .text._ZN9UARTClass5beginEm
                0x00083ed8        0x8 C:/Users/DCLab/DOCUME~1/MATLAB/R2021b/ARDUIN~1/ARDUIN~2/FASTER~1/libcore.a(UARTClass.o)
                0x00083ed8                UARTClass::begin(unsigned long)
 .text._ZN9UARTClass10IrqHandlerEv
                0x00083ee0       0x5a C:/Users/DCLab/DOCUME~1/MATLAB/R2021b/ARDUIN~1/ARDUIN~2/FASTER~1/libcore.a(UARTClass.o)
                0x00083ee0                UARTClass::IrqHandler()
 .text._ZN10USARTClass5beginEm
                0x00083f3a        0x8 C:/Users/DCLab/DOCUME~1/MATLAB/R2021b/ARDUIN~1/ARDUIN~2/FASTER~1/libcore.a(USARTClass.o)
                0x00083f3a                USARTClass::begin(unsigned long)
 *fill*         0x00083f42        0x2 
 .text._ZN10USARTClassC2EP5Usart4IRQnmP10RingBufferS4_
                0x00083f44       0x24 C:/Users/DCLab/DOCUME~1/MATLAB/R2021b/ARDUIN~1/ARDUIN~2/FASTER~1/libcore.a(USARTClass.o)
                0x00083f44                USARTClass::USARTClass(Usart*, IRQn, unsigned long, RingBuffer*, RingBuffer*)
                0x00083f44                USARTClass::USARTClass(Usart*, IRQn, unsigned long, RingBuffer*, RingBuffer*)
 .text._Z15watchdogDisablev
                0x00083f68        0xc C:/Users/DCLab/DOCUME~1/MATLAB/R2021b/ARDUIN~1/ARDUIN~2/FASTER~1/libcore.a(watchdog.o)
                0x00083f68                watchdogDisable()
 .text.UART_Handler
                0x00083f74        0xc C:/Users/DCLab/DOCUME~1/MATLAB/R2021b/ARDUIN~1/ARDUIN~2/FASTER~1/libcore.a(variant.o)
                0x00083f74                UART_Handler
 .text.USART0_Handler
                0x00083f80        0xc C:/Users/DCLab/DOCUME~1/MATLAB/R2021b/ARDUIN~1/ARDUIN~2/FASTER~1/libcore.a(variant.o)
                0x00083f80                USART0_Handler
 .text.USART1_Handler
                0x00083f8c        0xc C:/Users/DCLab/DOCUME~1/MATLAB/R2021b/ARDUIN~1/ARDUIN~2/FASTER~1/libcore.a(variant.o)
                0x00083f8c                USART1_Handler
 .text.USART3_Handler
                0x00083f98        0xc C:/Users/DCLab/DOCUME~1/MATLAB/R2021b/ARDUIN~1/ARDUIN~2/FASTER~1/libcore.a(variant.o)
                0x00083f98                USART3_Handler
 .text.init     0x00083fa4      0x128 C:/Users/DCLab/DOCUME~1/MATLAB/R2021b/ARDUIN~1/ARDUIN~2/FASTER~1/libcore.a(variant.o)
                0x00083fa4                init
 .text.startup._GLOBAL__sub_I_g_APinDescription
                0x000840cc       0xd4 C:/Users/DCLab/DOCUME~1/MATLAB/R2021b/ARDUIN~1/ARDUIN~2/FASTER~1/libcore.a(variant.o)
 .text._ZN5Print5writeEPKhj
                0x000841a0       0x22 C:/Users/DCLab/DOCUME~1/MATLAB/R2021b/ARDUIN~1/ARDUIN~2/FASTER~1/libcore.a(Print.o)
                0x000841a0                Print::write(unsigned char const*, unsigned int)
 .text._ZN10RingBufferC2Ev
                0x000841c2       0x1a C:/Users/DCLab/DOCUME~1/MATLAB/R2021b/ARDUIN~1/ARDUIN~2/FASTER~1/libcore.a(RingBuffer.o)
                0x000841c2                RingBuffer::RingBuffer()
                0x000841c2                RingBuffer::RingBuffer()
 .text._ZN10RingBuffer10store_charEh
                0x000841dc       0x1e C:/Users/DCLab/DOCUME~1/MATLAB/R2021b/ARDUIN~1/ARDUIN~2/FASTER~1/libcore.a(RingBuffer.o)
                0x000841dc                RingBuffer::store_char(unsigned char)
 .text.PIO_PullUp
                0x000841fa        0xa C:/ProgramData/MATLAB/SupportPackages/R2021b/aIDE/portable/packages/arduino/hardware/sam/1.6.12/variants/arduino_due_x/libsam_sam3x8e_gcc_rel.a(pio.o)
                0x000841fa                PIO_PullUp
 .text.PIO_Get  0x00084204       0x14 C:/ProgramData/MATLAB/SupportPackages/R2021b/aIDE/portable/packages/arduino/hardware/sam/1.6.12/variants/arduino_due_x/libsam_sam3x8e_gcc_rel.a(pio.o)
                0x00084204                PIO_Get
 .text.PIO_SetPeripheral
                0x00084218       0x26 C:/ProgramData/MATLAB/SupportPackages/R2021b/aIDE/portable/packages/arduino/hardware/sam/1.6.12/variants/arduino_due_x/libsam_sam3x8e_gcc_rel.a(pio.o)
                0x00084218                PIO_SetPeripheral
 .text.PIO_SetInput
                0x0008423e       0x26 C:/ProgramData/MATLAB/SupportPackages/R2021b/aIDE/portable/packages/arduino/hardware/sam/1.6.12/variants/arduino_due_x/libsam_sam3x8e_gcc_rel.a(pio.o)
                0x0008423e                PIO_SetInput
 .text.PIO_SetOutput
                0x00084264       0x24 C:/ProgramData/MATLAB/SupportPackages/R2021b/aIDE/portable/packages/arduino/hardware/sam/1.6.12/variants/arduino_due_x/libsam_sam3x8e_gcc_rel.a(pio.o)
                0x00084264                PIO_SetOutput
 .text.PIO_Configure
                0x00084288       0x64 C:/ProgramData/MATLAB/SupportPackages/R2021b/aIDE/portable/packages/arduino/hardware/sam/1.6.12/variants/arduino_due_x/libsam_sam3x8e_gcc_rel.a(pio.o)
                0x00084288                PIO_Configure
 .text.PIO_GetOutputDataStatus
                0x000842ec       0x14 C:/ProgramData/MATLAB/SupportPackages/R2021b/aIDE/portable/packages/arduino/hardware/sam/1.6.12/variants/arduino_due_x/libsam_sam3x8e_gcc_rel.a(pio.o)
                0x000842ec                PIO_GetOutputDataStatus
 .text.pmc_enable_periph_clk
                0x00084300       0x44 C:/ProgramData/MATLAB/SupportPackages/R2021b/aIDE/portable/packages/arduino/hardware/sam/1.6.12/variants/arduino_due_x/libsam_sam3x8e_gcc_rel.a(pmc.o)
                0x00084300                pmc_enable_periph_clk
 .text.pmc_disable_periph_clk
                0x00084344       0x40 C:/ProgramData/MATLAB/SupportPackages/R2021b/aIDE/portable/packages/arduino/hardware/sam/1.6.12/variants/arduino_due_x/libsam_sam3x8e_gcc_rel.a(pmc.o)
                0x00084344                pmc_disable_periph_clk
 .text.pmc_set_writeprotect
                0x00084384       0x1c C:/ProgramData/MATLAB/SupportPackages/R2021b/aIDE/portable/packages/arduino/hardware/sam/1.6.12/variants/arduino_due_x/libsam_sam3x8e_gcc_rel.a(pmc.o)
                0x00084384                pmc_set_writeprotect
 .text.FindClockConfiguration
                0x000843a0       0x7c C:/ProgramData/MATLAB/SupportPackages/R2021b/aIDE/portable/packages/arduino/hardware/sam/1.6.12/variants/arduino_due_x/libsam_sam3x8e_gcc_rel.a(pwmc.o)
 .text.PWMC_ConfigureChannel
                0x0008441c       0x60 C:/ProgramData/MATLAB/SupportPackages/R2021b/aIDE/portable/packages/arduino/hardware/sam/1.6.12/variants/arduino_due_x/libsam_sam3x8e_gcc_rel.a(pwmc.o)
                0x0008441c                PWMC_ConfigureChannel
 .text.PWMC_ConfigureClocks
                0x0008447c       0x54 C:/ProgramData/MATLAB/SupportPackages/R2021b/aIDE/portable/packages/arduino/hardware/sam/1.6.12/variants/arduino_due_x/libsam_sam3x8e_gcc_rel.a(pwmc.o)
                0x0008447c                PWMC_ConfigureClocks
 .text.PWMC_SetPeriod
                0x000844d0       0x1a C:/ProgramData/MATLAB/SupportPackages/R2021b/aIDE/portable/packages/arduino/hardware/sam/1.6.12/variants/arduino_due_x/libsam_sam3x8e_gcc_rel.a(pwmc.o)
                0x000844d0                PWMC_SetPeriod
 *fill*         0x000844ea        0x2 
 .text.PWMC_SetDutyCycle
                0x000844ec       0x44 C:/ProgramData/MATLAB/SupportPackages/R2021b/aIDE/portable/packages/arduino/hardware/sam/1.6.12/variants/arduino_due_x/libsam_sam3x8e_gcc_rel.a(pwmc.o)
                0x000844ec                PWMC_SetDutyCycle
 .text.PWMC_EnableChannel
                0x00084530        0xa C:/ProgramData/MATLAB/SupportPackages/R2021b/aIDE/portable/packages/arduino/hardware/sam/1.6.12/variants/arduino_due_x/libsam_sam3x8e_gcc_rel.a(pwmc.o)
                0x00084530                PWMC_EnableChannel
 *fill*         0x0008453a        0x2 
 .text.TC_Configure
                0x0008453c       0x38 C:/ProgramData/MATLAB/SupportPackages/R2021b/aIDE/portable/packages/arduino/hardware/sam/1.6.12/variants/arduino_due_x/libsam_sam3x8e_gcc_rel.a(tc.o)
                0x0008453c                TC_Configure
 .text.TC_Start
                0x00084574       0x2c C:/ProgramData/MATLAB/SupportPackages/R2021b/aIDE/portable/packages/arduino/hardware/sam/1.6.12/variants/arduino_due_x/libsam_sam3x8e_gcc_rel.a(tc.o)
                0x00084574                TC_Start
 .text.TC_GetStatus
                0x000845a0        0x8 C:/ProgramData/MATLAB/SupportPackages/R2021b/aIDE/portable/packages/arduino/hardware/sam/1.6.12/variants/arduino_due_x/libsam_sam3x8e_gcc_rel.a(tc.o)
                0x000845a0                TC_GetStatus
 .text.TC_SetRA
                0x000845a8        0x8 C:/ProgramData/MATLAB/SupportPackages/R2021b/aIDE/portable/packages/arduino/hardware/sam/1.6.12/variants/arduino_due_x/libsam_sam3x8e_gcc_rel.a(tc.o)
                0x000845a8                TC_SetRA
 .text.TC_SetRB
                0x000845b0        0x8 C:/ProgramData/MATLAB/SupportPackages/R2021b/aIDE/portable/packages/arduino/hardware/sam/1.6.12/variants/arduino_due_x/libsam_sam3x8e_gcc_rel.a(tc.o)
                0x000845b0                TC_SetRB
 .text.TC_SetRC
                0x000845b8        0x8 C:/ProgramData/MATLAB/SupportPackages/R2021b/aIDE/portable/packages/arduino/hardware/sam/1.6.12/variants/arduino_due_x/libsam_sam3x8e_gcc_rel.a(tc.o)
                0x000845b8                TC_SetRC
 .text.TimeTick_Increment
                0x000845c0       0x10 C:/ProgramData/MATLAB/SupportPackages/R2021b/aIDE/portable/packages/arduino/hardware/sam/1.6.12/variants/arduino_due_x/libsam_sam3x8e_gcc_rel.a(timetick.o)
                0x000845c0                TimeTick_Increment
 .text.GetTickCount
                0x000845d0        0xc C:/ProgramData/MATLAB/SupportPackages/R2021b/aIDE/portable/packages/arduino/hardware/sam/1.6.12/variants/arduino_due_x/libsam_sam3x8e_gcc_rel.a(timetick.o)
                0x000845d0                GetTickCount
 .text.WDT_Disable
                0x000845dc        0x8 C:/ProgramData/MATLAB/SupportPackages/R2021b/aIDE/portable/packages/arduino/hardware/sam/1.6.12/variants/arduino_due_x/libsam_sam3x8e_gcc_rel.a(wdt.o)
                0x000845dc                WDT_Disable
 .text.SystemInit
                0x000845e4       0x88 C:/ProgramData/MATLAB/SupportPackages/R2021b/aIDE/portable/packages/arduino/hardware/sam/1.6.12/variants/arduino_due_x/libsam_sam3x8e_gcc_rel.a(system_sam3xa.o)
                0x000845e4                SystemInit
 .text.adc_init
                0x0008466c       0x98 C:/ProgramData/MATLAB/SupportPackages/R2021b/aIDE/portable/packages/arduino/hardware/sam/1.6.12/variants/arduino_due_x/libsam_sam3x8e_gcc_rel.a(adc.o)
                0x0008466c                adc_init
 .text.adc_configure_trigger
                0x00084704        0xe C:/ProgramData/MATLAB/SupportPackages/R2021b/aIDE/portable/packages/arduino/hardware/sam/1.6.12/variants/arduino_due_x/libsam_sam3x8e_gcc_rel.a(adc.o)
                0x00084704                adc_configure_trigger
 .text.adc_configure_timing
                0x00084712       0x1a C:/ProgramData/MATLAB/SupportPackages/R2021b/aIDE/portable/packages/arduino/hardware/sam/1.6.12/variants/arduino_due_x/libsam_sam3x8e_gcc_rel.a(adc.o)
                0x00084712                adc_configure_timing
 .text.adc_disable_channel
                0x0008472c        0xa C:/ProgramData/MATLAB/SupportPackages/R2021b/aIDE/portable/packages/arduino/hardware/sam/1.6.12/variants/arduino_due_x/libsam_sam3x8e_gcc_rel.a(adc.o)
                0x0008472c                adc_disable_channel
 .text.adc_disable_all_channel
                0x00084736        0x8 C:/ProgramData/MATLAB/SupportPackages/R2021b/aIDE/portable/packages/arduino/hardware/sam/1.6.12/variants/arduino_due_x/libsam_sam3x8e_gcc_rel.a(adc.o)
                0x00084736                adc_disable_all_channel
 .text.adc_disable_interrupt
                0x0008473e        0x4 C:/ProgramData/MATLAB/SupportPackages/R2021b/aIDE/portable/packages/arduino/hardware/sam/1.6.12/variants/arduino_due_x/libsam_sam3x8e_gcc_rel.a(adc.o)
                0x0008473e                adc_disable_interrupt
 .text.dacc_reset
                0x00084742        0x6 C:/ProgramData/MATLAB/SupportPackages/R2021b/aIDE/portable/packages/arduino/hardware/sam/1.6.12/variants/arduino_due_x/libsam_sam3x8e_gcc_rel.a(dacc.o)
                0x00084742                dacc_reset
 .text.dacc_set_transfer_mode
                0x00084748       0x14 C:/ProgramData/MATLAB/SupportPackages/R2021b/aIDE/portable/packages/arduino/hardware/sam/1.6.12/variants/arduino_due_x/libsam_sam3x8e_gcc_rel.a(dacc.o)
                0x00084748                dacc_set_transfer_mode
 .text.dacc_get_interrupt_status
                0x0008475c        0x4 C:/ProgramData/MATLAB/SupportPackages/R2021b/aIDE/portable/packages/arduino/hardware/sam/1.6.12/variants/arduino_due_x/libsam_sam3x8e_gcc_rel.a(dacc.o)
                0x0008475c                dacc_get_interrupt_status
 .text.dacc_write_conversion_data
                0x00084760        0x4 C:/ProgramData/MATLAB/SupportPackages/R2021b/aIDE/portable/packages/arduino/hardware/sam/1.6.12/variants/arduino_due_x/libsam_sam3x8e_gcc_rel.a(dacc.o)
                0x00084760                dacc_write_conversion_data
 .text.dacc_set_channel_selection
                0x00084764       0x18 C:/ProgramData/MATLAB/SupportPackages/R2021b/aIDE/portable/packages/arduino/hardware/sam/1.6.12/variants/arduino_due_x/libsam_sam3x8e_gcc_rel.a(dacc.o)
                0x00084764                dacc_set_channel_selection
 .text.dacc_set_power_save
                0x0008477c       0x24 C:/ProgramData/MATLAB/SupportPackages/R2021b/aIDE/portable/packages/arduino/hardware/sam/1.6.12/variants/arduino_due_x/libsam_sam3x8e_gcc_rel.a(dacc.o)
                0x0008477c                dacc_set_power_save
 .text.dacc_set_timing
                0x000847a0       0x2c C:/ProgramData/MATLAB/SupportPackages/R2021b/aIDE/portable/packages/arduino/hardware/sam/1.6.12/variants/arduino_due_x/libsam_sam3x8e_gcc_rel.a(dacc.o)
                0x000847a0                dacc_set_timing
 .text.dacc_enable_channel
                0x000847cc       0x12 C:/ProgramData/MATLAB/SupportPackages/R2021b/aIDE/portable/packages/arduino/hardware/sam/1.6.12/variants/arduino_due_x/libsam_sam3x8e_gcc_rel.a(dacc.o)
                0x000847cc                dacc_enable_channel
 .text.dacc_get_channel_status
                0x000847de        0x4 C:/ProgramData/MATLAB/SupportPackages/R2021b/aIDE/portable/packages/arduino/hardware/sam/1.6.12/variants/arduino_due_x/libsam_sam3x8e_gcc_rel.a(dacc.o)
                0x000847de                dacc_get_channel_status
 .text.dacc_set_analog_control
                0x000847e2        0x8 C:/ProgramData/MATLAB/SupportPackages/R2021b/aIDE/portable/packages/arduino/hardware/sam/1.6.12/variants/arduino_due_x/libsam_sam3x8e_gcc_rel.a(dacc.o)
                0x000847e2                dacc_set_analog_control
 *fill*         0x000847ea        0x2 
 .text.__fpclassifyd
                0x000847ec       0x50 c:/programdata/matlab/supportpackages/r2021b/aide/portable/packages/arduino/tools/arm-none-eabi-gcc/4.8.3-2014q1/bin/../lib/gcc/arm-none-eabi/4.8.3/../../../../arm-none-eabi/lib/armv7-m\libm.a(lib_a-s_fpclassify.o)
                0x000847ec                __fpclassifyd
 .text.fmod     0x0008483c       0xb4 c:/programdata/matlab/supportpackages/r2021b/aide/portable/packages/arduino/tools/arm-none-eabi-gcc/4.8.3-2014q1/bin/../lib/gcc/arm-none-eabi/4.8.3/../../../../arm-none-eabi/lib/armv7-m\libm.a(lib_a-w_fmod.o)
                0x0008483c                fmod
 .text.__ieee754_fmod
                0x000848f0      0x278 c:/programdata/matlab/supportpackages/r2021b/aide/portable/packages/arduino/tools/arm-none-eabi-gcc/4.8.3-2014q1/bin/../lib/gcc/arm-none-eabi/4.8.3/../../../../arm-none-eabi/lib/armv7-m\libm.a(lib_a-e_fmod.o)
                0x000848f0                __ieee754_fmod
 .text.matherr  0x00084b68        0x4 c:/programdata/matlab/supportpackages/r2021b/aide/portable/packages/arduino/tools/arm-none-eabi-gcc/4.8.3-2014q1/bin/../lib/gcc/arm-none-eabi/4.8.3/../../../../arm-none-eabi/lib/armv7-m\libm.a(lib_a-s_matherr.o)
                0x00084b68                matherr
 .text          0x00084b6c      0x370 c:/programdata/matlab/supportpackages/r2021b/aide/portable/packages/arduino/tools/arm-none-eabi-gcc/4.8.3-2014q1/bin/../lib/gcc/arm-none-eabi/4.8.3/armv7-m\libgcc.a(_arm_addsubdf3.o)
                0x00084b6c                __aeabi_drsub
                0x00084b74                __aeabi_dsub
                0x00084b74                __subdf3
                0x00084b78                __aeabi_dadd
                0x00084b78                __adddf3
                0x00084df0                __floatunsidf
                0x00084df0                __aeabi_ui2d
                0x00084e10                __floatsidf
                0x00084e10                __aeabi_i2d
                0x00084e34                __aeabi_f2d
                0x00084e34                __extendsfdf2
                0x00084e70                __floatundidf
                0x00084e70                __aeabi_ul2d
                0x00084e80                __floatdidf
                0x00084e80                __aeabi_l2d
 .text          0x00084edc      0x424 c:/programdata/matlab/supportpackages/r2021b/aide/portable/packages/arduino/tools/arm-none-eabi-gcc/4.8.3-2014q1/bin/../lib/gcc/arm-none-eabi/4.8.3/armv7-m\libgcc.a(_arm_muldivdf3.o)
                0x00084edc                __aeabi_dmul
                0x00084edc                __muldf3
                0x00085130                __divdf3
                0x00085130                __aeabi_ddiv
 .text          0x00085300      0x110 c:/programdata/matlab/supportpackages/r2021b/aide/portable/packages/arduino/tools/arm-none-eabi-gcc/4.8.3-2014q1/bin/../lib/gcc/arm-none-eabi/4.8.3/armv7-m\libgcc.a(_arm_cmpdf2.o)
                0x00085300                __gtdf2
                0x00085300                __gedf2
                0x00085308                __ltdf2
                0x00085308                __ledf2
                0x00085310                __nedf2
                0x00085310                __eqdf2
                0x00085310                __cmpdf2
                0x0008538c                __aeabi_cdrcmple
                0x0008539c                __aeabi_cdcmpeq
                0x0008539c                __aeabi_cdcmple
                0x000853ac                __aeabi_dcmpeq
                0x000853c0                __aeabi_dcmplt
                0x000853d4                __aeabi_dcmple
                0x000853e8                __aeabi_dcmpge
                0x000853fc                __aeabi_dcmpgt
 .text          0x00085410       0x40 c:/programdata/matlab/supportpackages/r2021b/aide/portable/packages/arduino/tools/arm-none-eabi-gcc/4.8.3-2014q1/bin/../lib/gcc/arm-none-eabi/4.8.3/armv7-m\libgcc.a(_arm_fixunsdfsi.o)
                0x00085410                __aeabi_d2uiz
                0x00085410                __fixunsdfsi
 .text.__assert_func
                0x00085450       0x3c c:/programdata/matlab/supportpackages/r2021b/aide/portable/packages/arduino/tools/arm-none-eabi-gcc/4.8.3-2014q1/bin/../lib/gcc/arm-none-eabi/4.8.3/../../../../arm-none-eabi/lib/armv7-m\libg.a(lib_a-assert.o)
                0x00085450                __assert_func
 .text.__errno  0x0008548c        0xc c:/programdata/matlab/supportpackages/r2021b/aide/portable/packages/arduino/tools/arm-none-eabi-gcc/4.8.3-2014q1/bin/../lib/gcc/arm-none-eabi/4.8.3/../../../../arm-none-eabi/lib/armv7-m\libg.a(lib_a-errno.o)
                0x0008548c                __errno
 .text.fiprintf
                0x00085498       0x28 c:/programdata/matlab/supportpackages/r2021b/aide/portable/packages/arduino/tools/arm-none-eabi-gcc/4.8.3-2014q1/bin/../lib/gcc/arm-none-eabi/4.8.3/../../../../arm-none-eabi/lib/armv7-m\libg.a(lib_a-fiprintf.o)
                0x00085498                fiprintf
 .text.__libc_init_array
                0x000854c0       0x50 c:/programdata/matlab/supportpackages/r2021b/aide/portable/packages/arduino/tools/arm-none-eabi-gcc/4.8.3-2014q1/bin/../lib/gcc/arm-none-eabi/4.8.3/../../../../arm-none-eabi/lib/armv7-m\libg.a(lib_a-init.o)
                0x000854c0                __libc_init_array
 .text          0x00085510       0xec c:/programdata/matlab/supportpackages/r2021b/aide/portable/packages/arduino/tools/arm-none-eabi-gcc/4.8.3-2014q1/bin/../lib/gcc/arm-none-eabi/4.8.3/../../../../arm-none-eabi/lib/armv7-m\libg.a(lib_a-memcpy.o)
                0x00085510                memcpy
 .text.memset   0x000855fc       0x94 c:/programdata/matlab/supportpackages/r2021b/aide/portable/packages/arduino/tools/arm-none-eabi-gcc/4.8.3-2014q1/bin/../lib/gcc/arm-none-eabi/4.8.3/../../../../arm-none-eabi/lib/armv7-m\libg.a(lib_a-memset.o)
                0x000855fc                memset
 .text.strlen   0x00085690       0x60 c:/programdata/matlab/supportpackages/r2021b/aide/portable/packages/arduino/tools/arm-none-eabi-gcc/4.8.3-2014q1/bin/../lib/gcc/arm-none-eabi/4.8.3/../../../../arm-none-eabi/lib/armv7-m\libg.a(lib_a-strlen.o)
                0x00085690                strlen
 .text.kill     0x000856f0       0x10 c:/programdata/matlab/supportpackages/r2021b/aide/portable/packages/arduino/tools/arm-none-eabi-gcc/4.8.3-2014q1/bin/../lib/gcc/arm-none-eabi/4.8.3/../../../../arm-none-eabi/lib/armv7-m\libg.a(lib_a-syskill.o)
                0x000856f0                kill
 .text.__sprint_r.part.0
                0x00085700       0x78 c:/programdata/matlab/supportpackages/r2021b/aide/portable/packages/arduino/tools/arm-none-eabi-gcc/4.8.3-2014q1/bin/../lib/gcc/arm-none-eabi/4.8.3/../../../../arm-none-eabi/lib/armv7-m\libg.a(lib_a-vfiprintf.o)
 .text._vfiprintf_r
                0x00085778      0xc54 c:/programdata/matlab/supportpackages/r2021b/aide/portable/packages/arduino/tools/arm-none-eabi-gcc/4.8.3-2014q1/bin/../lib/gcc/arm-none-eabi/4.8.3/../../../../arm-none-eabi/lib/armv7-m\libg.a(lib_a-vfiprintf.o)
                0x00085778                _vfiprintf_r
 .text.__sbprintf
                0x000863cc       0x7c c:/programdata/matlab/supportpackages/r2021b/aide/portable/packages/arduino/tools/arm-none-eabi-gcc/4.8.3-2014q1/bin/../lib/gcc/arm-none-eabi/4.8.3/../../../../arm-none-eabi/lib/armv7-m\libg.a(lib_a-vfiprintf.o)
 .text.__swsetup_r
                0x00086448       0xc4 c:/programdata/matlab/supportpackages/r2021b/aide/portable/packages/arduino/tools/arm-none-eabi-gcc/4.8.3-2014q1/bin/../lib/gcc/arm-none-eabi/4.8.3/../../../../arm-none-eabi/lib/armv7-m\libg.a(lib_a-wsetup.o)
                0x00086448                __swsetup_r
 .text.startup.register_fini
                0x0008650c       0x14 c:/programdata/matlab/supportpackages/r2021b/aide/portable/packages/arduino/tools/arm-none-eabi-gcc/4.8.3-2014q1/bin/../lib/gcc/arm-none-eabi/4.8.3/../../../../arm-none-eabi/lib/armv7-m\libg.a(lib_a-__call_atexit.o)
 .text.abort    0x00086520       0x10 c:/programdata/matlab/supportpackages/r2021b/aide/portable/packages/arduino/tools/arm-none-eabi-gcc/4.8.3-2014q1/bin/../lib/gcc/arm-none-eabi/4.8.3/../../../../arm-none-eabi/lib/armv7-m\libg.a(lib_a-abort.o)
                0x00086520                abort
 .text.atexit   0x00086530        0xc c:/programdata/matlab/supportpackages/r2021b/aide/portable/packages/arduino/tools/arm-none-eabi-gcc/4.8.3-2014q1/bin/../lib/gcc/arm-none-eabi/4.8.3/../../../../arm-none-eabi/lib/armv7-m\libg.a(lib_a-atexit.o)
                0x00086530                atexit
 .text.__sflush_r
                0x0008653c      0x148 c:/programdata/matlab/supportpackages/r2021b/aide/portable/packages/arduino/tools/arm-none-eabi-gcc/4.8.3-2014q1/bin/../lib/gcc/arm-none-eabi/4.8.3/../../../../arm-none-eabi/lib/armv7-m\libg.a(lib_a-fflush.o)
                0x0008653c                __sflush_r
 .text._fflush_r
                0x00086684       0x2c c:/programdata/matlab/supportpackages/r2021b/aide/portable/packages/arduino/tools/arm-none-eabi-gcc/4.8.3-2014q1/bin/../lib/gcc/arm-none-eabi/4.8.3/../../../../arm-none-eabi/lib/armv7-m\libg.a(lib_a-fflush.o)
                0x00086684                _fflush_r
 .text._cleanup_r
                0x000866b0        0xc c:/programdata/matlab/supportpackages/r2021b/aide/portable/packages/arduino/tools/arm-none-eabi-gcc/4.8.3-2014q1/bin/../lib/gcc/arm-none-eabi/4.8.3/../../../../arm-none-eabi/lib/armv7-m\libg.a(lib_a-findfp.o)
                0x000866b0                _cleanup_r
 .text.__sinit  0x000866bc       0xf4 c:/programdata/matlab/supportpackages/r2021b/aide/portable/packages/arduino/tools/arm-none-eabi-gcc/4.8.3-2014q1/bin/../lib/gcc/arm-none-eabi/4.8.3/../../../../arm-none-eabi/lib/armv7-m\libg.a(lib_a-findfp.o)
                0x000866bc                __sinit
 .text.__sfp_lock_acquire
                0x000867b0        0x4 c:/programdata/matlab/supportpackages/r2021b/aide/portable/packages/arduino/tools/arm-none-eabi-gcc/4.8.3-2014q1/bin/../lib/gcc/arm-none-eabi/4.8.3/../../../../arm-none-eabi/lib/armv7-m\libg.a(lib_a-findfp.o)
                0x000867b0                __sfp_lock_acquire
 .text.__sfp_lock_release
                0x000867b4        0x4 c:/programdata/matlab/supportpackages/r2021b/aide/portable/packages/arduino/tools/arm-none-eabi-gcc/4.8.3-2014q1/bin/../lib/gcc/arm-none-eabi/4.8.3/../../../../arm-none-eabi/lib/armv7-m\libg.a(lib_a-findfp.o)
                0x000867b4                __sfp_lock_release
 .text.__libc_fini_array
                0x000867b8       0x30 c:/programdata/matlab/supportpackages/r2021b/aide/portable/packages/arduino/tools/arm-none-eabi-gcc/4.8.3-2014q1/bin/../lib/gcc/arm-none-eabi/4.8.3/../../../../arm-none-eabi/lib/armv7-m\libg.a(lib_a-fini.o)
                0x000867b8                __libc_fini_array
 .text._fputwc_r
                0x000867e8       0xc0 c:/programdata/matlab/supportpackages/r2021b/aide/portable/packages/arduino/tools/arm-none-eabi-gcc/4.8.3-2014q1/bin/../lib/gcc/arm-none-eabi/4.8.3/../../../../arm-none-eabi/lib/armv7-m\libg.a(lib_a-fputwc.o)
                0x000867e8                _fputwc_r
 .text._malloc_trim_r
                0x000868a8       0x9c c:/programdata/matlab/supportpackages/r2021b/aide/portable/packages/arduino/tools/arm-none-eabi-gcc/4.8.3-2014q1/bin/../lib/gcc/arm-none-eabi/4.8.3/../../../../arm-none-eabi/lib/armv7-m\libg.a(lib_a-freer.o)
                0x000868a8                _malloc_trim_r
 .text._free_r  0x00086944      0x198 c:/programdata/matlab/supportpackages/r2021b/aide/portable/packages/arduino/tools/arm-none-eabi-gcc/4.8.3-2014q1/bin/../lib/gcc/arm-none-eabi/4.8.3/../../../../arm-none-eabi/lib/armv7-m\libg.a(lib_a-freer.o)
                0x00086944                _free_r
 .text.__sfvwrite_r
                0x00086adc      0x314 c:/programdata/matlab/supportpackages/r2021b/aide/portable/packages/arduino/tools/arm-none-eabi-gcc/4.8.3-2014q1/bin/../lib/gcc/arm-none-eabi/4.8.3/../../../../arm-none-eabi/lib/armv7-m\libg.a(lib_a-fvwrite.o)
                0x00086adc                __sfvwrite_r
 .text._fwalk   0x00086df0       0x48 c:/programdata/matlab/supportpackages/r2021b/aide/portable/packages/arduino/tools/arm-none-eabi-gcc/4.8.3-2014q1/bin/../lib/gcc/arm-none-eabi/4.8.3/../../../../arm-none-eabi/lib/armv7-m\libg.a(lib_a-fwalk.o)
                0x00086df0                _fwalk
 .text.__locale_charset
                0x00086e38        0x8 c:/programdata/matlab/supportpackages/r2021b/aide/portable/packages/arduino/tools/arm-none-eabi-gcc/4.8.3-2014q1/bin/../lib/gcc/arm-none-eabi/4.8.3/../../../../arm-none-eabi/lib/armv7-m\libg.a(lib_a-locale.o)
                0x00086e38                __locale_charset
 .text.__locale_mb_cur_max
                0x00086e40        0xc c:/programdata/matlab/supportpackages/r2021b/aide/portable/packages/arduino/tools/arm-none-eabi-gcc/4.8.3-2014q1/bin/../lib/gcc/arm-none-eabi/4.8.3/../../../../arm-none-eabi/lib/armv7-m\libg.a(lib_a-locale.o)
                0x00086e40                __locale_mb_cur_max
 .text.__smakebuf_r
                0x00086e4c       0xe0 c:/programdata/matlab/supportpackages/r2021b/aide/portable/packages/arduino/tools/arm-none-eabi-gcc/4.8.3-2014q1/bin/../lib/gcc/arm-none-eabi/4.8.3/../../../../arm-none-eabi/lib/armv7-m\libg.a(lib_a-makebuf.o)
                0x00086e4c                __smakebuf_r
 .text._malloc_r
                0x00086f2c      0x538 c:/programdata/matlab/supportpackages/r2021b/aide/portable/packages/arduino/tools/arm-none-eabi-gcc/4.8.3-2014q1/bin/../lib/gcc/arm-none-eabi/4.8.3/../../../../arm-none-eabi/lib/armv7-m\libg.a(lib_a-mallocr.o)
                0x00086f2c                _malloc_r
 .text.memchr   0x00087464       0x94 c:/programdata/matlab/supportpackages/r2021b/aide/portable/packages/arduino/tools/arm-none-eabi-gcc/4.8.3-2014q1/bin/../lib/gcc/arm-none-eabi/4.8.3/../../../../arm-none-eabi/lib/armv7-m\libg.a(lib_a-memchr-stub.o)
                0x00087464                memchr
 .text.memmove  0x000874f8       0xcc c:/programdata/matlab/supportpackages/r2021b/aide/portable/packages/arduino/tools/arm-none-eabi-gcc/4.8.3-2014q1/bin/../lib/gcc/arm-none-eabi/4.8.3/../../../../arm-none-eabi/lib/armv7-m\libg.a(lib_a-memmove.o)
                0x000874f8                memmove
 .text.__malloc_lock
                0x000875c4        0x4 c:/programdata/matlab/supportpackages/r2021b/aide/portable/packages/arduino/tools/arm-none-eabi-gcc/4.8.3-2014q1/bin/../lib/gcc/arm-none-eabi/4.8.3/../../../../arm-none-eabi/lib/armv7-m\libg.a(lib_a-mlock.o)
                0x000875c4                __malloc_lock
 .text.__malloc_unlock
                0x000875c8        0x4 c:/programdata/matlab/supportpackages/r2021b/aide/portable/packages/arduino/tools/arm-none-eabi-gcc/4.8.3-2014q1/bin/../lib/gcc/arm-none-eabi/4.8.3/../../../../arm-none-eabi/lib/armv7-m\libg.a(lib_a-mlock.o)
                0x000875c8                __malloc_unlock
 .text._realloc_r
                0x000875cc      0x3c0 c:/programdata/matlab/supportpackages/r2021b/aide/portable/packages/arduino/tools/arm-none-eabi-gcc/4.8.3-2014q1/bin/../lib/gcc/arm-none-eabi/4.8.3/../../../../arm-none-eabi/lib/armv7-m\libg.a(lib_a-reallocr.o)
                0x000875cc                _realloc_r
 .text._sbrk_r  0x0008798c       0x24 c:/programdata/matlab/supportpackages/r2021b/aide/portable/packages/arduino/tools/arm-none-eabi-gcc/4.8.3-2014q1/bin/../lib/gcc/arm-none-eabi/4.8.3/../../../../arm-none-eabi/lib/armv7-m\libg.a(lib_a-sbrkr.o)
                0x0008798c                _sbrk_r
 .text._raise_r
                0x000879b0       0x58 c:/programdata/matlab/supportpackages/r2021b/aide/portable/packages/arduino/tools/arm-none-eabi-gcc/4.8.3-2014q1/bin/../lib/gcc/arm-none-eabi/4.8.3/../../../../arm-none-eabi/lib/armv7-m\libg.a(lib_a-signal.o)
                0x000879b0                _raise_r
 .text.raise    0x00087a08       0x10 c:/programdata/matlab/supportpackages/r2021b/aide/portable/packages/arduino/tools/arm-none-eabi-gcc/4.8.3-2014q1/bin/../lib/gcc/arm-none-eabi/4.8.3/../../../../arm-none-eabi/lib/armv7-m\libg.a(lib_a-signal.o)
                0x00087a08                raise
 .text._kill_r  0x00087a18       0x28 c:/programdata/matlab/supportpackages/r2021b/aide/portable/packages/arduino/tools/arm-none-eabi-gcc/4.8.3-2014q1/bin/../lib/gcc/arm-none-eabi/4.8.3/../../../../arm-none-eabi/lib/armv7-m\libg.a(lib_a-signalr.o)
                0x00087a18                _kill_r
 .text._getpid_r
                0x00087a40        0x4 c:/programdata/matlab/supportpackages/r2021b/aide/portable/packages/arduino/tools/arm-none-eabi-gcc/4.8.3-2014q1/bin/../lib/gcc/arm-none-eabi/4.8.3/../../../../arm-none-eabi/lib/armv7-m\libg.a(lib_a-signalr.o)
                0x00087a40                _getpid_r
 .text.__sread  0x00087a44       0x24 c:/programdata/matlab/supportpackages/r2021b/aide/portable/packages/arduino/tools/arm-none-eabi-gcc/4.8.3-2014q1/bin/../lib/gcc/arm-none-eabi/4.8.3/../../../../arm-none-eabi/lib/armv7-m\libg.a(lib_a-stdio.o)
                0x00087a44                __sread
 .text.__swrite
                0x00087a68       0x38 c:/programdata/matlab/supportpackages/r2021b/aide/portable/packages/arduino/tools/arm-none-eabi-gcc/4.8.3-2014q1/bin/../lib/gcc/arm-none-eabi/4.8.3/../../../../arm-none-eabi/lib/armv7-m\libg.a(lib_a-stdio.o)
                0x00087a68                __swrite
 .text.__sseek  0x00087aa0       0x20 c:/programdata/matlab/supportpackages/r2021b/aide/portable/packages/arduino/tools/arm-none-eabi-gcc/4.8.3-2014q1/bin/../lib/gcc/arm-none-eabi/4.8.3/../../../../arm-none-eabi/lib/armv7-m\libg.a(lib_a-stdio.o)
                0x00087aa0                __sseek
 .text.__sclose
                0x00087ac0        0x8 c:/programdata/matlab/supportpackages/r2021b/aide/portable/packages/arduino/tools/arm-none-eabi-gcc/4.8.3-2014q1/bin/../lib/gcc/arm-none-eabi/4.8.3/../../../../arm-none-eabi/lib/armv7-m\libg.a(lib_a-stdio.o)
                0x00087ac0                __sclose
 .text.__swbuf_r
                0x00087ac8       0xa8 c:/programdata/matlab/supportpackages/r2021b/aide/portable/packages/arduino/tools/arm-none-eabi-gcc/4.8.3-2014q1/bin/../lib/gcc/arm-none-eabi/4.8.3/../../../../arm-none-eabi/lib/armv7-m\libg.a(lib_a-wbuf.o)
                0x00087ac8                __swbuf_r
 .text._wcrtomb_r
                0x00087b70       0x50 c:/programdata/matlab/supportpackages/r2021b/aide/portable/packages/arduino/tools/arm-none-eabi-gcc/4.8.3-2014q1/bin/../lib/gcc/arm-none-eabi/4.8.3/../../../../arm-none-eabi/lib/armv7-m\libg.a(lib_a-wcrtomb.o)
                0x00087b70                _wcrtomb_r
 .text.__ascii_wctomb
                0x00087bc0       0x1c c:/programdata/matlab/supportpackages/r2021b/aide/portable/packages/arduino/tools/arm-none-eabi-gcc/4.8.3-2014q1/bin/../lib/gcc/arm-none-eabi/4.8.3/../../../../arm-none-eabi/lib/armv7-m\libg.a(lib_a-wctomb_r.o)
                0x00087bc0                __ascii_wctomb
 .text._write_r
                0x00087bdc       0x28 c:/programdata/matlab/supportpackages/r2021b/aide/portable/packages/arduino/tools/arm-none-eabi-gcc/4.8.3-2014q1/bin/../lib/gcc/arm-none-eabi/4.8.3/../../../../arm-none-eabi/lib/armv7-m\libg.a(lib_a-writer.o)
                0x00087bdc                _write_r
 .text.__register_exitproc
                0x00087c04       0xa8 c:/programdata/matlab/supportpackages/r2021b/aide/portable/packages/arduino/tools/arm-none-eabi-gcc/4.8.3-2014q1/bin/../lib/gcc/arm-none-eabi/4.8.3/../../../../arm-none-eabi/lib/armv7-m\libg.a(lib_a-__atexit.o)
                0x00087c04                __register_exitproc
 .text._close_r
                0x00087cac       0x24 c:/programdata/matlab/supportpackages/r2021b/aide/portable/packages/arduino/tools/arm-none-eabi-gcc/4.8.3-2014q1/bin/../lib/gcc/arm-none-eabi/4.8.3/../../../../arm-none-eabi/lib/armv7-m\libg.a(lib_a-closer.o)
                0x00087cac                _close_r
 .text._fclose_r
                0x00087cd0       0x80 c:/programdata/matlab/supportpackages/r2021b/aide/portable/packages/arduino/tools/arm-none-eabi-gcc/4.8.3-2014q1/bin/../lib/gcc/arm-none-eabi/4.8.3/../../../../arm-none-eabi/lib/armv7-m\libg.a(lib_a-fclose.o)
                0x00087cd0                _fclose_r
 .text.fclose   0x00087d50       0x10 c:/programdata/matlab/supportpackages/r2021b/aide/portable/packages/arduino/tools/arm-none-eabi-gcc/4.8.3-2014q1/bin/../lib/gcc/arm-none-eabi/4.8.3/../../../../arm-none-eabi/lib/armv7-m\libg.a(lib_a-fclose.o)
                0x00087d50                fclose
 .text._fstat_r
                0x00087d60       0x28 c:/programdata/matlab/supportpackages/r2021b/aide/portable/packages/arduino/tools/arm-none-eabi-gcc/4.8.3-2014q1/bin/../lib/gcc/arm-none-eabi/4.8.3/../../../../arm-none-eabi/lib/armv7-m\libg.a(lib_a-fstatr.o)
                0x00087d60                _fstat_r
 .text._isatty_r
                0x00087d88       0x24 c:/programdata/matlab/supportpackages/r2021b/aide/portable/packages/arduino/tools/arm-none-eabi-gcc/4.8.3-2014q1/bin/../lib/gcc/arm-none-eabi/4.8.3/../../../../arm-none-eabi/lib/armv7-m\libg.a(lib_a-isattyr.o)
                0x00087d88                _isatty_r
 .text._lseek_r
                0x00087dac       0x28 c:/programdata/matlab/supportpackages/r2021b/aide/portable/packages/arduino/tools/arm-none-eabi-gcc/4.8.3-2014q1/bin/../lib/gcc/arm-none-eabi/4.8.3/../../../../arm-none-eabi/lib/armv7-m\libg.a(lib_a-lseekr.o)
                0x00087dac                _lseek_r
 .text._read_r  0x00087dd4       0x28 c:/programdata/matlab/supportpackages/r2021b/aide/portable/packages/arduino/tools/arm-none-eabi-gcc/4.8.3-2014q1/bin/../lib/gcc/arm-none-eabi/4.8.3/../../../../arm-none-eabi/lib/armv7-m\libg.a(lib_a-readr.o)
                0x00087dd4                _read_r
 .text          0x00087dfc       0x2c c:/programdata/matlab/supportpackages/r2021b/aide/portable/packages/arduino/tools/arm-none-eabi-gcc/4.8.3-2014q1/bin/../lib/gcc/arm-none-eabi/4.8.3/armv7-m\libgcc.a(_aeabi_uldivmod.o)
                0x00087dfc                __aeabi_uldivmod
 .text          0x00087e28       0x60 c:/programdata/matlab/supportpackages/r2021b/aide/portable/packages/arduino/tools/arm-none-eabi-gcc/4.8.3-2014q1/bin/../lib/gcc/arm-none-eabi/4.8.3/armv7-m\libgcc.a(bpabi.o)
                0x00087e28                __gnu_ldivmod_helper
                0x00087e58                __gnu_uldivmod_helper
 .text          0x00087e88        0x4 c:/programdata/matlab/supportpackages/r2021b/aide/portable/packages/arduino/tools/arm-none-eabi-gcc/4.8.3-2014q1/bin/../lib/gcc/arm-none-eabi/4.8.3/armv7-m\libgcc.a(_dvmd_tls.o)
                0x00087e88                __aeabi_idiv0
                0x00087e88                __aeabi_ldiv0
 .text          0x00087e8c      0x2a0 c:/programdata/matlab/supportpackages/r2021b/aide/portable/packages/arduino/tools/arm-none-eabi-gcc/4.8.3-2014q1/bin/../lib/gcc/arm-none-eabi/4.8.3/armv7-m\libgcc.a(_divdi3.o)
                0x00087e8c                __divdi3
 .text          0x0008812c      0x290 c:/programdata/matlab/supportpackages/r2021b/aide/portable/packages/arduino/tools/arm-none-eabi-gcc/4.8.3-2014q1/bin/../lib/gcc/arm-none-eabi/4.8.3/armv7-m\libgcc.a(_udivdi3.o)
                0x0008812c                __udivdi3
 *(.glue_7t)
 .glue_7t       0x00000000        0x0 linker stubs
 *(.glue_7)
 .glue_7        0x00000000        0x0 linker stubs
 *(.rodata .rodata* .gnu.linkonce.r.*)
 .rodata.channelToTC.9455
                0x000883bc       0x48 MW_PWMDriver.o
 .rodata.channelToChNo.9470
                0x00088404       0x48 MW_PWMDriver.o
 .rodata.channelToId.9473
                0x0008844c       0x48 MW_PWMDriver.o
 .rodata.channelToTC.9472
                0x00088494       0x48 MW_PWMDriver.o
 .rodata.channelToAB.9454
                0x000884dc       0x48 MW_PWMDriver.o
 .rodata.channelToChNo.9453
                0x00088524       0x48 MW_PWMDriver.o
 .rodata.position_control_PD_with_Due_M
                0x0008856c        0x4 position_control_PD_with_Due.o
                0x0008856c                position_control_PD_with_Due_M
 .rodata.str1.1
                0x00088570       0x12 position_control_PD_with_Due.o
 .rodata.rtAlwaysEnabled.9857
                0x00088582        0x1 position_control_PD_with_Due.o
 *fill*         0x00088583        0x1 
 .rodata.standardSupportedRxPacket
                0x00088584       0x54 xcp_standard.o
 .rodata.daqSupportedRxPacket
                0x000885d8       0x84 xcp_daq.o
 .rodata.calibrationSupportedRxPacket
                0x0008865c       0x18 xcp_calibration.o
 .rodata.xcpMemMainBlocksNumber
                0x00088674        0xc xcp_mem_default.o
 .rodata.xcpMemMainBlockSizes
                0x00088680        0xc xcp_mem_default.o
 .rodata.channelToId.9433
                0x0008868c       0x48 C:/Users/DCLab/DOCUME~1/MATLAB/R2021b/ARDUIN~1/ARDUIN~2/FASTER~1/libcore.a(wiring_analog.o)
 .rodata.channelToTC.9432
                0x000886d4       0x48 C:/Users/DCLab/DOCUME~1/MATLAB/R2021b/ARDUIN~1/ARDUIN~2/FASTER~1/libcore.a(wiring_analog.o)
 .rodata.channelToChNo.9430
                0x0008871c       0x48 C:/Users/DCLab/DOCUME~1/MATLAB/R2021b/ARDUIN~1/ARDUIN~2/FASTER~1/libcore.a(wiring_analog.o)
 .rodata.channelToAB.9431
                0x00088764       0x48 C:/Users/DCLab/DOCUME~1/MATLAB/R2021b/ARDUIN~1/ARDUIN~2/FASTER~1/libcore.a(wiring_analog.o)
 *fill*         0x000887ac        0x4 
 .rodata._ZTV9UARTClass
                0x000887b0       0x30 C:/Users/DCLab/DOCUME~1/MATLAB/R2021b/ARDUIN~1/ARDUIN~2/FASTER~1/libcore.a(UARTClass.o)
                0x000887b0                vtable for UARTClass
 .rodata._ZTV10USARTClass
                0x000887e0       0x30 C:/Users/DCLab/DOCUME~1/MATLAB/R2021b/ARDUIN~1/ARDUIN~2/FASTER~1/libcore.a(USARTClass.o)
                0x000887e0                vtable for USARTClass
 .rodata.g_APinDescription
                0x00088810      0xa2c C:/Users/DCLab/DOCUME~1/MATLAB/R2021b/ARDUIN~1/ARDUIN~2/FASTER~1/libcore.a(variant.o)
                0x00088810                g_APinDescription
 .rodata        0x0008923c       0x2c C:/ProgramData/MATLAB/SupportPackages/R2021b/aIDE/portable/packages/arduino/hardware/sam/1.6.12/variants/arduino_due_x/libsam_sam3x8e_gcc_rel.a(pwmc.o)
 .rodata.__func__.6830
                0x00089268       0x15 C:/ProgramData/MATLAB/SupportPackages/R2021b/aIDE/portable/packages/arduino/hardware/sam/1.6.12/variants/arduino_due_x/libsam_sam3x8e_gcc_rel.a(pwmc.o)
 .rodata.__func__.6841
                0x0008927d       0x12 C:/ProgramData/MATLAB/SupportPackages/R2021b/aIDE/portable/packages/arduino/hardware/sam/1.6.12/variants/arduino_due_x/libsam_sam3x8e_gcc_rel.a(pwmc.o)
 .rodata.str1.1
                0x0008928f      0x1cc C:/ProgramData/MATLAB/SupportPackages/R2021b/aIDE/portable/packages/arduino/hardware/sam/1.6.12/variants/arduino_due_x/libsam_sam3x8e_gcc_rel.a(pwmc.o)
 .rodata.__func__.6804
                0x0008945b       0x16 C:/ProgramData/MATLAB/SupportPackages/R2021b/aIDE/portable/packages/arduino/hardware/sam/1.6.12/variants/arduino_due_x/libsam_sam3x8e_gcc_rel.a(pwmc.o)
 .rodata.__func__.6793
                0x00089471       0x17 C:/ProgramData/MATLAB/SupportPackages/R2021b/aIDE/portable/packages/arduino/hardware/sam/1.6.12/variants/arduino_due_x/libsam_sam3x8e_gcc_rel.a(pwmc.o)
 .rodata.__func__.6792
                0x00089488        0xd C:/ProgramData/MATLAB/SupportPackages/R2021b/aIDE/portable/packages/arduino/hardware/sam/1.6.12/variants/arduino_due_x/libsam_sam3x8e_gcc_rel.a(tc.o)
 .rodata.str1.1
                0x00089495       0x54 C:/ProgramData/MATLAB/SupportPackages/R2021b/aIDE/portable/packages/arduino/hardware/sam/1.6.12/variants/arduino_due_x/libsam_sam3x8e_gcc_rel.a(tc.o)
 .rodata.__func__.6798
                0x000894e9        0x9 C:/ProgramData/MATLAB/SupportPackages/R2021b/aIDE/portable/packages/arduino/hardware/sam/1.6.12/variants/arduino_due_x/libsam_sam3x8e_gcc_rel.a(tc.o)
 *fill*         0x000894f2        0x2 
 .rodata        0x000894f4       0x40 C:/ProgramData/MATLAB/SupportPackages/R2021b/aIDE/portable/packages/arduino/hardware/sam/1.6.12/variants/arduino_due_x/libsam_sam3x8e_gcc_rel.a(adc.o)
 .rodata.str1.4
                0x00089534        0x5 c:/programdata/matlab/supportpackages/r2021b/aide/portable/packages/arduino/tools/arm-none-eabi-gcc/4.8.3-2014q1/bin/../lib/gcc/arm-none-eabi/4.8.3/../../../../arm-none-eabi/lib/armv7-m\libm.a(lib_a-w_fmod.o)
                                  0x8 (size before relaxing)
 *fill*         0x00089539        0x7 
 .rodata.Zero   0x00089540       0x10 c:/programdata/matlab/supportpackages/r2021b/aide/portable/packages/arduino/tools/arm-none-eabi-gcc/4.8.3-2014q1/bin/../lib/gcc/arm-none-eabi/4.8.3/../../../../arm-none-eabi/lib/armv7-m\libm.a(lib_a-e_fmod.o)
 .rodata.str1.4
                0x00089550       0x3f c:/programdata/matlab/supportpackages/r2021b/aide/portable/packages/arduino/tools/arm-none-eabi-gcc/4.8.3-2014q1/bin/../lib/gcc/arm-none-eabi/4.8.3/../../../../arm-none-eabi/lib/armv7-m\libg.a(lib_a-assert.o)
                                 0x44 (size before relaxing)
 *fill*         0x0008958f        0x1 
 .rodata.str1.4
                0x00089590        0x2 c:/programdata/matlab/supportpackages/r2021b/aide/portable/packages/arduino/tools/arm-none-eabi-gcc/4.8.3-2014q1/bin/../lib/gcc/arm-none-eabi/4.8.3/../../../../arm-none-eabi/lib/armv7-m\libg.a(lib_a-impure.o)
                                  0x4 (size before relaxing)
 *fill*         0x00089592        0x2 
 .rodata._global_impure_ptr
                0x00089594        0x4 c:/programdata/matlab/supportpackages/r2021b/aide/portable/packages/arduino/tools/arm-none-eabi-gcc/4.8.3-2014q1/bin/../lib/gcc/arm-none-eabi/4.8.3/../../../../arm-none-eabi/lib/armv7-m\libg.a(lib_a-impure.o)
                0x00089594                _global_impure_ptr
 .rodata.blanks.6717
                0x00089598       0x10 c:/programdata/matlab/supportpackages/r2021b/aide/portable/packages/arduino/tools/arm-none-eabi-gcc/4.8.3-2014q1/bin/../lib/gcc/arm-none-eabi/4.8.3/../../../../arm-none-eabi/lib/armv7-m\libg.a(lib_a-vfiprintf.o)
 .rodata.str1.4
                0x000895a8       0x30 c:/programdata/matlab/supportpackages/r2021b/aide/portable/packages/arduino/tools/arm-none-eabi-gcc/4.8.3-2014q1/bin/../lib/gcc/arm-none-eabi/4.8.3/../../../../arm-none-eabi/lib/armv7-m\libg.a(lib_a-vfiprintf.o)
 .rodata.zeroes.6718
                0x000895d8       0x10 c:/programdata/matlab/supportpackages/r2021b/aide/portable/packages/arduino/tools/arm-none-eabi-gcc/4.8.3-2014q1/bin/../lib/gcc/arm-none-eabi/4.8.3/../../../../arm-none-eabi/lib/armv7-m\libg.a(lib_a-vfiprintf.o)
 *(.ARM.extab* .gnu.linkonce.armextab.*)
                0x000895e8                . = ALIGN (0x4)
 *(.init)
 .init          0x000895e8        0x4 c:/programdata/matlab/supportpackages/r2021b/aide/portable/packages/arduino/tools/arm-none-eabi-gcc/4.8.3-2014q1/bin/../lib/gcc/arm-none-eabi/4.8.3/armv7-m/crti.o
                0x000895e8                _init
 .init          0x000895ec        0x8 c:/programdata/matlab/supportpackages/r2021b/aide/portable/packages/arduino/tools/arm-none-eabi-gcc/4.8.3-2014q1/bin/../lib/gcc/arm-none-eabi/4.8.3/armv7-m/crtn.o
                0x000895f4                . = ALIGN (0x4)
                0x000895f4                __preinit_array_start = .
 *(.preinit_array)
                0x000895f4                __preinit_array_end = .
                0x000895f4                . = ALIGN (0x4)
                0x000895f4                __init_array_start = .
 *(SORT(.init_array.*))
 .init_array.00000
                0x000895f4        0x4 c:/programdata/matlab/supportpackages/r2021b/aide/portable/packages/arduino/tools/arm-none-eabi-gcc/4.8.3-2014q1/bin/../lib/gcc/arm-none-eabi/4.8.3/../../../../arm-none-eabi/lib/armv7-m\libg.a(lib_a-__call_atexit.o)
 *(.init_array)
 .init_array    0x000895f8        0x4 c:/programdata/matlab/supportpackages/r2021b/aide/portable/packages/arduino/tools/arm-none-eabi-gcc/4.8.3-2014q1/bin/../lib/gcc/arm-none-eabi/4.8.3/armv7-m/crtbegin.o
 .init_array    0x000895fc        0x4 C:/Users/DCLab/DOCUME~1/MATLAB/R2021b/ARDUIN~1/ARDUIN~2/FASTER~1/libcore.a(variant.o)
                0x00089600                __init_array_end = .
                0x00089600                . = ALIGN (0x4)
 *crtbegin.o(.ctors)
 *(EXCLUDE_FILE(*crtend.o) .ctors)
 *(SORT(.ctors.*))
 *crtend.o(.ctors)
                0x00089600                . = ALIGN (0x4)
 *(.fini)
 .fini          0x00089600        0x4 c:/programdata/matlab/supportpackages/r2021b/aide/portable/packages/arduino/tools/arm-none-eabi-gcc/4.8.3-2014q1/bin/../lib/gcc/arm-none-eabi/4.8.3/armv7-m/crti.o
                0x00089600                _fini
 .fini          0x00089604        0x8 c:/programdata/matlab/supportpackages/r2021b/aide/portable/packages/arduino/tools/arm-none-eabi-gcc/4.8.3-2014q1/bin/../lib/gcc/arm-none-eabi/4.8.3/armv7-m/crtn.o
                0x0008960c                . = ALIGN (0x4)
                0x0008960c                __fini_array_start = .
 *(.fini_array)
 .fini_array    0x0008960c        0x4 c:/programdata/matlab/supportpackages/r2021b/aide/portable/packages/arduino/tools/arm-none-eabi-gcc/4.8.3-2014q1/bin/../lib/gcc/arm-none-eabi/4.8.3/armv7-m/crtbegin.o
 *(SORT(.fini_array.*))
                0x00089610                __fini_array_end = .
 *crtbegin.o(.dtors)
 *(EXCLUDE_FILE(*crtend.o) .dtors)
 *(SORT(.dtors.*))
 *crtend.o(.dtors)
                0x00089610                . = ALIGN (0x4)
                0x00089610                _efixed = .
                0x00089610                PROVIDE (__exidx_start, .)

.vfp11_veneer   0x00089610        0x0
 .vfp11_veneer  0x00000000        0x0 linker stubs

.v4_bx          0x00089610        0x0
 .v4_bx         0x00000000        0x0 linker stubs

.iplt           0x00089610        0x0
 .iplt          0x00000000        0x0 c:/programdata/matlab/supportpackages/r2021b/aide/portable/packages/arduino/tools/arm-none-eabi-gcc/4.8.3-2014q1/bin/../lib/gcc/arm-none-eabi/4.8.3/armv7-m/crtbegin.o

.ARM.exidx      0x00089610        0x8
 *(.ARM.exidx* .gnu.linkonce.armexidx.*)
 .ARM.exidx     0x00089610        0x8 c:/programdata/matlab/supportpackages/r2021b/aide/portable/packages/arduino/tools/arm-none-eabi-gcc/4.8.3-2014q1/bin/../lib/gcc/arm-none-eabi/4.8.3/armv7-m\libgcc.a(_divdi3.o)
 .ARM.exidx     0x00089618        0x0 c:/programdata/matlab/supportpackages/r2021b/aide/portable/packages/arduino/tools/arm-none-eabi-gcc/4.8.3-2014q1/bin/../lib/gcc/arm-none-eabi/4.8.3/armv7-m\libgcc.a(_udivdi3.o)
                                  0x8 (size before relaxing)
                0x00089618                PROVIDE (__exidx_end, .)

.eh_frame       0x00089618        0x0
 .eh_frame      0x00089618        0x0 c:/programdata/matlab/supportpackages/r2021b/aide/portable/packages/arduino/tools/arm-none-eabi-gcc/4.8.3-2014q1/bin/../lib/gcc/arm-none-eabi/4.8.3/armv7-m/crtbegin.o

.rel.dyn        0x00089618        0x0
 .rel.iplt      0x00000000        0x0 c:/programdata/matlab/supportpackages/r2021b/aide/portable/packages/arduino/tools/arm-none-eabi-gcc/4.8.3-2014q1/bin/../lib/gcc/arm-none-eabi/4.8.3/armv7-m/crtbegin.o

.jcr            0x00089618        0x0
 .jcr           0x00089618        0x0 c:/programdata/matlab/supportpackages/r2021b/aide/portable/packages/arduino/tools/arm-none-eabi-gcc/4.8.3-2014q1/bin/../lib/gcc/arm-none-eabi/4.8.3/armv7-m/crtbegin.o

.igot.plt       0x00089618        0x0
 .igot.plt      0x00000000        0x0 c:/programdata/matlab/supportpackages/r2021b/aide/portable/packages/arduino/tools/arm-none-eabi-gcc/4.8.3-2014q1/bin/../lib/gcc/arm-none-eabi/4.8.3/armv7-m/crtbegin.o
                0x00089618                . = ALIGN (0x4)
                0x00089618                _etext = .

.relocate       0x20070000      0x904 load address 0x00089618
                0x20070000                . = ALIGN (0x4)
                0x20070000                _srelocate = .
 *(.ramfunc .ramfunc.*)
 .ramfunc       0x20070000       0x2c C:/Users/DCLab/DOCUME~1/MATLAB/R2021b/ARDUIN~1/ARDUIN~2/FASTER~1/libcore.a(Reset.o)
                0x20070000                banzai
 *(.data .data.*)
 *fill*         0x2007002c        0x4 
 .data.position_control_PD_with_Due_P
                0x20070030       0x28 position_control_PD_with_Due_data.o
                0x20070030                position_control_PD_with_Due_P
 .data.xcpExtmodeFinalSimulationTime
                0x20070058        0x8 xcp_ext_common.o
                0x20070058                xcpExtmodeFinalSimulationTime
 .data.xcpClassicTriggerDuration
                0x20070060        0x4 xcp_ext_classic_trigger.o
                0x20070060                xcpClassicTriggerDuration
 .data.xcpClassicTriggerArmRequest
                0x20070064        0x1 xcp_ext_classic_trigger.o
                0x20070064                xcpClassicTriggerArmRequest
 *fill*         0x20070065        0x3 
 .data.startStopDaqListId
                0x20070068        0x4 xcp_daq.o
 .data.xcpEventCustomMemoryManager
                0x2007006c        0xc xcp_daq.o
 .data.xcpCurrentDaq
                0x20070078        0x4 xcp_daq.o
 .data.xcpCtoReservedMemPoolId
                0x2007007c        0x4 xcp_transport.o
 .data.drvID    0x20070080        0x4 xcp_drv_rtiostream.o
 .data.xcpCtoReservedMemPoolId
                0x20070084        0x4 xcp_frame_serial.o
 .data.pinA     0x20070088        0x1 readEncDUEpin8_9_wrapper.o
                0x20070088                pinA
 .data.pinB     0x20070089        0x1 readEncDUEpin8_9_wrapper.o
                0x20070089                pinB
 .data.interruptA
                0x2007008a        0x1 readEncDUEpin8_9_wrapper.o
                0x2007008a                interruptA
 .data.interruptB
                0x2007008b        0x1 readEncDUEpin8_9_wrapper.o
                0x2007008b                interruptB
 .data._writeResolution
                0x2007008c        0x4 C:/Users/DCLab/DOCUME~1/MATLAB/R2021b/ARDUIN~1/ARDUIN~2/FASTER~1/libcore.a(wiring_analog.o)
 .data._ZL5ticks
                0x20070090        0x4 C:/Users/DCLab/DOCUME~1/MATLAB/R2021b/ARDUIN~1/ARDUIN~2/FASTER~1/libcore.a(Reset.o)
 .data.SystemCoreClock
                0x20070094        0x4 C:/ProgramData/MATLAB/SupportPackages/R2021b/aIDE/portable/packages/arduino/hardware/sam/1.6.12/variants/arduino_due_x/libsam_sam3x8e_gcc_rel.a(system_sam3xa.o)
                0x20070094                SystemCoreClock
 .data.__fdlib_version
                0x20070098        0x1 c:/programdata/matlab/supportpackages/r2021b/aide/portable/packages/arduino/tools/arm-none-eabi-gcc/4.8.3-2014q1/bin/../lib/gcc/arm-none-eabi/4.8.3/../../../../arm-none-eabi/lib/armv7-m\libm.a(lib_a-s_lib_ver.o)
                0x20070098                __fdlib_version
 *fill*         0x20070099        0x7 
 .data.impure_data
                0x200700a0      0x428 c:/programdata/matlab/supportpackages/r2021b/aide/portable/packages/arduino/tools/arm-none-eabi-gcc/4.8.3-2014q1/bin/../lib/gcc/arm-none-eabi/4.8.3/../../../../arm-none-eabi/lib/armv7-m\libg.a(lib_a-impure.o)
 .data._impure_ptr
                0x200704c8        0x4 c:/programdata/matlab/supportpackages/r2021b/aide/portable/packages/arduino/tools/arm-none-eabi-gcc/4.8.3-2014q1/bin/../lib/gcc/arm-none-eabi/4.8.3/../../../../arm-none-eabi/lib/armv7-m\libg.a(lib_a-impure.o)
                0x200704c8                _impure_ptr
 .data.lc_ctype_charset
                0x200704cc       0x20 c:/programdata/matlab/supportpackages/r2021b/aide/portable/packages/arduino/tools/arm-none-eabi-gcc/4.8.3-2014q1/bin/../lib/gcc/arm-none-eabi/4.8.3/../../../../arm-none-eabi/lib/armv7-m\libg.a(lib_a-locale.o)
 .data.__mb_cur_max
                0x200704ec        0x4 c:/programdata/matlab/supportpackages/r2021b/aide/portable/packages/arduino/tools/arm-none-eabi-gcc/4.8.3-2014q1/bin/../lib/gcc/arm-none-eabi/4.8.3/../../../../arm-none-eabi/lib/armv7-m\libg.a(lib_a-locale.o)
                0x200704ec                __mb_cur_max
 .data.__malloc_av_
                0x200704f0      0x408 c:/programdata/matlab/supportpackages/r2021b/aide/portable/packages/arduino/tools/arm-none-eabi-gcc/4.8.3-2014q1/bin/../lib/gcc/arm-none-eabi/4.8.3/../../../../arm-none-eabi/lib/armv7-m\libg.a(lib_a-mallocr.o)
                0x200704f0                __malloc_av_
 .data.__malloc_trim_threshold
                0x200708f8        0x4 c:/programdata/matlab/supportpackages/r2021b/aide/portable/packages/arduino/tools/arm-none-eabi-gcc/4.8.3-2014q1/bin/../lib/gcc/arm-none-eabi/4.8.3/../../../../arm-none-eabi/lib/armv7-m\libg.a(lib_a-mallocr.o)
                0x200708f8                __malloc_trim_threshold
 .data.__malloc_sbrk_base
                0x200708fc        0x4 c:/programdata/matlab/supportpackages/r2021b/aide/portable/packages/arduino/tools/arm-none-eabi-gcc/4.8.3-2014q1/bin/../lib/gcc/arm-none-eabi/4.8.3/../../../../arm-none-eabi/lib/armv7-m\libg.a(lib_a-mallocr.o)
                0x200708fc                __malloc_sbrk_base
 .data.__wctomb
                0x20070900        0x4 c:/programdata/matlab/supportpackages/r2021b/aide/portable/packages/arduino/tools/arm-none-eabi-gcc/4.8.3-2014q1/bin/../lib/gcc/arm-none-eabi/4.8.3/../../../../arm-none-eabi/lib/armv7-m\libg.a(lib_a-wctomb_r.o)
                0x20070900                __wctomb
                0x20070904                . = ALIGN (0x4)
                0x20070904                _erelocate = .

.bss            0x20070904      0xecc load address 0x00089f1c
                0x20070904                . = ALIGN (0x4)
                0x20070904                _sbss = .
                0x20070904                _szero = .
 *(.bss .bss.*)
 .bss           0x20070904       0x1c c:/programdata/matlab/supportpackages/r2021b/aide/portable/packages/arduino/tools/arm-none-eabi-gcc/4.8.3-2014q1/bin/../lib/gcc/arm-none-eabi/4.8.3/armv7-m/crtbegin.o
 .bss.gpf_isr   0x20070920        0x4 C:/ProgramData/MATLAB/SupportPackages/R2021b/aIDE/portable/packages/arduino/hardware/sam/1.6.12/variants/arduino_due_x/libsam_sam3x8e_gcc_rel.a(uotghs.o)
                0x20070920                gpf_isr
 .bss.PWMEnabled
                0x20070924        0x1 MW_PWMDriver.o
 .bss.TCChanEnabled
                0x20070925        0x9 MW_PWMDriver.o
 .bss.PWMPinHandleMap
                0x2007092e        0x9 ArduinoPinHandleMap.o
                0x2007092e                PWMPinHandleMap
 *fill*         0x20070937        0x1 
 .bss.xcpCustomTriggerFunction
                0x20070938        0x8 xcp_ext_mode.o
 .bss.systemRan.9859
                0x20070940       0x14 position_control_PD_with_Due.o