Archive member included because of file (symbol)

C:/ProgramData/MATLAB/SupportPackages/R2022a/aIDE/portable/packages/arduino/hardware/sam/1.6.12/variants/arduino_due_x/libsam_sam3x8e_gcc_rel.a(startup_sam3xa.o)
                              (Reset_Handler)
C:/ProgramData/MATLAB/SupportPackages/R2022a/aIDE/portable/packages/arduino/hardware/sam/1.6.12/variants/arduino_due_x/libsam_sam3x8e_gcc_rel.a(uotghs.o)
                              C:/ProgramData/MATLAB/SupportPackages/R2022a/aIDE/portable/packages/arduino/hardware/sam/1.6.12/variants/arduino_due_x/libsam_sam3x8e_gcc_rel.a(startup_sam3xa.o) (UOTGHS_Handler)
C:/Users/LabPC/DOCUME~1/MATLAB/R2022a/ARDUIN~1/ARDUIN~1/FASTER~1/libcore.a(hooks.o)
                              arm_m3_cortex_handler.o (sysTickHook)
C:/Users/LabPC/DOCUME~1/MATLAB/R2022a/ARDUIN~1/ARDUIN~1/FASTER~1/libcore.a(syscalls_sam3.o)
                              (_sbrk)
C:/Users/LabPC/DOCUME~1/MATLAB/R2022a/ARDUIN~1/ARDUIN~1/FASTER~1/libcore.a(WInterrupts.o)
                              MW_ArduinoEncoder.o (attachInterrupt)
C:/Users/LabPC/DOCUME~1/MATLAB/R2022a/ARDUIN~1/ARDUIN~1/FASTER~1/libcore.a(wiring.o)
                              io_wrappers.o (millis)
C:/Users/LabPC/DOCUME~1/MATLAB/R2022a/ARDUIN~1/ARDUIN~1/FASTER~1/libcore.a(wiring_analog.o)
                              MW_PWM.o (analogWrite)
C:/Users/LabPC/DOCUME~1/MATLAB/R2022a/ARDUIN~1/ARDUIN~1/FASTER~1/libcore.a(wiring_digital.o)
                              MW_ArduinoEncoder.o (pinMode)
C:/Users/LabPC/DOCUME~1/MATLAB/R2022a/ARDUIN~1/ARDUIN~1/FASTER~1/libcore.a(Reset.o)
                              arm_m3_cortex_handler.o (tickReset)
C:/Users/LabPC/DOCUME~1/MATLAB/R2022a/ARDUIN~1/ARDUIN~1/FASTER~1/libcore.a(UARTClass.o)
                              rtiostream_serial_daemon.o (UARTClass::available())
C:/Users/LabPC/DOCUME~1/MATLAB/R2022a/ARDUIN~1/ARDUIN~1/FASTER~1/libcore.a(USARTClass.o)
                              io_wrappers.o (USARTClass::begin(unsigned long))
C:/Users/LabPC/DOCUME~1/MATLAB/R2022a/ARDUIN~1/ARDUIN~1/FASTER~1/libcore.a(watchdog.o)
                              MW_ArduinoHWInit.o (watchdogDisable())
C:/Users/LabPC/DOCUME~1/MATLAB/R2022a/ARDUIN~1/ARDUIN~1/FASTER~1/libcore.a(variant.o)
                              ert_main.o (init)
C:/Users/LabPC/DOCUME~1/MATLAB/R2022a/ARDUIN~1/ARDUIN~1/FASTER~1/libcore.a(abi.o)
                              C:/Users/LabPC/DOCUME~1/MATLAB/R2022a/ARDUIN~1/ARDUIN~1/FASTER~1/libcore.a(UARTClass.o) (__cxa_pure_virtual)
C:/Users/LabPC/DOCUME~1/MATLAB/R2022a/ARDUIN~1/ARDUIN~1/FASTER~1/libcore.a(Print.o)
                              C:/Users/LabPC/DOCUME~1/MATLAB/R2022a/ARDUIN~1/ARDUIN~1/FASTER~1/libcore.a(UARTClass.o) (Print::write(unsigned char const*, unsigned int))
C:/Users/LabPC/DOCUME~1/MATLAB/R2022a/ARDUIN~1/ARDUIN~1/FASTER~1/libcore.a(RingBuffer.o)
                              C:/Users/LabPC/DOCUME~1/MATLAB/R2022a/ARDUIN~1/ARDUIN~1/FASTER~1/libcore.a(variant.o) (RingBuffer::RingBuffer())
C:/ProgramData/MATLAB/SupportPackages/R2022a/aIDE/portable/packages/arduino/hardware/sam/1.6.12/variants/arduino_due_x/libsam_sam3x8e_gcc_rel.a(pio.o)
                              C:/Users/LabPC/DOCUME~1/MATLAB/R2022a/ARDUIN~1/ARDUIN~1/FASTER~1/libcore.a(wiring_digital.o) (PIO_PullUp)
C:/ProgramData/MATLAB/SupportPackages/R2022a/aIDE/portable/packages/arduino/hardware/sam/1.6.12/variants/arduino_due_x/libsam_sam3x8e_gcc_rel.a(pmc.o)
                              MW_PWMDriver.o (pmc_enable_periph_clk)
C:/ProgramData/MATLAB/SupportPackages/R2022a/aIDE/portable/packages/arduino/hardware/sam/1.6.12/variants/arduino_due_x/libsam_sam3x8e_gcc_rel.a(pwmc.o)
                              MW_PWMDriver.o (PWMC_ConfigureChannel)
C:/ProgramData/MATLAB/SupportPackages/R2022a/aIDE/portable/packages/arduino/hardware/sam/1.6.12/variants/arduino_due_x/libsam_sam3x8e_gcc_rel.a(tc.o)
                              MW_PWMDriver.o (TC_Configure)
C:/ProgramData/MATLAB/SupportPackages/R2022a/aIDE/portable/packages/arduino/hardware/sam/1.6.12/variants/arduino_due_x/libsam_sam3x8e_gcc_rel.a(timetick.o)
                              arm_m3_cortex_handler.o (TimeTick_Increment)
C:/ProgramData/MATLAB/SupportPackages/R2022a/aIDE/portable/packages/arduino/hardware/sam/1.6.12/variants/arduino_due_x/libsam_sam3x8e_gcc_rel.a(wdt.o)
                              C:/Users/LabPC/DOCUME~1/MATLAB/R2022a/ARDUIN~1/ARDUIN~1/FASTER~1/libcore.a(watchdog.o) (WDT_Enable)
C:/ProgramData/MATLAB/SupportPackages/R2022a/aIDE/portable/packages/arduino/hardware/sam/1.6.12/variants/arduino_due_x/libsam_sam3x8e_gcc_rel.a(system_sam3xa.o)
                              C:/Users/LabPC/DOCUME~1/MATLAB/R2022a/ARDUIN~1/ARDUIN~1/FASTER~1/libcore.a(variant.o) (SystemInit)
C:/ProgramData/MATLAB/SupportPackages/R2022a/aIDE/portable/packages/arduino/hardware/sam/1.6.12/variants/arduino_due_x/libsam_sam3x8e_gcc_rel.a(adc.o)
                              C:/Users/LabPC/DOCUME~1/MATLAB/R2022a/ARDUIN~1/ARDUIN~1/FASTER~1/libcore.a(variant.o) (adc_init)
[...]
Memory Configuration

Name             Origin             Length             Attributes
rom              0x00080000         0x00080000         xr
sram0            0x20000000         0x00010000         xrw
sram1            0x20080000         0x00008000         xrw
ram              0x20070000         0x00018000         xrw
*default*        0x00000000         0xffffffff

Linker script and memory map

LOAD c:/programdata/matlab/supportpackages/r2022a/aide/portable/packages/arduino/tools/arm-none-eabi-gcc/4.8.3-2014q1/bin/../lib/gcc/arm-none-eabi/4.8.3/armv7-m/crti.o
LOAD c:/programdata/matlab/supportpackages/r2022a/aide/portable/packages/arduino/tools/arm-none-eabi-gcc/4.8.3-2014q1/bin/../lib/gcc/arm-none-eabi/4.8.3/armv7-m/crtbegin.o
LOAD c:/programdata/matlab/supportpackages/r2022a/aide/portable/packages/arduino/tools/arm-none-eabi-gcc/4.8.3-2014q1/bin/../lib/gcc/arm-none-eabi/4.8.3/../../../../arm-none-eabi/lib/armv7-m/crt0.o
START GROUP
LOAD C:/ProgramData/MATLAB/SupportPackages/R2022a/aIDE/portable/packages/arduino/hardware/sam/1.6.12/variants/arduino_due_x/libsam_sam3x8e_gcc_rel.a
LOAD MW_ArduinoEncoder.o
LOAD MW_PWM.o
LOAD MW_PWMDriver.o
LOAD ArduinoPinHandleMap.o
LOAD xcp_ext_mode.o
LOAD Torque_control.o
LOAD Torque_control_data.o
LOAD rtGetInf.o
LOAD rtGetNaN.o
LOAD rt_nonfinite.o
LOAD xcp_ext_common.o
LOAD xcp_ext_classic_trigger.o
LOAD xcp.o
LOAD xcp_standard.o
LOAD xcp_daq.o
LOAD xcp_calibration.o
LOAD xcp_fifo.o
LOAD xcp_transport.o
LOAD xcp_mem_default.o
LOAD xcp_drv_rtiostream.o
LOAD xcp_frame_serial.o
LOAD xcp_ext_param_default_serial.o
LOAD arm_m3_cortex_handler.o
LOAD MW_ArduinoHWInit.o
LOAD io_wrappers.o
LOAD arduinoARMScheduler.o
LOAD m3m4m4f_multitasking.o
LOAD rtiostream_serial_daemon.o
LOAD sys_arch.o
LOAD ert_main.o
LOAD C:/Users/LabPC/DOCUME~1/MATLAB/R2022a/ARDUIN~1/ARDUIN~1/FASTER~1/MW_RebuildSrc_Core.o
LOAD C:/Users/LabPC/DOCUME~1/MATLAB/R2022a/ARDUIN~1/ARDUIN~1/FASTER~1/libcore.a
END GROUP
LOAD c:/programdata/matlab/supportpackages/r2022a/aide/portable/packages/arduino/tools/arm-none-eabi-gcc/4.8.3-2014q1/bin/../lib/gcc/arm-none-eabi/4.8.3/../../../../arm-none-eabi/lib/armv7-m\libm.a
LOAD C:/Users/LabPC/DOCUME~1/MATLAB/R2022a/ARDUIN~1/ARDUIN~1/FASTER~1\libcore.a
START GROUP
LOAD c:/programdata/matlab/supportpackages/r2022a/aide/portable/packages/arduino/tools/arm-none-eabi-gcc/4.8.3-2014q1/bin/../lib/gcc/arm-none-eabi/4.8.3/armv7-m\libgcc.a
LOAD c:/programdata/matlab/supportpackages/r2022a/aide/portable/packages/arduino/tools/arm-none-eabi-gcc/4.8.3-2014q1/bin/../lib/gcc/arm-none-eabi/4.8.3/../../../../arm-none-eabi/lib/armv7-m\libg.a
LOAD c:/programdata/matlab/supportpackages/r2022a/aide/portable/packages/arduino/tools/arm-none-eabi-gcc/4.8.3-2014q1/bin/../lib/gcc/arm-none-eabi/4.8.3/../../../../arm-none-eabi/lib/armv7-m\libc.a
END GROUP
LOAD c:/programdata/matlab/supportpackages/r2022a/aide/portable/packages/arduino/tools/arm-none-eabi-gcc/4.8.3-2014q1/bin/../lib/gcc/arm-none-eabi/4.8.3/armv7-m/crtend.o
LOAD c:/programdata/matlab/supportpackages/r2022a/aide/portable/packages/arduino/tools/arm-none-eabi-gcc/4.8.3-2014q1/bin/../lib/gcc/arm-none-eabi/4.8.3/armv7-m/crtn.o

.text           0x00080000     0x9d30
                0x00080000                . = ALIGN (0x4)
                0x00080000                _sfixed = .
 *(.vectors .vectors.*)
 .vectors       0x00080000       0xf4 C:/ProgramData/MATLAB/SupportPackages/R2022a/aIDE/portable/packages/arduino/hardware/sam/1.6.12/variants/arduino_due_x/libsam_sam3x8e_gcc_rel.a(startup_sam3xa.o)
                0x00080000                exception_table
 *(.text .text.* .gnu.linkonce.t.*)
 .text          0x000800f4       0x54 c:/programdata/matlab/supportpackages/r2022a/aide/portable/packages/arduino/tools/arm-none-eabi-gcc/4.8.3-2014q1/bin/../lib/gcc/arm-none-eabi/4.8.3/armv7-m/crtbegin.o
 .text.Reset_Handler
                0x00080148       0x78 C:/ProgramData/MATLAB/SupportPackages/R2022a/aIDE/portable/packages/arduino/hardware/sam/1.6.12/variants/arduino_due_x/libsam_sam3x8e_gcc_rel.a(startup_sam3xa.o)
                0x00080148                Reset_Handler
 .text.UOTGHS_Handler
                0x000801c0       0x10 C:/ProgramData/MATLAB/SupportPackages/R2022a/aIDE/portable/packages/arduino/hardware/sam/1.6.12/variants/arduino_due_x/libsam_sam3x8e_gcc_rel.a(uotghs.o)
                0x000801c0                UOTGHS_Handler
 .text._ZL8debouncei
                0x000801d0       0x3c MW_ArduinoEncoder.o
 .text._ZL15EncoderProcessAP14arduinoEncoder
                0x0008020c       0x2e MW_ArduinoEncoder.o
 *fill*         0x0008023a        0x2 
 .text._Z6ISR1_Av
                0x0008023c        0xc MW_ArduinoEncoder.o
                0x0008023c                ISR1_A()
 .text._Z6ISR2_Av
                0x00080248        0xc MW_ArduinoEncoder.o
                0x00080248                ISR2_A()
 .text._Z6ISR3_Av
                0x00080254        0xc MW_ArduinoEncoder.o
                0x00080254                ISR3_A()
 .text._Z6ISR4_Av
                0x00080260        0xc MW_ArduinoEncoder.o
                0x00080260                ISR4_A()
 .text._ZL15EncoderProcessBP14arduinoEncoder
                0x0008026c       0x30 MW_ArduinoEncoder.o
 .text._Z6ISR1_Bv
                0x0008029c        0xc MW_ArduinoEncoder.o
                0x0008029c                ISR1_B()
 .text._Z6ISR2_Bv
                0x000802a8        0xc MW_ArduinoEncoder.o
                0x000802a8                ISR2_B()
 .text._Z6ISR3_Bv
                0x000802b4        0xc MW_ArduinoEncoder.o
                0x000802b4                ISR3_B()
 .text._Z6ISR4_Bv
                0x000802c0        0xc MW_ArduinoEncoder.o
                0x000802c0                ISR4_B()
 .text.MW_EncoderSetup
                0x000802cc       0xf8 MW_ArduinoEncoder.o
                0x000802cc                MW_EncoderSetup
 .text.MW_EncoderRead
                0x000803c4       0x10 MW_ArduinoEncoder.o
                0x000803c4                MW_EncoderRead
 .text.MW_EncoderReset
                0x000803d4       0x10 MW_ArduinoEncoder.o
                0x000803d4                MW_EncoderReset
 .text.MW_EncoderRelease
                0x000803e4        0x4 MW_ArduinoEncoder.o
                0x000803e4                MW_EncoderRelease
 .text.MW_PWM_SetDutyCycle
                0x000803e8       0x46 MW_PWM.o
                0x000803e8                MW_PWM_SetDutyCycle
 *fill*         0x0008042e        0x2 
 .text.MW_PWM_GetHandle
                0x00080430       0x20 MW_PWM.o
                0x00080430                MW_PWM_GetHandle
 .text.setPWMHandle
                0x00080450       0x28 MW_PWM.o
                0x00080450                setPWMHandle
 .text.MW_PWM_Open
                0x00080478       0x54 MW_PWM.o
                0x00080478                MW_PWM_Open
 .text.MW_PWM_Close
                0x000804cc       0x18 MW_PWM.o
                0x000804cc                MW_PWM_Close
 .text.MW_analogWrite
                0x000804e4      0x188 MW_PWMDriver.o
                0x000804e4                MW_analogWrite
 .text.MW_setAnalogFrequency
                0x0008066c      0x154 MW_PWMDriver.o
                0x0008066c                MW_setAnalogFrequency
 .text.extmodeParseArgs
                0x000807c0        0x4 xcp_ext_mode.o
                0x000807c0                extmodeParseArgs
 .text.extmodeInit
                0x000807c4       0x9c xcp_ext_mode.o
                0x000807c4                extmodeInit
 .text.extmodeWaitForHostRequest
                0x00080860       0x94 xcp_ext_mode.o
                0x00080860                extmodeWaitForHostRequest
 .text.extmodeEvent
                0x000808f4       0x80 xcp_ext_mode.o
                0x000808f4                extmodeEvent
 .text.extmodeBackgroundRun
                0x00080974        0x6 xcp_ext_mode.o
                0x00080974                extmodeBackgroundRun
 *fill*         0x0008097a        0x2 
 .text.extmodeReset
                0x0008097c       0x28 xcp_ext_mode.o
                0x0008097c                extmodeReset
 .text.extmodeStopRequested
                0x000809a4        0xc xcp_ext_mode.o
                0x000809a4                extmodeStopRequested
 .text.extmodeSimulationComplete
                0x000809b0        0xc xcp_ext_mode.o
                0x000809b0                extmodeSimulationComplete
 .text.Torque_control_derivatives
                0x000809bc       0x1c Torque_control.o
                0x000809bc                Torque_control_derivatives
 .text.Torque_control_step
                0x000809d8      0x4d0 Torque_control.o
                0x000809d8                Torque_control_step
 .text.Torque_control_initialize
                0x00080ea8      0x1b8 Torque_control.o
                0x00080ea8                Torque_control_initialize
 .text.Torque_control_terminate
                0x00081060       0x90 Torque_control.o
                0x00081060                Torque_control_terminate
 .text.rtGetInf
                0x000810f0        0xc rtGetInf.o
                0x000810f0                rtGetInf
 .text.rtGetInfF
                0x000810fc        0x6 rtGetInf.o
                0x000810fc                rtGetInfF
 *fill*         0x00081102        0x2 
 .text.rtGetMinusInf
                0x00081104        0xc rtGetInf.o
                0x00081104                rtGetMinusInf
 .text.rtGetMinusInfF
                0x00081110        0x8 rtGetInf.o
                0x00081110                rtGetMinusInfF
 .text.rtGetNaN
                0x00081118        0xc rtGetNaN.o
                0x00081118                rtGetNaN
 .text.rtGetNaNF
                0x00081124        0x8 rtGetNaN.o
                0x00081124                rtGetNaNF
 .text.rt_InitInfAndNaN
                0x0008112c       0x54 rt_nonfinite.o
                0x0008112c                rt_InitInfAndNaN
 .text.xcpExtModeUpdateTime
                0x00081180       0xd8 xcp_ext_common.o
                0x00081180                xcpExtModeUpdateTime
 .text.xcpExtModeGetUpdatedTimestamp
                0x00081258       0x40 xcp_ext_common.o
                0x00081258                xcpExtModeGetUpdatedTimestamp
 .text.xcpExtModeInit
                0x00081298       0x40 xcp_ext_common.o
                0x00081298                xcpExtModeInit
 .text.xcpExtModeRunBackground
                0x000812d8       0x7a xcp_ext_common.o
                0x000812d8                xcpExtModeRunBackground
 *fill*         0x00081352        0x2 
 .text.xcpExtModeReset
                0x00081354       0xa0 xcp_ext_common.o
                0x00081354                xcpExtModeReset
 .text.xcpExtModeClassicTriggerInit
                0x000813f4       0x4c xcp_ext_classic_trigger.o
                0x000813f4                xcpExtModeClassicTriggerInit
 .text.xcpExtModeClassicTriggerEnabled
                0x00081440      0x33c xcp_ext_classic_trigger.o
                0x00081440                xcpExtModeClassicTriggerEnabled
 .text.xcpExtModeClassicTriggerReset
                0x0008177c       0xbc xcp_ext_classic_trigger.o
                0x0008177c                xcpExtModeClassicTriggerReset
 .text.xcpExtModeClassicTriggerForceEnableStatusUpdate
                0x00081838       0x50 xcp_ext_classic_trigger.o
                0x00081838                xcpExtModeClassicTriggerForceEnableStatusUpdate
 .text.unknownInputPacketHandler
                0x00081888        0xa xcp.o
 .text.discardInputPacketHandler
                0x00081892       0x10 xcp.o
 .text.genericOutputPacketHandler
                0x000818a2       0x64 xcp.o
                0x000818a2                genericOutputPacketHandler
 *fill*         0x00081906        0x2 
 .text.xcpStatusGet
                0x00081908        0xc xcp.o
                0x00081908                xcpStatusGet
 .text.xcpStatusSet
                0x00081914        0xc xcp.o
                0x00081914                xcpStatusSet
 .text.xcpSessionStatusGet
                0x00081920        0xc xcp.o
                0x00081920                xcpSessionStatusGet
 .text.xcpSessionStatusSetMask
                0x0008192c       0x10 xcp.o
                0x0008192c                xcpSessionStatusSetMask
 .text.xcpSessionStatusClearMask
                0x0008193c       0x10 xcp.o
                0x0008193c                xcpSessionStatusClearMask
 .text.xcpResourceProtectionStatusGet
                0x0008194c        0xc xcp.o
                0x0008194c                xcpResourceProtectionStatusGet
 .text.xcpSessionConfigurationIdGet
                0x00081958        0xc xcp.o
                0x00081958                xcpSessionConfigurationIdGet
 .text.xcpFindPacket
                0x00081964       0x26 xcp.o
                0x00081964                xcpFindPacket
 *fill*         0x0008198a        0x2 
 .text.xcpInit  0x0008198c       0x40 xcp.o
                0x0008198c                xcpInit
 .text.xcpRun   0x000819cc      0x18c xcp.o
                0x000819cc                xcpRun
 .text.xcpEventExternalTimestamp
                0x00081b58       0x18 xcp.o
                0x00081b58                xcpEventExternalTimestamp
 .text.xcpGetStatus
                0x00081b70        0xc xcp.o
                0x00081b70                xcpGetStatus
 .text.xcpReset
                0x00081b7c       0x28 xcp.o
                0x00081b7c                xcpReset
 .text.xcpPackedModeEventsFlush
                0x00081ba4        0x4 xcp.o
                0x00081ba4                xcpPackedModeEventsFlush
 .text.xcpPackedModeEventReset
                0x00081ba8        0x8 xcp.o
                0x00081ba8                xcpPackedModeEventReset
 .text.getStatusInputPacketHandler
                0x00081bb0        0x8 xcp_standard.o
 .text.getPacket
                0x00081bb8        0xc xcp_standard.o
 .text.uploadInputPacketHandler
                0x00081bc4       0x40 xcp_standard.o
 .text.synchInputPacketHandler
                0x00081c04       0x1c xcp_standard.o
 .text.getStatusOutputPacketHandler
                0x00081c20       0x26 xcp_standard.o
 .text.disconnectInputPacketHandler
                0x00081c46       0x22 xcp_standard.o
 .text.connectInputPacketHandler
                0x00081c68       0x32 xcp_standard.o
 .text.connectOutputPacketHandler
                0x00081c9a       0x38 xcp_standard.o
 *fill*         0x00081cd2        0x2 
 .text.xcpStandardInit
                0x00081cd4       0x10 xcp_standard.o
                0x00081cd4                xcpStandardInit
 .text.xcpStandardGetPacketLookup
                0x00081ce4        0xc xcp_standard.o
                0x00081ce4                xcpStandardGetPacketLookup
 .text.xcpStandardReset
                0x00081cf0        0xc xcp_standard.o
                0x00081cf0                xcpStandardReset
 .text.xcpStandardGetAddressFromMta
                0x00081cfc        0xc xcp_standard.o
                0x00081cfc                xcpStandardGetAddressFromMta
 .text.xcpStandardSetMta
                0x00081d08       0x14 xcp_standard.o
                0x00081d08                xcpStandardSetMta
 .text.shortUploadInputPacketHandler
                0x00081d1c       0x40 xcp_standard.o
 .text.setMTAInputPacketHandler
                0x00081d5c       0x22 xcp_standard.o
 *fill*         0x00081d7e        0x2 
 .text.xcpStandardIncrementMta
                0x00081d80       0x10 xcp_standard.o
                0x00081d80                xcpStandardIncrementMta
 .text.shortUploadOutputPacketHandler
                0x00081d90       0x44 xcp_standard.o
 .text.uploadOutputPacketHandler
                0x00081dd4       0x44 xcp_standard.o
 .text.isActiveDaqList
                0x00081e18       0x1c xcp_daq.o
 .text.noActiveDaqLists
                0x00081e34       0x2c xcp_daq.o
 .text.isValidDaqPtr
                0x00081e60       0x40 xcp_daq.o
 .text.isDaqPackedModeEnabled
                0x00081ea0       0x3c xcp_daq.o
 .text.setDaqPtrInputPacketHandler
                0x00081edc       0x48 xcp_daq.o
 .text.writeDaqInputPacketHandler
                0x00081f24       0x88 xcp_daq.o
 .text.setDaqListModeInputPacketHandler
                0x00081fac       0x88 xcp_daq.o
 .text.getDaqProcessorInfoInputPacketHandler
                0x00082034        0x8 xcp_daq.o
 .text.getDaqResolutionInfoInputPacketHandler
                0x0008203c        0x8 xcp_daq.o
 .text.level1CommandInputPacketHandler
                0x00082044       0x9c xcp_daq.o
 .text.getDaqResolutionInfoOutputPacketHandler
                0x000820e0       0x28 xcp_daq.o
 .text.getDaqProcessorInfoOutputPacketHandler
                0x00082108       0x2a xcp_daq.o
 *fill*         0x00082132        0x2 
 .text.getPacket
                0x00082134        0xc xcp_daq.o
 .text.allocOdtEntryInputPacketHandler
                0x00082140       0x94 xcp_daq.o
 .text.allocOdtInputPacketHandler
                0x000821d4       0x88 xcp_daq.o
 .text.allocDaqInputPacketHandler
                0x0008225c       0x98 xcp_daq.o
 .text.createDaqReservedPool
                0x000822f4       0x50 xcp_daq.o
 .text.startStopDaqListOutputPacketHandler
                0x00082344       0x28 xcp_daq.o
 .text.xcpDaqWriteLock.isra.2
                0x0008236c       0x28 xcp_daq.o
 .text.xcpDaqWriteUnlock.isra.3
                0x00082394        0xc xcp_daq.o
 .text.startStopDaqListInputPacketHandler
                0x000823a0      0x1c4 xcp_daq.o
 .text.startStopSynchInputPacketHandler
                0x00082564      0x150 xcp_daq.o
 .text.xcpDaqInit
                0x000826b4       0x2c xcp_daq.o
                0x000826b4                xcpDaqInit
 .text.xcpDaqGetPacketLookup
                0x000826e0        0xc xcp_daq.o
                0x000826e0                xcpDaqGetPacketLookup
 .text.xcpDaqEvent
                0x000826ec      0x29c xcp_daq.o
                0x000826ec                xcpDaqEvent
 .text.xcpDaqEventsFlush
                0x00082988       0xe8 xcp_daq.o
                0x00082988                xcpDaqEventsFlush
 .text.xcpDaqLock
                0x00082a70        0x4 xcp_daq.o
                0x00082a70                xcpDaqLock
 .text.xcpDaqUnlock
                0x00082a74        0x4 xcp_daq.o
                0x00082a74                xcpDaqUnlock
 .text.xcpResetDaqListStatus
                0x00082a78       0xbc xcp_daq.o
                0x00082a78                xcpResetDaqListStatus
 .text.freeDaqInputPacketHandler
                0x00082b34       0x22 xcp_daq.o
 *fill*         0x00082b56        0x2 
 .text.xcpDaqReset
                0x00082b58       0x1c xcp_daq.o
                0x00082b58                xcpDaqReset
 .text.getPacket
                0x00082b74        0xc xcp_calibration.o
 .text.shortDownloadInputPacketHandler
                0x00082b80       0x4c xcp_calibration.o
 .text.downloadInputPacketHandler
                0x00082bcc       0x50 xcp_calibration.o
 .text.xcpCalibrationInit
                0x00082c1c       0x10 xcp_calibration.o
                0x00082c1c                xcpCalibrationInit
 .text.xcpCalibrationGetPacketLookup
                0x00082c2c        0xc xcp_calibration.o
                0x00082c2c                xcpCalibrationGetPacketLookup
 .text.xcpCalibrationReset
                0x00082c38        0x2 xcp_calibration.o
                0x00082c38                xcpCalibrationReset
 .text.xcpFifoInit
                0x00082c3a        0x8 xcp_fifo.o
                0x00082c3a                xcpFifoInit
 .text.xcpFifoEnqueue
                0x00082c42        0xc xcp_fifo.o
                0x00082c42                xcpFifoEnqueue
 .text.xcpFifoDequeue
                0x00082c4e       0x12 xcp_fifo.o
                0x00082c4e                xcpFifoDequeue
 .text.xcpFifoEnqueueHead
                0x00082c60        0xc xcp_fifo.o
                0x00082c60                xcpFifoEnqueueHead
 .text.xcpFifoReset
                0x00082c6c        0x8 xcp_fifo.o
                0x00082c6c                xcpFifoReset
 .text.xcpTransportEmptyTxFifo
                0x00082c74       0x40 xcp_transport.o
 .text.xcpTransportEmptyRxFifo
                0x00082cb4       0x38 xcp_transport.o
 .text.xcpTransportTxReady
                0x00082cec        0x4 xcp_transport.o
                0x00082cec                xcpTransportTxReady
 .text.xcpTransportTxTrigger
                0x00082cf0        0x4 xcp_transport.o
                0x00082cf0                xcpTransportTxTrigger
 .text.xcpTransportTx
                0x00082cf4       0x88 xcp_transport.o
                0x00082cf4                xcpTransportTx
 .text.xcpTransportRx
                0x00082d7c       0x54 xcp_transport.o
                0x00082d7c                xcpTransportRx
 .text.xcpTransportPacketOffset
                0x00082dd0        0xa xcp_transport.o
                0x00082dd0                xcpTransportPacketOffset
 *fill*         0x00082dda        0x2 
 .text.xcpTransportTxPacketSet
                0x00082ddc       0x8c xcp_transport.o
                0x00082ddc                xcpTransportTxPacketSet
 .text.xcpTransportRxPacketGet
                0x00082e68       0x80 xcp_transport.o
                0x00082e68                xcpTransportRxPacketGet
 .text.xcpTransportMsgBufferSize
                0x00082ee8       0x28 xcp_transport.o
                0x00082ee8                xcpTransportMsgBufferSize
 .text.xcpTransportInit
                0x00082f10       0x7c xcp_transport.o
                0x00082f10                xcpTransportInit
 .text.xcpTransportMaxDtoSize
                0x00082f8c        0x4 xcp_transport.o
                0x00082f8c                xcpTransportMaxDtoSize
 .text.xcpTransportMaxCtoSize
                0x00082f90        0x4 xcp_transport.o
                0x00082f90                xcpTransportMaxCtoSize
 .text.xcpTransportRestart
                0x00082f94       0x16 xcp_transport.o
                0x00082f94                xcpTransportRestart
 .text.xcpTransportResynch
                0x00082faa       0x12 xcp_transport.o
                0x00082faa                xcpTransportResynch
 .text.xcpTransportCtoReservedMemPoolId
                0x00082fbc        0xc xcp_transport.o
                0x00082fbc                xcpTransportCtoReservedMemPoolId
 .text.xcpTransportReset
                0x00082fc8       0x54 xcp_transport.o
                0x00082fc8                xcpTransportReset
 .text.xcpInitializePoolMemoryArea
                0x0008301c       0x30 xcp_mem_default.o
 .text.xcpMemInit
                0x0008304c       0x94 xcp_mem_default.o
                0x0008304c                xcpMemInit
 .text.xcpMemAlloc
                0x000830e0       0x64 xcp_mem_default.o
                0x000830e0                xcpMemAlloc
 .text.xcpMemFree
                0x00083144       0x80 xcp_mem_default.o
                0x00083144                xcpMemFree
 .text.xcpMemReservedPoolCreate
                0x000831c4       0xe0 xcp_mem_default.o
                0x000831c4                xcpMemReservedPoolCreate
 .text.xcpMemReservedPoolDestroy
                0x000832a4       0x88 xcp_mem_default.o
                0x000832a4                xcpMemReservedPoolDestroy
 .text.xcpMemCustomPoolCreate
                0x0008332c       0x4c xcp_mem_default.o
                0x0008332c                xcpMemCustomPoolCreate
 .text.xcpMemCustomPoolDestroy
                0x00083378       0x2c xcp_mem_default.o
                0x00083378                xcpMemCustomPoolDestroy
 .text.xcpMemAllocFromPool
                0x000833a4       0x70 xcp_mem_default.o
                0x000833a4                xcpMemAllocFromPool
 .text.xcpMemReset
                0x00083414       0x48 xcp_mem_default.o
                0x00083414                xcpMemReset
 .text.xcpDrvOpen
                0x0008345c       0x24 xcp_drv_rtiostream.o
                0x0008345c                xcpDrvOpen
 .text.xcpDrvIoctl
                0x00083480       0x14 xcp_drv_rtiostream.o
                0x00083480                xcpDrvIoctl
 .text.xcpDrvSend
                0x00083494       0x9c xcp_drv_rtiostream.o
                0x00083494                xcpDrvSend
 .text.xcpDrvRecv
                0x00083530       0x9c xcp_drv_rtiostream.o
                0x00083530                xcpDrvRecv
 .text.xcpDrvClose
                0x000835cc       0x28 xcp_drv_rtiostream.o
                0x000835cc                xcpDrvClose
 .text.xcpSxiChecksum
                0x000835f4       0x1a xcp_frame_serial.o
                0x000835f4                xcpSxiChecksum
 *fill*         0x0008360e        0x2 
 .text.xcpFrameInit
                0x00083610       0x38 xcp_frame_serial.o
                0x00083610                xcpFrameInit
 .text.xcpFrameMsgSend
                0x00083648       0x98 xcp_frame_serial.o
                0x00083648                xcpFrameMsgSend
 .text.xcpFrameMsgRecv
                0x000836e0       0xb4 xcp_frame_serial.o
                0x000836e0                xcpFrameMsgRecv
 .text.xcpFrameCreateMsg
                0x00083794       0x1c xcp_frame_serial.o
                0x00083794                xcpFrameCreateMsg
 .text.xcpFrameExtractPacket
                0x000837b0       0x80 xcp_frame_serial.o
                0x000837b0                xcpFrameExtractPacket
 .text.xcpFrameHeaderSize
                0x00083830        0x4 xcp_frame_serial.o
                0x00083830                xcpFrameHeaderSize
 .text.xcpFrameTailSize
                0x00083834        0x4 xcp_frame_serial.o
                0x00083834                xcpFrameTailSize
 .text.xcpFrameMaxDtoSize
                0x00083838        0x6 xcp_frame_serial.o
                0x00083838                xcpFrameMaxDtoSize
 .text.xcpFrameMaxCtoSize
                0x0008383e        0x4 xcp_frame_serial.o
                0x0008383e                xcpFrameMaxCtoSize
 *fill*         0x00083842        0x2 
 .text.xcpFrameRestart
                0x00083844       0x1c xcp_frame_serial.o
                0x00083844                xcpFrameRestart
 .text.xcpFrameSetCtoReservedMemPoolId
                0x00083860        0xc xcp_frame_serial.o
                0x00083860                xcpFrameSetCtoReservedMemPoolId
 .text.xcpFrameReset
                0x0008386c       0x30 xcp_frame_serial.o
                0x0008386c                xcpFrameReset
 .text.xcpTransportGetInitParameters
                0x0008389c        0xc xcp_ext_param_default_serial.o
                0x0008389c                xcpTransportGetInitParameters
 .text.xcpGetInitParameters
                0x000838a8        0xc xcp_ext_param_default_serial.o
                0x000838a8                xcpGetInitParameters
 .text.__halt   0x000838b4        0x2 arm_m3_cortex_handler.o
                0x000838b4                DACC_Handler
                0x000838b4                DebugMon_Handler
                0x000838b4                DMAC_Handler
                0x000838b4                TRNG_Handler
                0x000838b4                HardFault_Handler
                0x000838b4                TC2_Handler
                0x000838b4                TWI1_Handler
                0x000838b4                NMI_Handler
                0x000838b4                TC7_Handler
                0x000838b4                ADC_Handler
                0x000838b4                SMC_Handler
                0x000838b4                RTT_Handler
                0x000838b4                EFC1_Handler
                0x000838b4                RTC_Handler
                0x000838b4                UsageFault_Handler
                0x000838b4                TC6_Handler
                0x000838b4                WDT_Handler
                0x000838b4                CAN0_Handler
                0x000838b4                TC4_Handler
                0x000838b4                TC1_Handler
                0x000838b4                HSMCI_Handler
                0x000838b4                TC3_Handler
                0x000838b4                TWI0_Handler
                0x000838b4                SSC_Handler
                0x000838b4                EFC0_Handler
                0x000838b4                PMC_Handler
                0x000838b4                PWM_Handler
                0x000838b4                CAN1_Handler
                0x000838b4                MemManage_Handler
                0x000838b4                SUPC_Handler
                0x000838b4                USART2_Handler
                0x000838b4                EMAC_Handler
                0x000838b4                BusFault_Handler
                0x000838b4                RSTC_Handler
                0x000838b4                TC0_Handler
                0x000838b4                TC5_Handler
                0x000838b4                SPI0_Handler
 .text.SysTick_Handler
                0x000838b6       0x16 arm_m3_cortex_handler.o
                0x000838b6                SysTick_Handler
 .text.MW_Arduino_Init
                0x000838cc       0x14 MW_ArduinoHWInit.o
                0x000838cc                MW_Arduino_Init
 .text.MW_Arduino_Terminate
                0x000838e0        0x2 MW_ArduinoHWInit.o
                0x000838e0                MW_Arduino_Terminate
 *fill*         0x000838e2        0x2 
 .text.Serial_begin
                0x000838e4       0x34 io_wrappers.o
                0x000838e4                Serial_begin
 .text._ZL13Scheduler_Isrv
                0x00083918       0x14 arduinoARMScheduler.o
 .text.TC8_Handler
                0x0008392c       0x20 arduinoARMScheduler.o
                0x0008392c                TC8_Handler
 .text.Setup_SchedulerTimer
                0x0008394c       0x84 arduinoARMScheduler.o
                0x0008394c                Setup_SchedulerTimer
 .text.configureArduinoARMTimer
                0x000839d0       0x3c arduinoARMScheduler.o
                0x000839d0                configureArduinoARMTimer
 .text.disable_rt_OneStep
                0x00083a0c       0x14 arduinoARMScheduler.o
                0x00083a0c                disable_rt_OneStep
 .text.MW_Arduino_Loop
                0x00083a20        0x4 arduinoARMScheduler.o
                0x00083a20                MW_Arduino_Loop
 .text.PendSV_Handler
                0x00083a24       0x3c m3m4m4f_multitasking.o
                0x00083a24                PendSV_Handler
 .text.SVC_Handler
                0x00083a60       0x4c m3m4m4f_multitasking.o
                0x00083a60                SVC_Handler
 .text.rtIOStreamResync
                0x00083aac        0xc rtiostream_serial_daemon.o
                0x00083aac                rtIOStreamResync
 .text.rtIOStreamSend
                0x00083ab8       0x1c rtiostream_serial_daemon.o
                0x00083ab8                rtIOStreamSend
 .text.rtIOStreamClose
                0x00083ad4        0xe rtiostream_serial_daemon.o
                0x00083ad4                rtIOStreamClose
 *fill*         0x00083ae2        0x2 
 .text.rtIOStreamOpen
                0x00083ae4       0x24 rtiostream_serial_daemon.o
                0x00083ae4                rtIOStreamOpen
 .text.rtIOStreamRecv
                0x00083b08       0x5c rtiostream_serial_daemon.o
                0x00083b08                rtIOStreamRecv
 .text.sys_arch_protect
                0x00083b64        0x8 sys_arch.o
                0x00083b64                sys_arch_protect
 .text.sys_arch_unprotect
                0x00083b6c        0x6 sys_arch.o
                0x00083b6c                sys_arch_unprotect
 *fill*         0x00083b72        0x2 
 .text.rt_OneStep
                0x00083b74       0x30 ert_main.o
                0x00083b74                rt_OneStep
 .text.startup.main
                0x00083ba4       0xfc ert_main.o
                0x00083ba4                main
 .text.__empty  0x00083ca0        0x2 C:/Users/LabPC/DOCUME~1/MATLAB/R2022a/ARDUIN~1/ARDUIN~1/FASTER~1/libcore.a(hooks.o)
                0x00083ca0                yield
 .text.__false  0x00083ca2        0x4 C:/Users/LabPC/DOCUME~1/MATLAB/R2022a/ARDUIN~1/ARDUIN~1/FASTER~1/libcore.a(hooks.o)
                0x00083ca2                sysTickHook
 *fill*         0x00083ca6        0x2 
 .text._sbrk    0x00083ca8       0x1c C:/Users/LabPC/DOCUME~1/MATLAB/R2022a/ARDUIN~1/ARDUIN~1/FASTER~1/libcore.a(syscalls_sam3.o)
                0x00083ca8                _sbrk
 .text.link     0x00083cc4        0x6 C:/Users/LabPC/DOCUME~1/MATLAB/R2022a/ARDUIN~1/ARDUIN~1/FASTER~1/libcore.a(syscalls_sam3.o)
                0x00083cc4                link
 .text._close   0x00083cca        0x6 C:/Users/LabPC/DOCUME~1/MATLAB/R2022a/ARDUIN~1/ARDUIN~1/FASTER~1/libcore.a(syscalls_sam3.o)
                0x00083cca                _close
 .text._fstat   0x00083cd0        0xa C:/Users/LabPC/DOCUME~1/MATLAB/R2022a/ARDUIN~1/ARDUIN~1/FASTER~1/libcore.a(syscalls_sam3.o)
                0x00083cd0                _fstat
 .text._isatty  0x00083cda        0x4 C:/Users/LabPC/DOCUME~1/MATLAB/R2022a/ARDUIN~1/ARDUIN~1/FASTER~1/libcore.a(syscalls_sam3.o)
                0x00083cda                _isatty
 .text._lseek   0x00083cde        0x4 C:/Users/LabPC/DOCUME~1/MATLAB/R2022a/ARDUIN~1/ARDUIN~1/FASTER~1/libcore.a(syscalls_sam3.o)
                0x00083cde                _lseek
 .text._read    0x00083ce2        0x4 C:/Users/LabPC/DOCUME~1/MATLAB/R2022a/ARDUIN~1/ARDUIN~1/FASTER~1/libcore.a(syscalls_sam3.o)
                0x00083ce2                _read
 *fill*         0x00083ce6        0x2 
 .text._write   0x00083ce8       0x24 C:/Users/LabPC/DOCUME~1/MATLAB/R2022a/ARDUIN~1/ARDUIN~1/FASTER~1/libcore.a(syscalls_sam3.o)
                0x00083ce8                _write
 .text._exit    0x00083d0c        0x2 C:/Users/LabPC/DOCUME~1/MATLAB/R2022a/ARDUIN~1/ARDUIN~1/FASTER~1/libcore.a(syscalls_sam3.o)
                0x00083d0c                _exit
 .text._kill    0x00083d0e        0x2 C:/Users/LabPC/DOCUME~1/MATLAB/R2022a/ARDUIN~1/ARDUIN~1/FASTER~1/libcore.a(syscalls_sam3.o)
                0x00083d0e                _kill
 .text._getpid  0x00083d10        0x6 C:/Users/LabPC/DOCUME~1/MATLAB/R2022a/ARDUIN~1/ARDUIN~1/FASTER~1/libcore.a(syscalls_sam3.o)
                0x00083d10                _getpid
 *fill*         0x00083d16        0x2 
 .text.attachInterrupt
                0x00083d18      0x148 C:/Users/LabPC/DOCUME~1/MATLAB/R2022a/ARDUIN~1/ARDUIN~1/FASTER~1/libcore.a(WInterrupts.o)
                0x00083d18                attachInterrupt
 .text.PIOA_Handler
                0x00083e60       0x38 C:/Users/LabPC/DOCUME~1/MATLAB/R2022a/ARDUIN~1/ARDUIN~1/FASTER~1/libcore.a(WInterrupts.o)
                0x00083e60                PIOA_Handler
 .text.PIOB_Handler
                0x00083e98       0x38 C:/Users/LabPC/DOCUME~1/MATLAB/R2022a/ARDUIN~1/ARDUIN~1/FASTER~1/libcore.a(WInterrupts.o)
                0x00083e98                PIOB_Handler
 .text.PIOC_Handler
                0x00083ed0       0x38 C:/Users/LabPC/DOCUME~1/MATLAB/R2022a/ARDUIN~1/ARDUIN~1/FASTER~1/libcore.a(WInterrupts.o)
                0x00083ed0                PIOC_Handler
 .text.PIOD_Handler
                0x00083f08       0x38 C:/Users/LabPC/DOCUME~1/MATLAB/R2022a/ARDUIN~1/ARDUIN~1/FASTER~1/libcore.a(WInterrupts.o)
                0x00083f08                PIOD_Handler
 .text.delay    0x00083f40       0x1c C:/Users/LabPC/DOCUME~1/MATLAB/R2022a/ARDUIN~1/ARDUIN~1/FASTER~1/libcore.a(wiring.o)
                0x00083f40                delay
 .text.mapResolution
                0x00083f5c       0x12 C:/Users/LabPC/DOCUME~1/MATLAB/R2022a/ARDUIN~1/ARDUIN~1/FASTER~1/libcore.a(wiring_analog.o)
 .text.analogOutputInit
                0x00083f6e        0x2 C:/Users/LabPC/DOCUME~1/MATLAB/R2022a/ARDUIN~1/ARDUIN~1/FASTER~1/libcore.a(wiring_analog.o)
                0x00083f6e                analogOutputInit
 .text.analogWrite
                0x00083f70      0x2c0 C:/Users/LabPC/DOCUME~1/MATLAB/R2022a/ARDUIN~1/ARDUIN~1/FASTER~1/libcore.a(wiring_analog.o)
                0x00083f70                analogWrite
 .text.pinMode  0x00084230      0x108 C:/Users/LabPC/DOCUME~1/MATLAB/R2022a/ARDUIN~1/ARDUIN~1/FASTER~1/libcore.a(wiring_digital.o)
                0x00084230                pinMode
 .text.digitalWrite
                0x00084338       0x70 C:/Users/LabPC/DOCUME~1/MATLAB/R2022a/ARDUIN~1/ARDUIN~1/FASTER~1/libcore.a(wiring_digital.o)
                0x00084338                digitalWrite
 .text.digitalRead
                0x000843a8       0x44 C:/Users/LabPC/DOCUME~1/MATLAB/R2022a/ARDUIN~1/ARDUIN~1/FASTER~1/libcore.a(wiring_digital.o)
                0x000843a8                digitalRead
 .text.tickReset
                0x000843ec       0x20 C:/Users/LabPC/DOCUME~1/MATLAB/R2022a/ARDUIN~1/ARDUIN~1/FASTER~1/libcore.a(Reset.o)
                0x000843ec                tickReset
 .text._ZN9UARTClasscvbEv
                0x0008440c        0x4 C:/Users/LabPC/DOCUME~1/MATLAB/R2022a/ARDUIN~1/ARDUIN~1/FASTER~1/libcore.a(UARTClass.o)
                0x0008440c                UARTClass::operator bool()
 .text._ZN9UARTClass9availableEv
                0x00084410       0x12 C:/Users/LabPC/DOCUME~1/MATLAB/R2022a/ARDUIN~1/ARDUIN~1/FASTER~1/libcore.a(UARTClass.o)
                0x00084410                UARTClass::available()
 .text._ZN9UARTClass4peekEv
                0x00084422       0x1c C:/Users/LabPC/DOCUME~1/MATLAB/R2022a/ARDUIN~1/ARDUIN~1/FASTER~1/libcore.a(UARTClass.o)
                0x00084422                UARTClass::peek()
 .text._ZN9UARTClass4readEv
                0x0008443e       0x2a C:/Users/LabPC/DOCUME~1/MATLAB/R2022a/ARDUIN~1/ARDUIN~1/FASTER~1/libcore.a(UARTClass.o)
                0x0008443e                UARTClass::read()
 .text._ZN9UARTClass5flushEv
                0x00084468       0x18 C:/Users/LabPC/DOCUME~1/MATLAB/R2022a/ARDUIN~1/ARDUIN~1/FASTER~1/libcore.a(UARTClass.o)
                0x00084468                UARTClass::flush()
 .text._ZN9UARTClass5writeEh
                0x00084480       0x54 C:/Users/LabPC/DOCUME~1/MATLAB/R2022a/ARDUIN~1/ARDUIN~1/FASTER~1/libcore.a(UARTClass.o)
                0x00084480                UARTClass::write(unsigned char)
 .text._ZN9UARTClass3endEv
                0x000844d4       0x3c C:/Users/LabPC/DOCUME~1/MATLAB/R2022a/ARDUIN~1/ARDUIN~1/FASTER~1/libcore.a(UARTClass.o)
                0x000844d4                UARTClass::end()
 .text._ZN9UARTClassC2EP4Uart4IRQnmP10RingBufferS4_
                0x00084510       0x24 C:/Users/LabPC/DOCUME~1/MATLAB/R2022a/ARDUIN~1/ARDUIN~1/FASTER~1/libcore.a(UARTClass.o)
                0x00084510                UARTClass::UARTClass(Uart*, IRQn, unsigned long, RingBuffer*, RingBuffer*)
                0x00084510                UARTClass::UARTClass(Uart*, IRQn, unsigned long, RingBuffer*, RingBuffer*)
 .text._ZN9UARTClass4initEmm
                0x00084534       0x70 C:/Users/LabPC/DOCUME~1/MATLAB/R2022a/ARDUIN~1/ARDUIN~1/FASTER~1/libcore.a(UARTClass.o)
                0x00084534                UARTClass::init(unsigned long, unsigned long)
 .text._ZN9UARTClass5beginEm
                0x000845a4        0x8 C:/Users/LabPC/DOCUME~1/MATLAB/R2022a/ARDUIN~1/ARDUIN~1/FASTER~1/libcore.a(UARTClass.o)
                0x000845a4                UARTClass::begin(unsigned long)
 .text._ZN9UARTClass10IrqHandlerEv
                0x000845ac       0x5a C:/Users/LabPC/DOCUME~1/MATLAB/R2022a/ARDUIN~1/ARDUIN~1/FASTER~1/libcore.a(UARTClass.o)
                0x000845ac                UARTClass::IrqHandler()
 .text._ZN10USARTClass5beginEm
                0x00084606        0x8 C:/Users/LabPC/DOCUME~1/MATLAB/R2022a/ARDUIN~1/ARDUIN~1/FASTER~1/libcore.a(USARTClass.o)
                0x00084606                USARTClass::begin(unsigned long)
 *fill*         0x0008460e        0x2 
 .text._ZN10USARTClassC2EP5Usart4IRQnmP10RingBufferS4_
                0x00084610       0x24 C:/Users/LabPC/DOCUME~1/MATLAB/R2022a/ARDUIN~1/ARDUIN~1/FASTER~1/libcore.a(USARTClass.o)
                0x00084610                USARTClass::USARTClass(Usart*, IRQn, unsigned long, RingBuffer*, RingBuffer*)
                0x00084610                USARTClass::USARTClass(Usart*, IRQn, unsigned long, RingBuffer*, RingBuffer*)
 .text._Z15watchdogDisablev
                0x00084634        0xc C:/Users/LabPC/DOCUME~1/MATLAB/R2022a/ARDUIN~1/ARDUIN~1/FASTER~1/libcore.a(watchdog.o)
                0x00084634                watchdogDisable()
 .text.UART_Handler
                0x00084640        0xc C:/Users/LabPC/DOCUME~1/MATLAB/R2022a/ARDUIN~1/ARDUIN~1/FASTER~1/libcore.a(variant.o)
                0x00084640                UART_Handler
 .text.USART0_Handler
                0x0008464c        0xc C:/Users/LabPC/DOCUME~1/MATLAB/R2022a/ARDUIN~1/ARDUIN~1/FASTER~1/libcore.a(variant.o)
                0x0008464c                USART0_Handler
 .text.USART1_Handler
                0x00084658        0xc C:/Users/LabPC/DOCUME~1/MATLAB/R2022a/ARDUIN~1/ARDUIN~1/FASTER~1/libcore.a(variant.o)
                0x00084658                USART1_Handler
 .text.USART3_Handler
                0x00084664        0xc C:/Users/LabPC/DOCUME~1/MATLAB/R2022a/ARDUIN~1/ARDUIN~1/FASTER~1/libcore.a(variant.o)
                0x00084664                USART3_Handler
 .text.init     0x00084670      0x128 C:/Users/LabPC/DOCUME~1/MATLAB/R2022a/ARDUIN~1/ARDUIN~1/FASTER~1/libcore.a(variant.o)
                0x00084670                init
 .text.startup._GLOBAL__sub_I_g_APinDescription
                0x00084798       0xd4 C:/Users/LabPC/DOCUME~1/MATLAB/R2022a/ARDUIN~1/ARDUIN~1/FASTER~1/libcore.a(variant.o)
 .text._ZN5Print5writeEPKhj
                0x0008486c       0x22 C:/Users/LabPC/DOCUME~1/MATLAB/R2022a/ARDUIN~1/ARDUIN~1/FASTER~1/libcore.a(Print.o)
                0x0008486c                Print::write(unsigned char const*, unsigned int)
 .text._ZN10RingBufferC2Ev
                0x0008488e       0x1a C:/Users/LabPC/DOCUME~1/MATLAB/R2022a/ARDUIN~1/ARDUIN~1/FASTER~1/libcore.a(RingBuffer.o)
                0x0008488e                RingBuffer::RingBuffer()
                0x0008488e                RingBuffer::RingBuffer()
 .text._ZN10RingBuffer10store_charEh
                0x000848a8       0x1e C:/Users/LabPC/DOCUME~1/MATLAB/R2022a/ARDUIN~1/ARDUIN~1/FASTER~1/libcore.a(RingBuffer.o)
                0x000848a8                RingBuffer::store_char(unsigned char)
 .text.PIO_PullUp
                0x000848c6        0xa C:/ProgramData/MATLAB/SupportPackages/R2022a/aIDE/portable/packages/arduino/hardware/sam/1.6.12/variants/arduino_due_x/libsam_sam3x8e_gcc_rel.a(pio.o)
                0x000848c6                PIO_PullUp
 .text.PIO_Get  0x000848d0       0x14 C:/ProgramData/MATLAB/SupportPackages/R2022a/aIDE/portable/packages/arduino/hardware/sam/1.6.12/variants/arduino_due_x/libsam_sam3x8e_gcc_rel.a(pio.o)
                0x000848d0                PIO_Get
 .text.PIO_SetPeripheral
                0x000848e4       0x26 C:/ProgramData/MATLAB/SupportPackages/R2022a/aIDE/portable/packages/arduino/hardware/sam/1.6.12/variants/arduino_due_x/libsam_sam3x8e_gcc_rel.a(pio.o)
                0x000848e4                PIO_SetPeripheral
 .text.PIO_SetInput
                0x0008490a       0x26 C:/ProgramData/MATLAB/SupportPackages/R2022a/aIDE/portable/packages/arduino/hardware/sam/1.6.12/variants/arduino_due_x/libsam_sam3x8e_gcc_rel.a(pio.o)
                0x0008490a                PIO_SetInput
 .text.PIO_SetOutput
                0x00084930       0x24 C:/ProgramData/MATLAB/SupportPackages/R2022a/aIDE/portable/packages/arduino/hardware/sam/1.6.12/variants/arduino_due_x/libsam_sam3x8e_gcc_rel.a(pio.o)
                0x00084930                PIO_SetOutput
 .text.PIO_Configure
                0x00084954       0x64 C:/ProgramData/MATLAB/SupportPackages/R2022a/aIDE/portable/packages/arduino/hardware/sam/1.6.12/variants/arduino_due_x/libsam_sam3x8e_gcc_rel.a(pio.o)
                0x00084954                PIO_Configure
 .text.PIO_GetOutputDataStatus
                0x000849b8       0x14 C:/ProgramData/MATLAB/SupportPackages/R2022a/aIDE/portable/packages/arduino/hardware/sam/1.6.12/variants/arduino_due_x/libsam_sam3x8e_gcc_rel.a(pio.o)
                0x000849b8                PIO_GetOutputDataStatus
 .text.pmc_enable_periph_clk
                0x000849cc       0x44 C:/ProgramData/MATLAB/SupportPackages/R2022a/aIDE/portable/packages/arduino/hardware/sam/1.6.12/variants/arduino_due_x/libsam_sam3x8e_gcc_rel.a(pmc.o)
                0x000849cc                pmc_enable_periph_clk
 .text.pmc_disable_periph_clk
                0x00084a10       0x40 C:/ProgramData/MATLAB/SupportPackages/R2022a/aIDE/portable/packages/arduino/hardware/sam/1.6.12/variants/arduino_due_x/libsam_sam3x8e_gcc_rel.a(pmc.o)
                0x00084a10                pmc_disable_periph_clk
 .text.pmc_set_writeprotect
                0x00084a50       0x1c C:/ProgramData/MATLAB/SupportPackages/R2022a/aIDE/portable/packages/arduino/hardware/sam/1.6.12/variants/arduino_due_x/libsam_sam3x8e_gcc_rel.a(pmc.o)
                0x00084a50                pmc_set_writeprotect
 .text.FindClockConfiguration
                0x00084a6c       0x7c C:/ProgramData/MATLAB/SupportPackages/R2022a/aIDE/portable/packages/arduino/hardware/sam/1.6.12/variants/arduino_due_x/libsam_sam3x8e_gcc_rel.a(pwmc.o)
 .text.PWMC_ConfigureChannel
                0x00084ae8       0x60 C:/ProgramData/MATLAB/SupportPackages/R2022a/aIDE/portable/packages/arduino/hardware/sam/1.6.12/variants/arduino_due_x/libsam_sam3x8e_gcc_rel.a(pwmc.o)
                0x00084ae8                PWMC_ConfigureChannel
 .text.PWMC_ConfigureClocks
                0x00084b48       0x54 C:/ProgramData/MATLAB/SupportPackages/R2022a/aIDE/portable/packages/arduino/hardware/sam/1.6.12/variants/arduino_due_x/libsam_sam3x8e_gcc_rel.a(pwmc.o)
                0x00084b48                PWMC_ConfigureClocks
 .text.PWMC_SetPeriod
                0x00084b9c       0x1a C:/ProgramData/MATLAB/SupportPackages/R2022a/aIDE/portable/packages/arduino/hardware/sam/1.6.12/variants/arduino_due_x/libsam_sam3x8e_gcc_rel.a(pwmc.o)
                0x00084b9c                PWMC_SetPeriod
 *fill*         0x00084bb6        0x2 
 .text.PWMC_SetDutyCycle
                0x00084bb8       0x44 C:/ProgramData/MATLAB/SupportPackages/R2022a/aIDE/portable/packages/arduino/hardware/sam/1.6.12/variants/arduino_due_x/libsam_sam3x8e_gcc_rel.a(pwmc.o)
                0x00084bb8                PWMC_SetDutyCycle
 .text.PWMC_EnableChannel
                0x00084bfc        0xa C:/ProgramData/MATLAB/SupportPackages/R2022a/aIDE/portable/packages/arduino/hardware/sam/1.6.12/variants/arduino_due_x/libsam_sam3x8e_gcc_rel.a(pwmc.o)
                0x00084bfc                PWMC_EnableChannel
 *fill*         0x00084c06        0x2 
 .text.TC_Configure
                0x00084c08       0x38 C:/ProgramData/MATLAB/SupportPackages/R2022a/aIDE/portable/packages/arduino/hardware/sam/1.6.12/variants/arduino_due_x/libsam_sam3x8e_gcc_rel.a(tc.o)
                0x00084c08                TC_Configure
 .text.TC_Start
                0x00084c40       0x2c C:/ProgramData/MATLAB/SupportPackages/R2022a/aIDE/portable/packages/arduino/hardware/sam/1.6.12/variants/arduino_due_x/libsam_sam3x8e_gcc_rel.a(tc.o)
                0x00084c40                TC_Start
 .text.TC_GetStatus
                0x00084c6c        0x8 C:/ProgramData/MATLAB/SupportPackages/R2022a/aIDE/portable/packages/arduino/hardware/sam/1.6.12/variants/arduino_due_x/libsam_sam3x8e_gcc_rel.a(tc.o)
                0x00084c6c                TC_GetStatus
 .text.TC_SetRA
                0x00084c74        0x8 C:/ProgramData/MATLAB/SupportPackages/R2022a/aIDE/portable/packages/arduino/hardware/sam/1.6.12/variants/arduino_due_x/libsam_sam3x8e_gcc_rel.a(tc.o)
                0x00084c74                TC_SetRA
 .text.TC_SetRB
                0x00084c7c        0x8 C:/ProgramData/MATLAB/SupportPackages/R2022a/aIDE/portable/packages/arduino/hardware/sam/1.6.12/variants/arduino_due_x/libsam_sam3x8e_gcc_rel.a(tc.o)
                0x00084c7c                TC_SetRB
 .text.TC_SetRC
                0x00084c84        0x8 C:/ProgramData/MATLAB/SupportPackages/R2022a/aIDE/portable/packages/arduino/hardware/sam/1.6.12/variants/arduino_due_x/libsam_sam3x8e_gcc_rel.a(tc.o)
                0x00084c84                TC_SetRC
 .text.TimeTick_Increment
                0x00084c8c       0x10 C:/ProgramData/MATLAB/SupportPackages/R2022a/aIDE/portable/packages/arduino/hardware/sam/1.6.12/variants/arduino_due_x/libsam_sam3x8e_gcc_rel.a(timetick.o)
                0x00084c8c                TimeTick_Increment
 .text.GetTickCount
                0x00084c9c        0xc C:/ProgramData/MATLAB/SupportPackages/R2022a/aIDE/portable/packages/arduino/hardware/sam/1.6.12/variants/arduino_due_x/libsam_sam3x8e_gcc_rel.a(timetick.o)
                0x00084c9c                GetTickCount
 .text.WDT_Disable
                0x00084ca8        0x8 C:/ProgramData/MATLAB/SupportPackages/R2022a/aIDE/portable/packages/arduino/hardware/sam/1.6.12/variants/arduino_due_x/libsam_sam3x8e_gcc_rel.a(wdt.o)
                0x00084ca8                WDT_Disable
 .text.SystemInit
                0x00084cb0       0x88 C:/ProgramData/MATLAB/SupportPackages/R2022a/aIDE/portable/packages/arduino/hardware/sam/1.6.12/variants/arduino_due_x/libsam_sam3x8e_gcc_rel.a(system_sam3xa.o)
                0x00084cb0                SystemInit
 .text.adc_init
                0x00084d38       0x98 C:/ProgramData/MATLAB/SupportPackages/R2022a/aIDE/portable/packages/arduino/hardware/sam/1.6.12/variants/arduino_due_x/libsam_sam3x8e_gcc_rel.a(adc.o)
                0x00084d38                adc_init
 .text.adc_configure_trigger
                0x00084dd0        0xe C:/ProgramData/MATLAB/SupportPackages/R2022a/aIDE/portable/packages/arduino/hardware/sam/1.6.12/variants/arduino_due_x/libsam_sam3x8e_gcc_rel.a(adc.o)
                0x00084dd0                adc_configure_trigger
 .text.adc_configure_timing
                0x00084dde       0x1a C:/ProgramData/MATLAB/SupportPackages/R2022a/aIDE/portable/packages/arduino/hardware/sam/1.6.12/variants/arduino_due_x/libsam_sam3x8e_gcc_rel.a(adc.o)
                0x00084dde                adc_configure_timing
 .text.adc_disable_channel
                0x00084df8        0xa C:/ProgramData/MATLAB/SupportPackages/R2022a/aIDE/portable/packages/arduino/hardware/sam/1.6.12/variants/arduino_due_x/libsam_sam3x8e_gcc_rel.a(adc.o)
                0x00084df8                adc_disable_channel
 .text.adc_disable_all_channel
                0x00084e02        0x8 C:/ProgramData/MATLAB/SupportPackages/R2022a/aIDE/portable/packages/arduino/hardware/sam/1.6.12/variants/arduino_due_x/libsam_sam3x8e_gcc_rel.a(adc.o)
                0x00084e02                adc_disable_all_channel
 .text.adc_disable_interrupt
                0x00084e0a        0x4 C:/ProgramData/MATLAB/SupportPackages/R2022a/aIDE/portable/packages/arduino/hardware/sam/1.6.12/variants/arduino_due_x/libsam_sam3x8e_gcc_rel.a(adc.o)
                0x00084e0a                adc_disable_interrupt
 .text.dacc_reset
                0x00084e0e        0x6 C:/ProgramData/MATLAB/SupportPackages/R2022a/aIDE/portable/packages/arduino/hardware/sam/1.6.12/variants/arduino_due_x/libsam_sam3x8e_gcc_rel.a(dacc.o)
                0x00084e0e                dacc_reset
 .text.dacc_set_transfer_mode
                0x00084e14       0x14 C:/ProgramData/MATLAB/SupportPackages/R2022a/aIDE/portable/packages/arduino/hardware/sam/1.6.12/variants/arduino_due_x/libsam_sam3x8e_gcc_rel.a(dacc.o)
                0x00084e14                dacc_set_transfer_mode
 .text.dacc_get_interrupt_status
                0x00084e28        0x4 C:/ProgramData/MATLAB/SupportPackages/R2022a/aIDE/portable/packages/arduino/hardware/sam/1.6.12/variants/arduino_due_x/libsam_sam3x8e_gcc_rel.a(dacc.o)
                0x00084e28                dacc_get_interrupt_status
 .text.dacc_write_conversion_data
                0x00084e2c        0x4 C:/ProgramData/MATLAB/SupportPackages/R2022a/aIDE/portable/packages/arduino/hardware/sam/1.6.12/variants/arduino_due_x/libsam_sam3x8e_gcc_rel.a(dacc.o)
                0x00084e2c                dacc_write_conversion_data
 .text.dacc_set_channel_selection
                0x00084e30       0x18 C:/ProgramData/MATLAB/SupportPackages/R2022a/aIDE/portable/packages/arduino/hardware/sam/1.6.12/variants/arduino_due_x/libsam_sam3x8e_gcc_rel.a(dacc.o)
                0x00084e30                dacc_set_channel_selection
 .text.dacc_set_power_save
                0x00084e48       0x24 C:/ProgramData/MATLAB/SupportPackages/R2022a/aIDE/portable/packages/arduino/hardware/sam/1.6.12/variants/arduino_due_x/libsam_sam3x8e_gcc_rel.a(dacc.o)
                0x00084e48                dacc_set_power_save
 .text.dacc_set_timing
                0x00084e6c       0x2c C:/ProgramData/MATLAB/SupportPackages/R2022a/aIDE/portable/packages/arduino/hardware/sam/1.6.12/variants/arduino_due_x/libsam_sam3x8e_gcc_rel.a(dacc.o)
                0x00084e6c                dacc_set_timing
 .text.dacc_enable_channel
                0x00084e98       0x12 C:/ProgramData/MATLAB/SupportPackages/R2022a/aIDE/portable/packages/arduino/hardware/sam/1.6.12/variants/arduino_due_x/libsam_sam3x8e_gcc_rel.a(dacc.o)
                0x00084e98                dacc_enable_channel
 .text.dacc_get_channel_status
                0x00084eaa        0x4 C:/ProgramData/MATLAB/SupportPackages/R2022a/aIDE/portable/packages/arduino/hardware/sam/1.6.12/variants/arduino_due_x/libsam_sam3x8e_gcc_rel.a(dacc.o)
                0x00084eaa                dacc_get_channel_status
 .text.dacc_set_analog_control
                0x00084eae        0x8 C:/ProgramData/MATLAB/SupportPackages/R2022a/aIDE/portable/packages/arduino/hardware/sam/1.6.12/variants/arduino_due_x/libsam_sam3x8e_gcc_rel.a(dacc.o)
                0x00084eae                dacc_set_analog_control
 *fill*         0x00084eb6        0x2 
 .text.__fpclassifyd
                0x00084eb8       0x50 c:/programdata/matlab/supportpackages/r2022a/aide/portable/packages/arduino/tools/arm-none-eabi-gcc/4.8.3-2014q1/bin/../lib/gcc/arm-none-eabi/4.8.3/../../../../arm-none-eabi/lib/armv7-m\libm.a(lib_a-s_fpclassify.o)
                0x00084eb8                __fpclassifyd
 .text.fmod     0x00084f08       0xb4 c:/programdata/matlab/supportpackages/r2022a/aide/portable/packages/arduino/tools/arm-none-eabi-gcc/4.8.3-2014q1/bin/../lib/gcc/arm-none-eabi/4.8.3/../../../../arm-none-eabi/lib/armv7-m\libm.a(lib_a-w_fmod.o)
                0x00084f08                fmod
 .text.__ieee754_fmod
                0x00084fbc      0x278 c:/programdata/matlab/supportpackages/r2022a/aide/portable/packages/arduino/tools/arm-none-eabi-gcc/4.8.3-2014q1/bin/../lib/gcc/arm-none-eabi/4.8.3/../../../../arm-none-eabi/lib/armv7-m\libm.a(lib_a-e_fmod.o)
                0x00084fbc                __ieee754_fmod
 .text.matherr  0x00085234        0x4 c:/programdata/matlab/supportpackages/r2022a/aide/portable/packages/arduino/tools/arm-none-eabi-gcc/4.8.3-2014q1/bin/../lib/gcc/arm-none-eabi/4.8.3/../../../../arm-none-eabi/lib/armv7-m\libm.a(lib_a-s_matherr.o)
                0x00085234                matherr
 .text          0x00085238      0x370 c:/programdata/matlab/supportpackages/r2022a/aide/portable/packages/arduino/tools/arm-none-eabi-gcc/4.8.3-2014q1/bin/../lib/gcc/arm-none-eabi/4.8.3/armv7-m\libgcc.a(_arm_addsubdf3.o)
                0x00085238                __aeabi_drsub
                0x00085240                __aeabi_dsub
                0x00085240                __subdf3
                0x00085244                __aeabi_dadd
                0x00085244                __adddf3
                0x000854bc                __floatunsidf
                0x000854bc                __aeabi_ui2d
                0x000854dc                __floatsidf
                0x000854dc                __aeabi_i2d
                0x00085500                __aeabi_f2d
                0x00085500                __extendsfdf2
                0x0008553c                __floatundidf
                0x0008553c                __aeabi_ul2d
                0x0008554c                __floatdidf
                0x0008554c                __aeabi_l2d
 .text          0x000855a8      0x424 c:/programdata/matlab/supportpackages/r2022a/aide/portable/packages/arduino/tools/arm-none-eabi-gcc/4.8.3-2014q1/bin/../lib/gcc/arm-none-eabi/4.8.3/armv7-m\libgcc.a(_arm_muldivdf3.o)
                0x000855a8                __aeabi_dmul
                0x000855a8                __muldf3
                0x000857fc                __divdf3
                0x000857fc                __aeabi_ddiv
 .text          0x000859cc      0x110 c:/programdata/matlab/supportpackages/r2022a/aide/portable/packages/arduino/tools/arm-none-eabi-gcc/4.8.3-2014q1/bin/../lib/gcc/arm-none-eabi/4.8.3/armv7-m\libgcc.a(_arm_cmpdf2.o)
                0x000859cc                __gtdf2
                0x000859cc                __gedf2
                0x000859d4                __ltdf2
                0x000859d4                __ledf2
                0x000859dc                __nedf2
                0x000859dc                __eqdf2
                0x000859dc                __cmpdf2
                0x00085a58                __aeabi_cdrcmple
                0x00085a68                __aeabi_cdcmpeq
                0x00085a68                __aeabi_cdcmple
                0x00085a78                __aeabi_dcmpeq
                0x00085a8c                __aeabi_dcmplt
                0x00085aa0                __aeabi_dcmple
                0x00085ab4                __aeabi_dcmpge
                0x00085ac8                __aeabi_dcmpgt
 .text          0x00085adc       0x50 c:/programdata/matlab/supportpackages/r2022a/aide/portable/packages/arduino/tools/arm-none-eabi-gcc/4.8.3-2014q1/bin/../lib/gcc/arm-none-eabi/4.8.3/armv7-m\libgcc.a(_arm_fixdfsi.o)
                0x00085adc                __aeabi_d2iz
                0x00085adc                __fixdfsi
 .text          0x00085b2c       0x40 c:/programdata/matlab/supportpackages/r2022a/aide/portable/packages/arduino/tools/arm-none-eabi-gcc/4.8.3-2014q1/bin/../lib/gcc/arm-none-eabi/4.8.3/armv7-m\libgcc.a(_arm_fixunsdfsi.o)
                0x00085b2c                __aeabi_d2uiz
                0x00085b2c                __fixunsdfsi
 .text.__assert_func
                0x00085b6c       0x3c c:/programdata/matlab/supportpackages/r2022a/aide/portable/packages/arduino/tools/arm-none-eabi-gcc/4.8.3-2014q1/bin/../lib/gcc/arm-none-eabi/4.8.3/../../../../arm-none-eabi/lib/armv7-m\libg.a(lib_a-assert.o)
                0x00085b6c                __assert_func
 .text.__errno  0x00085ba8        0xc c:/programdata/matlab/supportpackages/r2022a/aide/portable/packages/arduino/tools/arm-none-eabi-gcc/4.8.3-2014q1/bin/../lib/gcc/arm-none-eabi/4.8.3/../../../../arm-none-eabi/lib/armv7-m\libg.a(lib_a-errno.o)
                0x00085ba8                __errno
 .text.fiprintf
                0x00085bb4       0x28 c:/programdata/matlab/supportpackages/r2022a/aide/portable/packages/arduino/tools/arm-none-eabi-gcc/4.8.3-2014q1/bin/../lib/gcc/arm-none-eabi/4.8.3/../../../../arm-none-eabi/lib/armv7-m\libg.a(lib_a-fiprintf.o)
                0x00085bb4                fiprintf
 .text.__libc_init_array
                0x00085bdc       0x50 c:/programdata/matlab/supportpackages/r2022a/aide/portable/packages/arduino/tools/arm-none-eabi-gcc/4.8.3-2014q1/bin/../lib/gcc/arm-none-eabi/4.8.3/../../../../arm-none-eabi/lib/armv7-m\libg.a(lib_a-init.o)
                0x00085bdc                __libc_init_array
 .text          0x00085c2c       0xec c:/programdata/matlab/supportpackages/r2022a/aide/portable/packages/arduino/tools/arm-none-eabi-gcc/4.8.3-2014q1/bin/../lib/gcc/arm-none-eabi/4.8.3/../../../../arm-none-eabi/lib/armv7-m\libg.a(lib_a-memcpy.o)
                0x00085c2c                memcpy
 .text.memset   0x00085d18       0x94 c:/programdata/matlab/supportpackages/r2022a/aide/portable/packages/arduino/tools/arm-none-eabi-gcc/4.8.3-2014q1/bin/../lib/gcc/arm-none-eabi/4.8.3/../../../../arm-none-eabi/lib/armv7-m\libg.a(lib_a-memset.o)
                0x00085d18                memset
 .text.strlen   0x00085dac       0x60 c:/programdata/matlab/supportpackages/r2022a/aide/portable/packages/arduino/tools/arm-none-eabi-gcc/4.8.3-2014q1/bin/../lib/gcc/arm-none-eabi/4.8.3/../../../../arm-none-eabi/lib/armv7-m\libg.a(lib_a-strlen.o)
                0x00085dac                strlen
 .text.kill     0x00085e0c       0x10 c:/programdata/matlab/supportpackages/r2022a/aide/portable/packages/arduino/tools/arm-none-eabi-gcc/4.8.3-2014q1/bin/../lib/gcc/arm-none-eabi/4.8.3/../../../../arm-none-eabi/lib/armv7-m\libg.a(lib_a-syskill.o)
                0x00085e0c                kill
 .text.__sprint_r.part.0
                0x00085e1c       0x78 c:/programdata/matlab/supportpackages/r2022a/aide/portable/packages/arduino/tools/arm-none-eabi-gcc/4.8.3-2014q1/bin/../lib/gcc/arm-none-eabi/4.8.3/../../../../arm-none-eabi/lib/armv7-m\libg.a(lib_a-vfiprintf.o)
 .text._vfiprintf_r
                0x00085e94      0xc54 c:/programdata/matlab/supportpackages/r2022a/aide/portable/packages/arduino/tools/arm-none-eabi-gcc/4.8.3-2014q1/bin/../lib/gcc/arm-none-eabi/4.8.3/../../../../arm-none-eabi/lib/armv7-m\libg.a(lib_a-vfiprintf.o)
                0x00085e94                _vfiprintf_r
 .text.__sbprintf
                0x00086ae8       0x7c c:/programdata/matlab/supportpackages/r2022a/aide/portable/packages/arduino/tools/arm-none-eabi-gcc/4.8.3-2014q1/bin/../lib/gcc/arm-none-eabi/4.8.3/../../../../arm-none-eabi/lib/armv7-m\libg.a(lib_a-vfiprintf.o)
 .text.__swsetup_r
                0x00086b64       0xc4 c:/programdata/matlab/supportpackages/r2022a/aide/portable/packages/arduino/tools/arm-none-eabi-gcc/4.8.3-2014q1/bin/../lib/gcc/arm-none-eabi/4.8.3/../../../../arm-none-eabi/lib/armv7-m\libg.a(lib_a-wsetup.o)
                0x00086b64                __swsetup_r
 .text.startup.register_fini
                0x00086c28       0x14 c:/programdata/matlab/supportpackages/r2022a/aide/portable/packages/arduino/tools/arm-none-eabi-gcc/4.8.3-2014q1/bin/../lib/gcc/arm-none-eabi/4.8.3/../../../../arm-none-eabi/lib/armv7-m\libg.a(lib_a-__call_atexit.o)
 .text.abort    0x00086c3c       0x10 c:/programdata/matlab/supportpackages/r2022a/aide/portable/packages/arduino/tools/arm-none-eabi-gcc/4.8.3-2014q1/bin/../lib/gcc/arm-none-eabi/4.8.3/../../../../arm-none-eabi/lib/armv7-m\libg.a(lib_a-abort.o)
                0x00086c3c                abort
 .text.atexit   0x00086c4c        0xc c:/programdata/matlab/supportpackages/r2022a/aide/portable/packages/arduino/tools/arm-none-eabi-gcc/4.8.3-2014q1/bin/../lib/gcc/arm-none-eabi/4.8.3/../../../../arm-none-eabi/lib/armv7-m\libg.a(lib_a-atexit.o)
                0x00086c4c                atexit
 .text.__sflush_r
                0x00086c58      0x148 c:/programdata/matlab/supportpackages/r2022a/aide/portable/packages/arduino/tools/arm-none-eabi-gcc/4.8.3-2014q1/bin/../lib/gcc/arm-none-eabi/4.8.3/../../../../arm-none-eabi/lib/armv7-m\libg.a(lib_a-fflush.o)
                0x00086c58                __sflush_r
 .text._fflush_r
                0x00086da0       0x2c c:/programdata/matlab/supportpackages/r2022a/aide/portable/packages/arduino/tools/arm-none-eabi-gcc/4.8.3-2014q1/bin/../lib/gcc/arm-none-eabi/4.8.3/../../../../arm-none-eabi/lib/armv7-m\libg.a(lib_a-fflush.o)
                0x00086da0                _fflush_r
 .text._cleanup_r
                0x00086dcc        0xc c:/programdata/matlab/supportpackages/r2022a/aide/portable/packages/arduino/tools/arm-none-eabi-gcc/4.8.3-2014q1/bin/../lib/gcc/arm-none-eabi/4.8.3/../../../../arm-none-eabi/lib/armv7-m\libg.a(lib_a-findfp.o)
                0x00086dcc                _cleanup_r
 .text.__sinit  0x00086dd8       0xf4 c:/programdata/matlab/supportpackages/r2022a/aide/portable/packages/arduino/tools/arm-none-eabi-gcc/4.8.3-2014q1/bin/../lib/gcc/arm-none-eabi/4.8.3/../../../../arm-none-eabi/lib/armv7-m\libg.a(lib_a-findfp.o)
                0x00086dd8                __sinit
 .text.__sfp_lock_acquire
                0x00086ecc        0x4 c:/programdata/matlab/supportpackages/r2022a/aide/portable/packages/arduino/tools/arm-none-eabi-gcc/4.8.3-2014q1/bin/../lib/gcc/arm-none-eabi/4.8.3/../../../../arm-none-eabi/lib/armv7-m\libg.a(lib_a-findfp.o)
                0x00086ecc                __sfp_lock_acquire
 .text.__sfp_lock_release
                0x00086ed0        0x4 c:/programdata/matlab/supportpackages/r2022a/aide/portable/packages/arduino/tools/arm-none-eabi-gcc/4.8.3-2014q1/bin/../lib/gcc/arm-none-eabi/4.8.3/../../../../arm-none-eabi/lib/armv7-m\libg.a(lib_a-findfp.o)
                0x00086ed0                __sfp_lock_release
 .text.__libc_fini_array
                0x00086ed4       0x30 c:/programdata/matlab/supportpackages/r2022a/aide/portable/packages/arduino/tools/arm-none-eabi-gcc/4.8.3-2014q1/bin/../lib/gcc/arm-none-eabi/4.8.3/../../../../arm-none-eabi/lib/armv7-m\libg.a(lib_a-fini.o)
                0x00086ed4                __libc_fini_array
 .text._fputwc_r
                0x00086f04       0xc0 c:/programdata/matlab/supportpackages/r2022a/aide/portable/packages/arduino/tools/arm-none-eabi-gcc/4.8.3-2014q1/bin/../lib/gcc/arm-none-eabi/4.8.3/../../../../arm-none-eabi/lib/armv7-m\libg.a(lib_a-fputwc.o)
                0x00086f04                _fputwc_r
 .text._malloc_trim_r
                0x00086fc4       0x9c c:/programdata/matlab/supportpackages/r2022a/aide/portable/packages/arduino/tools/arm-none-eabi-gcc/4.8.3-2014q1/bin/../lib/gcc/arm-none-eabi/4.8.3/../../../../arm-none-eabi/lib/armv7-m\libg.a(lib_a-freer.o)
                0x00086fc4                _malloc_trim_r
 .text._free_r  0x00087060      0x198 c:/programdata/matlab/supportpackages/r2022a/aide/portable/packages/arduino/tools/arm-none-eabi-gcc/4.8.3-2014q1/bin/../lib/gcc/arm-none-eabi/4.8.3/../../../../arm-none-eabi/lib/armv7-m\libg.a(lib_a-freer.o)
                0x00087060                _free_r
 .text.__sfvwrite_r
                0x000871f8      0x314 c:/programdata/matlab/supportpackages/r2022a/aide/portable/packages/arduino/tools/arm-none-eabi-gcc/4.8.3-2014q1/bin/../lib/gcc/arm-none-eabi/4.8.3/../../../../arm-none-eabi/lib/armv7-m\libg.a(lib_a-fvwrite.o)
                0x000871f8                __sfvwrite_r
 .text._fwalk   0x0008750c       0x48 c:/programdata/matlab/supportpackages/r2022a/aide/portable/packages/arduino/tools/arm-none-eabi-gcc/4.8.3-2014q1/bin/../lib/gcc/arm-none-eabi/4.8.3/../../../../arm-none-eabi/lib/armv7-m\libg.a(lib_a-fwalk.o)
                0x0008750c                _fwalk
 .text.__locale_charset
                0x00087554        0x8 c:/programdata/matlab/supportpackages/r2022a/aide/portable/packages/arduino/tools/arm-none-eabi-gcc/4.8.3-2014q1/bin/../lib/gcc/arm-none-eabi/4.8.3/../../../../arm-none-eabi/lib/armv7-m\libg.a(lib_a-locale.o)
                0x00087554                __locale_charset
 .text.__locale_mb_cur_max
                0x0008755c        0xc c:/programdata/matlab/supportpackages/r2022a/aide/portable/packages/arduino/tools/arm-none-eabi-gcc/4.8.3-2014q1/bin/../lib/gcc/arm-none-eabi/4.8.3/../../../../arm-none-eabi/lib/armv7-m\libg.a(lib_a-locale.o)
                0x0008755c                __locale_mb_cur_max
 .text.__smakebuf_r
                0x00087568       0xe0 c:/programdata/matlab/supportpackages/r2022a/aide/portable/packages/arduino/tools/arm-none-eabi-gcc/4.8.3-2014q1/bin/../lib/gcc/arm-none-eabi/4.8.3/../../../../arm-none-eabi/lib/armv7-m\libg.a(lib_a-makebuf.o)
                0x00087568                __smakebuf_r
 .text._malloc_r
                0x00087648      0x538 c:/programdata/matlab/supportpackages/r2022a/aide/portable/packages/arduino/tools/arm-none-eabi-gcc/4.8.3-2014q1/bin/../lib/gcc/arm-none-eabi/4.8.3/../../../../arm-none-eabi/lib/armv7-m\libg.a(lib_a-mallocr.o)
                0x00087648                _malloc_r
 .text.memchr   0x00087b80       0x94 c:/programdata/matlab/supportpackages/r2022a/aide/portable/packages/arduino/tools/arm-none-eabi-gcc/4.8.3-2014q1/bin/../lib/gcc/arm-none-eabi/4.8.3/../../../../arm-none-eabi/lib/armv7-m\libg.a(lib_a-memchr-stub.o)
                0x00087b80                memchr
 .text.memmove  0x00087c14       0xcc c:/programdata/matlab/supportpackages/r2022a/aide/portable/packages/arduino/tools/arm-none-eabi-gcc/4.8.3-2014q1/bin/../lib/gcc/arm-none-eabi/4.8.3/../../../../arm-none-eabi/lib/armv7-m\libg.a(lib_a-memmove.o)
                0x00087c14                memmove
 .text.__malloc_lock
                0x00087ce0        0x4 c:/programdata/matlab/supportpackages/r2022a/aide/portable/packages/arduino/tools/arm-none-eabi-gcc/4.8.3-2014q1/bin/../lib/gcc/arm-none-eabi/4.8.3/../../../../arm-none-eabi/lib/armv7-m\libg.a(lib_a-mlock.o)
                0x00087ce0                __malloc_lock
 .text.__malloc_unlock
                0x00087ce4        0x4 c:/programdata/matlab/supportpackages/r2022a/aide/portable/packages/arduino/tools/arm-none-eabi-gcc/4.8.3-2014q1/bin/../lib/gcc/arm-none-eabi/4.8.3/../../../../arm-none-eabi/lib/armv7-m\libg.a(lib_a-mlock.o)
                0x00087ce4                __malloc_unlock
 .text._realloc_r
                0x00087ce8      0x3c0 c:/programdata/matlab/supportpackages/r2022a/aide/portable/packages/arduino/tools/arm-none-eabi-gcc/4.8.3-2014q1/bin/../lib/gcc/arm-none-eabi/4.8.3/../../../../arm-none-eabi/lib/armv7-m\libg.a(lib_a-reallocr.o)
                0x00087ce8                _realloc_r
 .text._sbrk_r  0x000880a8       0x24 c:/programdata/matlab/supportpackages/r2022a/aide/portable/packages/arduino/tools/arm-none-eabi-gcc/4.8.3-2014q1/bin/../lib/gcc/arm-none-eabi/4.8.3/../../../../arm-none-eabi/lib/armv7-m\libg.a(lib_a-sbrkr.o)
                0x000880a8                _sbrk_r
 .text._raise_r
                0x000880cc       0x58 c:/programdata/matlab/supportpackages/r2022a/aide/portable/packages/arduino/tools/arm-none-eabi-gcc/4.8.3-2014q1/bin/../lib/gcc/arm-none-eabi/4.8.3/../../../../arm-none-eabi/lib/armv7-m\libg.a(lib_a-signal.o)
                0x000880cc                _raise_r
 .text.raise    0x00088124       0x10 c:/programdata/matlab/supportpackages/r2022a/aide/portable/packages/arduino/tools/arm-none-eabi-gcc/4.8.3-2014q1/bin/../lib/gcc/arm-none-eabi/4.8.3/../../../../arm-none-eabi/lib/armv7-m\libg.a(lib_a-signal.o)
                0x00088124                raise
 .text._kill_r  0x00088134       0x28 c:/programdata/matlab/supportpackages/r2022a/aide/portable/packages/arduino/tools/arm-none-eabi-gcc/4.8.3-2014q1/bin/../lib/gcc/arm-none-eabi/4.8.3/../../../../arm-none-eabi/lib/armv7-m\libg.a(lib_a-signalr.o)
                0x00088134                _kill_r
 .text._getpid_r
                0x0008815c        0x4 c:/programdata/matlab/supportpackages/r2022a/aide/portable/packages/arduino/tools/arm-none-eabi-gcc/4.8.3-2014q1/bin/../lib/gcc/arm-none-eabi/4.8.3/../../../../arm-none-eabi/lib/armv7-m\libg.a(lib_a-signalr.o)
                0x0008815c                _getpid_r
 .text.__sread  0x00088160       0x24 c:/programdata/matlab/supportpackages/r2022a/aide/portable/packages/arduino/tools/arm-none-eabi-gcc/4.8.3-2014q1/bin/../lib/gcc/arm-none-eabi/4.8.3/../../../../arm-none-eabi/lib/armv7-m\libg.a(lib_a-stdio.o)
                0x00088160                __sread
 .text.__swrite
                0x00088184       0x38 c:/programdata/matlab/supportpackages/r2022a/aide/portable/packages/arduino/tools/arm-none-eabi-gcc/4.8.3-2014q1/bin/../lib/gcc/arm-none-eabi/4.8.3/../../../../arm-none-eabi/lib/armv7-m\libg.a(lib_a-stdio.o)
                0x00088184                __swrite
 .text.__sseek  0x000881bc       0x20 c:/programdata/matlab/supportpackages/r2022a/aide/portable/packages/arduino/tools/arm-none-eabi-gcc/4.8.3-2014q1/bin/../lib/gcc/arm-none-eabi/4.8.3/../../../../arm-none-eabi/lib/armv7-m\libg.a(lib_a-stdio.o)
                0x000881bc                __sseek
 .text.__sclose
                0x000881dc        0x8 c:/programdata/matlab/supportpackages/r2022a/aide/portable/packages/arduino/tools/arm-none-eabi-gcc/4.8.3-2014q1/bin/../lib/gcc/arm-none-eabi/4.8.3/../../../../arm-none-eabi/lib/armv7-m\libg.a(lib_a-stdio.o)
                0x000881dc                __sclose
 .text.__swbuf_r
                0x000881e4       0xa8 c:/programdata/matlab/supportpackages/r2022a/aide/portable/packages/arduino/tools/arm-none-eabi-gcc/4.8.3-2014q1/bin/../lib/gcc/arm-none-eabi/4.8.3/../../../../arm-none-eabi/lib/armv7-m\libg.a(lib_a-wbuf.o)
                0x000881e4                __swbuf_r
 .text._wcrtomb_r
                0x0008828c       0x50 c:/programdata/matlab/supportpackages/r2022a/aide/portable/packages/arduino/tools/arm-none-eabi-gcc/4.8.3-2014q1/bin/../lib/gcc/arm-none-eabi/4.8.3/../../../../arm-none-eabi/lib/armv7-m\libg.a(lib_a-wcrtomb.o)
                0x0008828c                _wcrtomb_r
 .text.__ascii_wctomb
                0x000882dc       0x1c c:/programdata/matlab/supportpackages/r2022a/aide/portable/packages/arduino/tools/arm-none-eabi-gcc/4.8.3-2014q1/bin/../lib/gcc/arm-none-eabi/4.8.3/../../../../arm-none-eabi/lib/armv7-m\libg.a(lib_a-wctomb_r.o)
                0x000882dc                __ascii_wctomb
 .text._write_r
                0x000882f8       0x28 c:/programdata/matlab/supportpackages/r2022a/aide/portable/packages/arduino/tools/arm-none-eabi-gcc/4.8.3-2014q1/bin/../lib/gcc/arm-none-eabi/4.8.3/../../../../arm-none-eabi/lib/armv7-m\libg.a(lib_a-writer.o)
                0x000882f8                _write_r
 .text.__register_exitproc
                0x00088320       0xa8 c:/programdata/matlab/supportpackages/r2022a/aide/portable/packages/arduino/tools/arm-none-eabi-gcc/4.8.3-2014q1/bin/../lib/gcc/arm-none-eabi/4.8.3/../../../../arm-none-eabi/lib/armv7-m\libg.a(lib_a-__atexit.o)
                0x00088320                __register_exitproc
 .text._close_r
                0x000883c8       0x24 c:/programdata/matlab/supportpackages/r2022a/aide/portable/packages/arduino/tools/arm-none-eabi-gcc/4.8.3-2014q1/bin/../lib/gcc/arm-none-eabi/4.8.3/../../../../arm-none-eabi/lib/armv7-m\libg.a(lib_a-closer.o)
                0x000883c8                _close_r
 .text._fclose_r
                0x000883ec       0x80 c:/programdata/matlab/supportpackages/r2022a/aide/portable/packages/arduino/tools/arm-none-eabi-gcc/4.8.3-2014q1/bin/../lib/gcc/arm-none-eabi/4.8.3/../../../../arm-none-eabi/lib/armv7-m\libg.a(lib_a-fclose.o)
                0x000883ec                _fclose_r
 .text.fclose   0x0008846c       0x10 c:/programdata/matlab/supportpackages/r2022a/aide/portable/packages/arduino/tools/arm-none-eabi-gcc/4.8.3-2014q1/bin/../lib/gcc/arm-none-eabi/4.8.3/../../../../arm-none-eabi/lib/armv7-m\libg.a(lib_a-fclose.o)
                0x0008846c                fclose
 .text._fstat_r
                0x0008847c       0x28 c:/programdata/matlab/supportpackages/r2022a/aide/portable/packages/arduino/tools/arm-none-eabi-gcc/4.8.3-2014q1/bin/../lib/gcc/arm-none-eabi/4.8.3/../../../../arm-none-eabi/lib/armv7-m\libg.a(lib_a-fstatr.o)
                0x0008847c                _fstat_r
 .text._isatty_r
                0x000884a4       0x24 c:/programdata/matlab/supportpackages/r2022a/aide/portable/packages/arduino/tools/arm-none-eabi-gcc/4.8.3-2014q1/bin/../lib/gcc/arm-none-eabi/4.8.3/../../../../arm-none-eabi/lib/armv7-m\libg.a(lib_a-isattyr.o)
                0x000884a4                _isatty_r
 .text._lseek_r
                0x000884c8       0x28 c:/programdata/matlab/supportpackages/r2022a/aide/portable/packages/arduino/tools/arm-none-eabi-gcc/4.8.3-2014q1/bin/../lib/gcc/arm-none-eabi/4.8.3/../../../../arm-none-eabi/lib/armv7-m\libg.a(lib_a-lseekr.o)
                0x000884c8                _lseek_r
 .text._read_r  0x000884f0       0x28 c:/programdata/matlab/supportpackages/r2022a/aide/portable/packages/arduino/tools/arm-none-eabi-gcc/4.8.3-2014q1/bin/../lib/gcc/arm-none-eabi/4.8.3/../../../../arm-none-eabi/lib/armv7-m\libg.a(lib_a-readr.o)
                0x000884f0                _read_r
 .text          0x00088518       0x2c c:/programdata/matlab/supportpackages/r2022a/aide/portable/packages/arduino/tools/arm-none-eabi-gcc/4.8.3-2014q1/bin/../lib/gcc/arm-none-eabi/4.8.3/armv7-m\libgcc.a(_aeabi_uldivmod.o)
                0x00088518                __aeabi_uldivmod
 .text          0x00088544       0x60 c:/programdata/matlab/supportpackages/r2022a/aide/portable/packages/arduino/tools/arm-none-eabi-gcc/4.8.3-2014q1/bin/../lib/gcc/arm-none-eabi/4.8.3/armv7-m\libgcc.a(bpabi.o)
                0x00088544                __gnu_ldivmod_helper
                0x00088574                __gnu_uldivmod_helper
 .text          0x000885a4        0x4 c:/programdata/matlab/supportpackages/r2022a/aide/portable/packages/arduino/tools/arm-none-eabi-gcc/4.8.3-2014q1/bin/../lib/gcc/arm-none-eabi/4.8.3/armv7-m\libgcc.a(_dvmd_tls.o)
                0x000885a4                __aeabi_idiv0
                0x000885a4                __aeabi_ldiv0
 .text          0x000885a8      0x2a0 c:/programdata/matlab/supportpackages/r2022a/aide/portable/packages/arduino/tools/arm-none-eabi-gcc/4.8.3-2014q1/bin/../lib/gcc/arm-none-eabi/4.8.3/armv7-m\libgcc.a(_divdi3.o)
                0x000885a8                __divdi3
 .text          0x00088848      0x290 c:/programdata/matlab/supportpackages/r2022a/aide/portable/packages/arduino/tools/arm-none-eabi-gcc/4.8.3-2014q1/bin/../lib/gcc/arm-none-eabi/4.8.3/armv7-m\libgcc.a(_udivdi3.o)
                0x00088848                __udivdi3
 *(.glue_7t)
 .glue_7t       0x00000000        0x0 linker stubs
 *(.glue_7)
 .glue_7        0x00000000        0x0 linker stubs
 *(.rodata .rodata* .gnu.linkonce.r.*)
 .rodata.channelToTC.9455
                0x00088ad8       0x48 MW_PWMDriver.o
 .rodata.channelToChNo.9470
                0x00088b20       0x48 MW_PWMDriver.o
 .rodata.channelToId.9473
                0x00088b68       0x48 MW_PWMDriver.o
 .rodata.channelToTC.9472
                0x00088bb0       0x48 MW_PWMDriver.o
 .rodata.channelToAB.9454
                0x00088bf8       0x48 MW_PWMDriver.o
 .rodata.channelToChNo.9453
                0x00088c40       0x48 MW_PWMDriver.o
 .rodata.str1.1
                0x00088c88        0x5 Torque_control.o
 *fill*         0x00088c8d        0x3 
 .rodata.Torque_control_M
                0x00088c90        0x4 Torque_control.o
                0x00088c90                Torque_control_M
 .rodata.rtAlwaysEnabled.9896
                0x00088c94        0x1 Torque_control.o
 *fill*         0x00088c95        0x3 
 .rodata.standardSupportedRxPacket
                0x00088c98       0x54 xcp_standard.o
 .rodata.daqSupportedRxPacket
                0x00088cec       0x90 xcp_daq.o
 .rodata.calibrationSupportedRxPacket
                0x00088d7c       0x18 xcp_calibration.o
 .rodata.xcpMemMainBlocksNumber
                0x00088d94        0xc xcp_mem_default.o
 .rodata.xcpMemMainBlockSizes
                0x00088da0        0xc xcp_mem_default.o
 .rodata.channelToId.9433
                0x00088dac       0x48 C:/Users/LabPC/DOCUME~1/MATLAB/R2022a/ARDUIN~1/ARDUIN~1/FASTER~1/libcore.a(wiring_analog.o)
 .rodata.channelToTC.9432
                0x00088df4       0x48 C:/Users/LabPC/DOCUME~1/MATLAB/R2022a/ARDUIN~1/ARDUIN~1/FASTER~1/libcore.a(wiring_analog.o)
 .rodata.channelToChNo.9430
                0x00088e3c       0x48 C:/Users/LabPC/DOCUME~1/MATLAB/R2022a/ARDUIN~1/ARDUIN~1/FASTER~1/libcore.a(wiring_analog.o)
 .rodata.channelToAB.9431
                0x00088e84       0x48 C:/Users/LabPC/DOCUME~1/MATLAB/R2022a/ARDUIN~1/ARDUIN~1/FASTER~1/libcore.a(wiring_analog.o)
 *fill*         0x00088ecc        0x4 
 .rodata._ZTV9UARTClass
                0x00088ed0       0x30 C:/Users/LabPC/DOCUME~1/MATLAB/R2022a/ARDUIN~1/ARDUIN~1/FASTER~1/libcore.a(UARTClass.o)
                0x00088ed0                vtable for UARTClass
 .rodata._ZTV10USARTClass
                0x00088f00       0x30 C:/Users/LabPC/DOCUME~1/MATLAB/R2022a/ARDUIN~1/ARDUIN~1/FASTER~1/libcore.a(USARTClass.o)
                0x00088f00                vtable for USARTClass
 .rodata.g_APinDescription
                0x00088f30      0xa2c C:/Users/LabPC/DOCUME~1/MATLAB/R2022a/ARDUIN~1/ARDUIN~1/FASTER~1/libcore.a(variant.o)
                0x00088f30                g_APinDescription
 .rodata        0x0008995c       0x2c C:/ProgramData/MATLAB/SupportPackages/R2022a/aIDE/portable/packages/arduino/hardware/sam/1.6.12/variants/arduino_due_x/libsam_sam3x8e_gcc_rel.a(pwmc.o)
 .rodata.__func__.6830
                0x00089988       0x15 C:/ProgramData/MATLAB/SupportPackages/R2022a/aIDE/portable/packages/arduino/hardware/sam/1.6.12/variants/arduino_due_x/libsam_sam3x8e_gcc_rel.a(pwmc.o)
 .rodata.__func__.6841
                0x0008999d       0x12 C:/ProgramData/MATLAB/SupportPackages/R2022a/aIDE/portable/packages/arduino/hardware/sam/1.6.12/variants/arduino_due_x/libsam_sam3x8e_gcc_rel.a(pwmc.o)
 .rodata.str1.1
                0x000899af      0x1cc C:/ProgramData/MATLAB/SupportPackages/R2022a/aIDE/portable/packages/arduino/hardware/sam/1.6.12/variants/arduino_due_x/libsam_sam3x8e_gcc_rel.a(pwmc.o)
 .rodata.__func__.6804
                0x00089b7b       0x16 C:/ProgramData/MATLAB/SupportPackages/R2022a/aIDE/portable/packages/arduino/hardware/sam/1.6.12/variants/arduino_due_x/libsam_sam3x8e_gcc_rel.a(pwmc.o)
 .rodata.__func__.6793
                0x00089b91       0x17 C:/ProgramData/MATLAB/SupportPackages/R2022a/aIDE/portable/packages/arduino/hardware/sam/1.6.12/variants/arduino_due_x/libsam_sam3x8e_gcc_rel.a(pwmc.o)
 .rodata.__func__.6792
                0x00089ba8        0xd C:/ProgramData/MATLAB/SupportPackages/R2022a/aIDE/portable/packages/arduino/hardware/sam/1.6.12/variants/arduino_due_x/libsam_sam3x8e_gcc_rel.a(tc.o)
 .rodata.str1.1
                0x00089bb5       0x54 C:/ProgramData/MATLAB/SupportPackages/R2022a/aIDE/portable/packages/arduino/hardware/sam/1.6.12/variants/arduino_due_x/libsam_sam3x8e_gcc_rel.a(tc.o)
 .rodata.__func__.6798
                0x00089c09        0x9 C:/ProgramData/MATLAB/SupportPackages/R2022a/aIDE/portable/packages/arduino/hardware/sam/1.6.12/variants/arduino_due_x/libsam_sam3x8e_gcc_rel.a(tc.o)
 *fill*         0x00089c12        0x2 
 .rodata        0x00089c14       0x40 C:/ProgramData/MATLAB/SupportPackages/R2022a/aIDE/portable/packages/arduino/hardware/sam/1.6.12/variants/arduino_due_x/libsam_sam3x8e_gcc_rel.a(adc.o)
 .rodata.str1.4
                0x00089c54        0x5 c:/programdata/matlab/supportpackages/r2022a/aide/portable/packages/arduino/tools/arm-none-eabi-gcc/4.8.3-2014q1/bin/../lib/gcc/arm-none-eabi/4.8.3/../../../../arm-none-eabi/lib/armv7-m\libm.a(lib_a-w_fmod.o)
                                  0x8 (size before relaxing)
 *fill*         0x00089c59        0x7 
 .rodata.Zero   0x00089c60       0x10 c:/programdata/matlab/supportpackages/r2022a/aide/portable/packages/arduino/tools/arm-none-eabi-gcc/4.8.3-2014q1/bin/../lib/gcc/arm-none-eabi/4.8.3/../../../../arm-none-eabi/lib/armv7-m\libm.a(lib_a-e_fmod.o)
 .rodata.str1.4
                0x00089c70       0x3f c:/programdata/matlab/supportpackages/r2022a/aide/portable/packages/arduino/tools/arm-none-eabi-gcc/4.8.3-2014q1/bin/../lib/gcc/arm-none-eabi/4.8.3/../../../../arm-none-eabi/lib/armv7-m\libg.a(lib_a-assert.o)
                                 0x44 (size before relaxing)
 *fill*         0x00089caf        0x1 
 .rodata.str1.4
                0x00089cb0        0x2 c:/programdata/matlab/supportpackages/r2022a/aide/portable/packages/arduino/tools/arm-none-eabi-gcc/4.8.3-2014q1/bin/../lib/gcc/arm-none-eabi/4.8.3/../../../../arm-none-eabi/lib/armv7-m\libg.a(lib_a-impure.o)
                                  0x4 (size before relaxing)
 *fill*         0x00089cb2        0x2 
 .rodata._global_impure_ptr
                0x00089cb4        0x4 c:/programdata/matlab/supportpackages/r2022a/aide/portable/packages/arduino/tools/arm-none-eabi-gcc/4.8.3-2014q1/bin/../lib/gcc/arm-none-eabi/4.8.3/../../../../arm-none-eabi/lib/armv7-m\libg.a(lib_a-impure.o)
                0x00089cb4                _global_impure_ptr
 .rodata.blanks.6717
                0x00089cb8       0x10 c:/programdata/matlab/supportpackages/r2022a/aide/portable/packages/arduino/tools/arm-none-eabi-gcc/4.8.3-2014q1/bin/../lib/gcc/arm-none-eabi/4.8.3/../../../../arm-none-eabi/lib/armv7-m\libg.a(lib_a-vfiprintf.o)
 .rodata.str1.4
                0x00089cc8       0x30 c:/programdata/matlab/supportpackages/r2022a/aide/portable/packages/arduino/tools/arm-none-eabi-gcc/4.8.3-2014q1/bin/../lib/gcc/arm-none-eabi/4.8.3/../../../../arm-none-eabi/lib/armv7-m\libg.a(lib_a-vfiprintf.o)
 .rodata.zeroes.6718
                0x00089cf8       0x10 c:/programdata/matlab/supportpackages/r2022a/aide/portable/packages/arduino/tools/arm-none-eabi-gcc/4.8.3-2014q1/bin/../lib/gcc/arm-none-eabi/4.8.3/../../../../arm-none-eabi/lib/armv7-m\libg.a(lib_a-vfiprintf.o)
 *(.ARM.extab* .gnu.linkonce.armextab.*)
                0x00089d08                . = ALIGN (0x4)
 *(.init)
 .init          0x00089d08        0x4 c:/programdata/matlab/supportpackages/r2022a/aide/portable/packages/arduino/tools/arm-none-eabi-gcc/4.8.3-2014q1/bin/../lib/gcc/arm-none-eabi/4.8.3/armv7-m/crti.o
                0x00089d08                _init
 .init          0x00089d0c        0x8 c:/programdata/matlab/supportpackages/r2022a/aide/portable/packages/arduino/tools/arm-none-eabi-gcc/4.8.3-2014q1/bin/../lib/gcc/arm-none-eabi/4.8.3/armv7-m/crtn.o
                0x00089d14                . = ALIGN (0x4)
                0x00089d14                __preinit_array_start = .
 *(.preinit_array)
                0x00089d14                __preinit_array_end = .
                0x00089d14                . = ALIGN (0x4)
                0x00089d14                __init_array_start = .
 *(SORT(.init_array.*))
 .init_array.00000
                0x00089d14        0x4 c:/programdata/matlab/supportpackages/r2022a/aide/portable/packages/arduino/tools/arm-none-eabi-gcc/4.8.3-2014q1/bin/../lib/gcc/arm-none-eabi/4.8.3/../../../../arm-none-eabi/lib/armv7-m\libg.a(lib_a-__call_atexit.o)
 *(.init_array)
 .init_array    0x00089d18        0x4 c:/programdata/matlab/supportpackages/r2022a/aide/portable/packages/arduino/tools/arm-none-eabi-gcc/4.8.3-2014q1/bin/../lib/gcc/arm-none-eabi/4.8.3/armv7-m/crtbegin.o
 .init_array    0x00089d1c        0x4 C:/Users/LabPC/DOCUME~1/MATLAB/R2022a/ARDUIN~1/ARDUIN~1/FASTER~1/libcore.a(variant.o)
                0x00089d20                __init_array_end = .
                0x00089d20                . = ALIGN (0x4)
 *crtbegin.o(.ctors)
 *(EXCLUDE_FILE(*crtend.o) .ctors)
 *(SORT(.ctors.*))
 *crtend.o(.ctors)
                0x00089d20                . = ALIGN (0x4)
 *(.fini)
 .fini          0x00089d20        0x4 c:/programdata/matlab/supportpackages/r2022a/aide/portable/packages/arduino/tools/arm-none-eabi-gcc/4.8.3-2014q1/bin/../lib/gcc/arm-none-eabi/4.8.3/armv7-m/crti.o
                0x00089d20                _fini
 .fini          0x00089d24        0x8 c:/programdata/matlab/supportpackages/r2022a/aide/portable/packages/arduino/tools/arm-none-eabi-gcc/4.8.3-2014q1/bin/../lib/gcc/arm-none-eabi/4.8.3/armv7-m/crtn.o
                0x00089d2c                . = ALIGN (0x4)
                0x00089d2c                __fini_array_start = .
 *(.fini_array)
 .fini_array    0x00089d2c        0x4 c:/programdata/matlab/supportpackages/r2022a/aide/portable/packages/arduino/tools/arm-none-eabi-gcc/4.8.3-2014q1/bin/../lib/gcc/arm-none-eabi/4.8.3/armv7-m/crtbegin.o
 *(SORT(.fini_array.*))
                0x00089d30                __fini_array_end = .
 *crtbegin.o(.dtors)
 *(EXCLUDE_FILE(*crtend.o) .dtors)
 *(SORT(.dtors.*))
 *crtend.o(.dtors)
                0x00089d30                . = ALIGN (0x4)
                0x00089d30                _efixed = .
                0x00089d30                PROVIDE (__exidx_start, .)

.vfp11_veneer   0x00089d30        0x0
 .vfp11_veneer  0x00000000        0x0 linker stubs

.v4_bx          0x00089d30        0x0
 .v4_bx         0x00000000        0x0 linker stubs

.iplt           0x00089d30        0x0
 .iplt          0x00000000        0x0 c:/programdata/matlab/supportpackages/r2022a/aide/portable/packages/arduino/tools/arm-none-eabi-gcc/4.8.3-2014q1/bin/../lib/gcc/arm-none-eabi/4.8.3/armv7-m/crtbegin.o

.ARM.exidx      0x00089d30        0x8
 *(.ARM.exidx* .gnu.linkonce.armexidx.*)
 .ARM.exidx     0x00089d30        0x8 c:/programdata/matlab/supportpackages/r2022a/aide/portable/packages/arduino/tools/arm-none-eabi-gcc/4.8.3-2014q1/bin/../lib/gcc/arm-none-eabi/4.8.3/armv7-m\libgcc.a(_divdi3.o)
 .ARM.exidx     0x00089d38        0x0 c:/programdata/matlab/supportpackages/r2022a/aide/portable/packages/arduino/tools/arm-none-eabi-gcc/4.8.3-2014q1/bin/../lib/gcc/arm-none-eabi/4.8.3/armv7-m\libgcc.a(_udivdi3.o)
                                  0x8 (size before relaxing)
                0x00089d38                PROVIDE (__exidx_end, .)

.eh_frame       0x00089d38        0x0
 .eh_frame      0x00089d38        0x0 c:/programdata/matlab/supportpackages/r2022a/aide/portable/packages/arduino/tools/arm-none-eabi-gcc/4.8.3-2014q1/bin/../lib/gcc/arm-none-eabi/4.8.3/armv7-m/crtbegin.o

.rel.dyn        0x00089d38        0x0
 .rel.iplt      0x00000000        0x0 c:/programdata/matlab/supportpackages/r2022a/aide/portable/packages/arduino/tools/arm-none-eabi-gcc/4.8.3-2014q1/bin/../lib/gcc/arm-none-eabi/4.8.3/armv7-m/crtbegin.o

.jcr            0x00089d38        0x0
 .jcr           0x00089d38        0x0 c:/programdata/matlab/supportpackages/r2022a/aide/portable/packages/arduino/tools/arm-none-eabi-gcc/4.8.3-2014q1/bin/../lib/gcc/arm-none-eabi/4.8.3/armv7-m/crtbegin.o

.igot.plt       0x00089d38        0x0
 .igot.plt      0x00000000        0x0 c:/programdata/matlab/supportpackages/r2022a/aide/portable/packages/arduino/tools/arm-none-eabi-gcc/4.8.3-2014q1/bin/../lib/gcc/arm-none-eabi/4.8.3/armv7-m/crtbegin.o
                0x00089d38                . = ALIGN (0x4)
                0x00089d38                _etext = .

.relocate       0x20070000      0x91c load address 0x00089d38
                0x20070000                . = ALIGN (0x4)
                0x20070000                _srelocate = .
 *(.ramfunc .ramfunc.*)
 .ramfunc       0x20070000       0x2c C:/Users/LabPC/DOCUME~1/MATLAB/R2022a/ARDUIN~1/ARDUIN~1/FASTER~1/libcore.a(Reset.o)
                0x20070000                banzai
 *(.data .data.*)
 *fill*         0x2007002c        0x4 
 .data.Torque_control_P
                0x20070030       0x48 Torque_control_data.o
                0x20070030                Torque_control_P
 .data.xcpExtmodeFinalSimulationTime
                0x20070078        0x8 xcp_ext_common.o
                0x20070078                xcpExtmodeFinalSimulationTime
 .data.xcpClassicTriggerDuration
                0x20070080        0x4 xcp_ext_classic_trigger.o
                0x20070080                xcpClassicTriggerDuration
 .data.xcpClassicTriggerArmRequest
                0x20070084        0x1 xcp_ext_classic_trigger.o
                0x20070084                xcpClassicTriggerArmRequest
 *fill*         0x20070085        0x3 
 .data.startStopDaqListId
                0x20070088        0x4 xcp_daq.o
 .data.xcpEventCustomMemoryManager
                0x2007008c        0xc xcp_daq.o
 .data.xcpCurrentDaq
                0x20070098        0x4 xcp_daq.o
 .data.xcpCtoReservedMemPoolId
                0x2007009c        0x4 xcp_transport.o
 .data.drvID    0x200700a0        0x4 xcp_drv_rtiostream.o
 .data.xcpCtoReservedMemPoolId
                0x200700a4        0x4 xcp_frame_serial.o
 .data._writeResolution
                0x200700a8        0x4 C:/Users/LabPC/DOCUME~1/MATLAB/R2022a/ARDUIN~1/ARDUIN~1/FASTER~1/libcore.a(wiring_analog.o)
 .data._ZL5ticks
                0x200700ac        0x4 C:/Users/LabPC/DOCUME~1/MATLAB/R2022a/ARDUIN~1/ARDUIN~1/FASTER~1/libcore.a(Reset.o)
 .data.SystemCoreClock
                0x200700b0        0x4 C:/ProgramData/MATLAB/SupportPackages/R2022a/aIDE/portable/packages/arduino/hardware/sam/1.6.12/variants/arduino_due_x/libsam_sam3x8e_gcc_rel.a(system_sam3xa.o)
                0x200700b0                SystemCoreClock
 .data.__fdlib_version
                0x200700b4        0x1 c:/programdata/matlab/supportpackages/r2022a/aide/portable/packages/arduino/tools/arm-none-eabi-gcc/4.8.3-2014q1/bin/../lib/gcc/arm-none-eabi/4.8.3/../../../../arm-none-eabi/lib/armv7-m\libm.a(lib_a-s_lib_ver.o)
                0x200700b4                __fdlib_version
 *fill*         0x200700b5        0x3 
 .data.impure_data
                0x200700b8      0x428 c:/programdata/matlab/supportpackages/r2022a/aide/portable/packages/arduino/tools/arm-none-eabi-gcc/4.8.3-2014q1/bin/../lib/gcc/arm-none-eabi/4.8.3/../../../../arm-none-eabi/lib/armv7-m\libg.a(lib_a-impure.o)
 .data._impure_ptr
                0x200704e0        0x4 c:/programdata/matlab/supportpackages/r2022a/aide/portable/packages/arduino/tools/arm-none-eabi-gcc/4.8.3-2014q1/bin/../lib/gcc/arm-none-eabi/4.8.3/../../../../arm-none-eabi/lib/armv7-m\libg.a(lib_a-impure.o)
                0x200704e0                _impure_ptr
 .data.lc_ctype_charset
                0x200704e4       0x20 c:/programdata/matlab/supportpackages/r2022a/aide/portable/packages/arduino/tools/arm-none-eabi-gcc/4.8.3-2014q1/bin/../lib/gcc/arm-none-eabi/4.8.3/../../../../arm-none-eabi/lib/armv7-m\libg.a(lib_a-locale.o)
 .data.__mb_cur_max
                0x20070504        0x4 c:/programdata/matlab/supportpackages/r2022a/aide/portable/packages/arduino/tools/arm-none-eabi-gcc/4.8.3-2014q1/bin/../lib/gcc/arm-none-eabi/4.8.3/../../../../arm-none-eabi/lib/armv7-m\libg.a(lib_a-locale.o)
                0x20070504                __mb_cur_max
 .data.__malloc_av_
                0x20070508      0x408 c:/programdata/matlab/supportpackages/r2022a/aide/portable/packages/arduino/tools/arm-none-eabi-gcc/4.8.3-2014q1/bin/../lib/gcc/arm-none-eabi/4.8.3/../../../../arm-none-eabi/lib/armv7-m\libg.a(lib_a-mallocr.o)
                0x20070508                __malloc_av_
 .data.__malloc_trim_threshold
                0x20070910        0x4 c:/programdata/matlab/supportpackages/r2022a/aide/portable/packages/arduino/tools/arm-none-eabi-gcc/4.8.3-2014q1/bin/../lib/gcc/arm-none-eabi/4.8.3/../../../../arm-none-eabi/lib/armv7-m\libg.a(lib_a-mallocr.o)
                0x20070910                __malloc_trim_threshold
 .data.__malloc_sbrk_base
                0x20070914        0x4 c:/programdata/matlab/supportpackages/r2022a/aide/portable/packages/arduino/tools/arm-none-eabi-gcc/4.8.3-2014q1/bin/../lib/gcc/arm-none-eabi/4.8.3/../../../../arm-none-eabi/lib/armv7-m\libg.a(lib_a-mallocr.o)
                0x20070914                __malloc_sbrk_base
 .data.__wctomb
                0x20070918        0x4 c:/programdata/matlab/supportpackages/r2022a/aide/portable/packages/arduino/tools/arm-none-eabi-gcc/4.8.3-2014q1/bin/../lib/gcc/arm-none-eabi/4.8.3/../../../../arm-none-eabi/lib/armv7-m\libg.a(lib_a-wctomb_r.o)
                0x20070918                __wctomb
                0x2007091c                . = ALIGN (0x4)
                0x2007091c                _erelocate = .
