Archive member included because of file (symbol)

C:/ProgramData/MATLAB/SupportPackages/R2022a/aIDE/portable/packages/arduino/hardware/sam/1.6.12/variants/arduino_due_x/libsam_sam3x8e_gcc_rel.a(startup_sam3xa.o)
                              (Reset_Handler)
C:/ProgramData/MATLAB/SupportPackages/R2022a/aIDE/portable/packages/arduino/hardware/sam/1.6.12/variants/arduino_due_x/libsam_sam3x8e_gcc_rel.a(uotghs.o)
                              C:/ProgramData/MATLAB/SupportPackages/R2022a/aIDE/portable/packages/arduino/hardware/sam/1.6.12/variants/arduino_due_x/libsam_sam3x8e_gcc_rel.a(startup_sam3xa.o) (UOTGHS_Handler)
C:/Users/LabPC/DOCUME~1/MATLAB/R2022a/ARDUIN~1/ARDUIN~1/FASTER~1/libcore.a(hooks.o)
                              arm_m3_cortex_handler.o (sysTickHook)
C:/Users/LabPC/DOCUME~1/MATLAB/R2022a/ARDUIN~1/ARDUIN~1/FASTER~1/libcore.a(syscalls_sam3.o)
                              (_sbrk)
C:/Users/LabPC/DOCUME~1/MATLAB/R2022a/ARDUIN~1/ARDUIN~1/FASTER~1/libcore.a(WInterrupts.o)
                              MW_ArduinoEncoder.o (attachInterrupt)
C:/Users/LabPC/DOCUME~1/MATLAB/R2022a/ARDUIN~1/ARDUIN~1/FASTER~1/libcore.a(wiring.o)
                              io_wrappers.o (millis)
C:/Users/LabPC/DOCUME~1/MATLAB/R2022a/ARDUIN~1/ARDUIN~1/FASTER~1/libcore.a(wiring_analog.o)
                              MW_PWM.o (analogWrite)
C:/Users/LabPC/DOCUME~1/MATLAB/R2022a/ARDUIN~1/ARDUIN~1/FASTER~1/libcore.a(wiring_digital.o)
                              MW_ArduinoEncoder.o (pinMode)
C:/Users/LabPC/DOCUME~1/MATLAB/R2022a/ARDUIN~1/ARDUIN~1/FASTER~1/libcore.a(Reset.o)
                              arm_m3_cortex_handler.o (tickReset)
C:/Users/LabPC/DOCUME~1/MATLAB/R2022a/ARDUIN~1/ARDUIN~1/FASTER~1/libcore.a(UARTClass.o)
                              rtiostream_serial_daemon.o (UARTClass::available())
C:/Users/LabPC/DOCUME~1/MATLAB/R2022a/ARDUIN~1/ARDUIN~1/FASTER~1/libcore.a(USARTClass.o)
                              io_wrappers.o (USARTClass::begin(unsigned long))
C:/Users/LabPC/DOCUME~1/MATLAB/R2022a/ARDUIN~1/ARDUIN~1/FASTER~1/libcore.a(watchdog.o)
                              MW_ArduinoHWInit.o (watchdogDisable())
C:/Users/LabPC/DOCUME~1/MATLAB/R2022a/ARDUIN~1/ARDUIN~1/FASTER~1/libcore.a(variant.o)
                              ert_main.o (init)
C:/Users/LabPC/DOCUME~1/MATLAB/R2022a/ARDUIN~1/ARDUIN~1/FASTER~1/libcore.a(abi.o)
                              C:/Users/LabPC/DOCUME~1/MATLAB/R2022a/ARDUIN~1/ARDUIN~1/FASTER~1/libcore.a(UARTClass.o) (__cxa_pure_virtual)
C:/Users/LabPC/DOCUME~1/MATLAB/R2022a/ARDUIN~1/ARDUIN~1/FASTER~1/libcore.a(Print.o)
                              C:/Users/LabPC/DOCUME~1/MATLAB/R2022a/ARDUIN~1/ARDUIN~1/FASTER~1/libcore.a(UARTClass.o) (Print::write(unsigned char const*, unsigned int))
C:/Users/LabPC/DOCUME~1/MATLAB/R2022a/ARDUIN~1/ARDUIN~1/FASTER~1/libcore.a(RingBuffer.o)
                              C:/Users/LabPC/DOCUME~1/MATLAB/R2022a/ARDUIN~1/ARDUIN~1/FASTER~1/libcore.a(variant.o) (RingBuffer::RingBuffer())
C:/ProgramData/MATLAB/SupportPackages/R2022a/aIDE/portable/packages/arduino/hardware/sam/1.6.12/variants/arduino_due_x/libsam_sam3x8e_gcc_rel.a(pio.o)
                              C:/Users/LabPC/DOCUME~1/MATLAB/R2022a/ARDUIN~1/ARDUIN~1/FASTER~1/libcore.a(wiring_digital.o) (PIO_PullUp)
C:/ProgramData/MATLAB/SupportPackages/R2022a/aIDE/portable/packages/arduino/hardware/sam/1.6.12/variants/arduino_due_x/libsam_sam3x8e_gcc_rel.a(pmc.o)
                              MW_PWMDriver.o (pmc_enable_periph_clk)
C:/ProgramData/MATLAB/SupportPackages/R2022a/aIDE/portable/packages/arduino/hardware/sam/1.6.12/variants/arduino_due_x/libsam_sam3x8e_gcc_rel.a(pwmc.o)
                              MW_PWMDriver.o (PWMC_ConfigureChannel)
C:/ProgramData/MATLAB/SupportPackages/R2022a/aIDE/portable/packages/arduino/hardware/sam/1.6.12/variants/arduino_due_x/libsam_sam3x8e_gcc_rel.a(tc.o)
                              MW_PWMDriver.o (TC_Configure)
C:/ProgramData/MATLAB/SupportPackages/R2022a/aIDE/portable/packages/arduino/hardware/sam/1.6.12/variants/arduino_due_x/libsam_sam3x8e_gcc_rel.a(timetick.o)
                              arm_m3_cortex_handler.o (TimeTick_Increment)
C:/ProgramData/MATLAB/SupportPackages/R2022a/aIDE/portable/packages/arduino/hardware/sam/1.6.12/variants/arduino_due_x/libsam_sam3x8e_gcc_rel.a(wdt.o)
                              C:/Users/LabPC/DOCUME~1/MATLAB/R2022a/ARDUIN~1/ARDUIN~1/FASTER~1/libcore.a(watchdog.o) (WDT_Enable)
C:/ProgramData/MATLAB/SupportPackages/R2022a/aIDE/portable/packages/arduino/hardware/sam/1.6.12/variants/arduino_due_x/libsam_sam3x8e_gcc_rel.a(system_sam3xa.o)
                              C:/Users/LabPC/DOCUME~1/MATLAB/R2022a/ARDUIN~1/ARDUIN~1/FASTER~1/libcore.a(variant.o) (SystemInit)
C:/ProgramData/MATLAB/SupportPackages/R2022a/aIDE/portable/packages/arduino/hardware/sam/1.6.12/variants/arduino_due_x/libsam_sam3x8e_gcc_rel.a(adc.o)
                              C:/Users/LabPC/DOCUME~1/MATLAB/R2022a/ARDUIN~1/ARDUIN~1/FASTER~1/libcore.a(variant.o) (adc_init)
[...]
Memory Configuration

Name             Origin             Length             Attributes
rom              0x00080000         0x00080000         xr
sram0            0x20000000         0x00010000         xrw
sram1            0x20080000         0x00008000         xrw
ram              0x20070000         0x00018000         xrw
*default*        0x00000000         0xffffffff

Linker script and memory map

LOAD c:/programdata/matlab/supportpackages/r2022a/aide/portable/packages/arduino/tools/arm-none-eabi-gcc/4.8.3-2014q1/bin/../lib/gcc/arm-none-eabi/4.8.3/armv7-m/crti.o
LOAD c:/programdata/matlab/supportpackages/r2022a/aide/portable/packages/arduino/tools/arm-none-eabi-gcc/4.8.3-2014q1/bin/../lib/gcc/arm-none-eabi/4.8.3/armv7-m/crtbegin.o
LOAD c:/programdata/matlab/supportpackages/r2022a/aide/portable/packages/arduino/tools/arm-none-eabi-gcc/4.8.3-2014q1/bin/../lib/gcc/arm-none-eabi/4.8.3/../../../../arm-none-eabi/lib/armv7-m/crt0.o
START GROUP
LOAD C:/ProgramData/MATLAB/SupportPackages/R2022a/aIDE/portable/packages/arduino/hardware/sam/1.6.12/variants/arduino_due_x/libsam_sam3x8e_gcc_rel.a
LOAD MW_ArduinoEncoder.o
LOAD MW_PWM.o
LOAD MW_PWMDriver.o
LOAD ArduinoPinHandleMap.o
LOAD xcp_ext_mode.o
LOAD position_control.o
LOAD position_control_data.o
LOAD rtGetInf.o
LOAD rtGetNaN.o
LOAD rt_nonfinite.o
LOAD xcp_ext_common.o
LOAD xcp_ext_classic_trigger.o
LOAD xcp.o
LOAD xcp_standard.o
LOAD xcp_daq.o
LOAD xcp_calibration.o
LOAD xcp_fifo.o
LOAD xcp_transport.o
LOAD xcp_mem_default.o
LOAD xcp_drv_rtiostream.o
LOAD xcp_frame_serial.o
LOAD xcp_ext_param_default_serial.o
LOAD arm_m3_cortex_handler.o
LOAD MW_ArduinoHWInit.o
LOAD io_wrappers.o
LOAD arduinoARMScheduler.o
LOAD m3m4m4f_multitasking.o
LOAD rtiostream_serial_daemon.o
LOAD sys_arch.o
LOAD ert_main.o
LOAD C:/Users/LabPC/DOCUME~1/MATLAB/R2022a/ARDUIN~1/ARDUIN~1/FASTER~1/MW_RebuildSrc_Core.o
LOAD C:/Users/LabPC/DOCUME~1/MATLAB/R2022a/ARDUIN~1/ARDUIN~1/FASTER~1/libcore.a
END GROUP
LOAD c:/programdata/matlab/supportpackages/r2022a/aide/portable/packages/arduino/tools/arm-none-eabi-gcc/4.8.3-2014q1/bin/../lib/gcc/arm-none-eabi/4.8.3/../../../../arm-none-eabi/lib/armv7-m\libm.a
LOAD C:/Users/LabPC/DOCUME~1/MATLAB/R2022a/ARDUIN~1/ARDUIN~1/FASTER~1\libcore.a
START GROUP
LOAD c:/programdata/matlab/supportpackages/r2022a/aide/portable/packages/arduino/tools/arm-none-eabi-gcc/4.8.3-2014q1/bin/../lib/gcc/arm-none-eabi/4.8.3/armv7-m\libgcc.a
LOAD c:/programdata/matlab/supportpackages/r2022a/aide/portable/packages/arduino/tools/arm-none-eabi-gcc/4.8.3-2014q1/bin/../lib/gcc/arm-none-eabi/4.8.3/../../../../arm-none-eabi/lib/armv7-m\libg.a
LOAD c:/programdata/matlab/supportpackages/r2022a/aide/portable/packages/arduino/tools/arm-none-eabi-gcc/4.8.3-2014q1/bin/../lib/gcc/arm-none-eabi/4.8.3/../../../../arm-none-eabi/lib/armv7-m\libc.a
END GROUP
LOAD c:/programdata/matlab/supportpackages/r2022a/aide/portable/packages/arduino/tools/arm-none-eabi-gcc/4.8.3-2014q1/bin/../lib/gcc/arm-none-eabi/4.8.3/armv7-m/crtend.o
LOAD c:/programdata/matlab/supportpackages/r2022a/aide/portable/packages/arduino/tools/arm-none-eabi-gcc/4.8.3-2014q1/bin/../lib/gcc/arm-none-eabi/4.8.3/armv7-m/crtn.o

.text           0x00080000     0x9c14
                0x00080000                . = ALIGN (0x4)
                0x00080000                _sfixed = .
 *(.vectors .vectors.*)
 .vectors       0x00080000       0xf4 C:/ProgramData/MATLAB/SupportPackages/R2022a/aIDE/portable/packages/arduino/hardware/sam/1.6.12/variants/arduino_due_x/libsam_sam3x8e_gcc_rel.a(startup_sam3xa.o)
                0x00080000                exception_table
 *(.text .text.* .gnu.linkonce.t.*)
 .text          0x000800f4       0x54 c:/programdata/matlab/supportpackages/r2022a/aide/portable/packages/arduino/tools/arm-none-eabi-gcc/4.8.3-2014q1/bin/../lib/gcc/arm-none-eabi/4.8.3/armv7-m/crtbegin.o
 .text.Reset_Handler
                0x00080148       0x78 C:/ProgramData/MATLAB/SupportPackages/R2022a/aIDE/portable/packages/arduino/hardware/sam/1.6.12/variants/arduino_due_x/libsam_sam3x8e_gcc_rel.a(startup_sam3xa.o)
                0x00080148                Reset_Handler
 .text.UOTGHS_Handler
                0x000801c0       0x10 C:/ProgramData/MATLAB/SupportPackages/R2022a/aIDE/portable/packages/arduino/hardware/sam/1.6.12/variants/arduino_due_x/libsam_sam3x8e_gcc_rel.a(uotghs.o)
                0x000801c0                UOTGHS_Handler
 .text._ZL8debouncei
                0x000801d0       0x3c MW_ArduinoEncoder.o
 .text._ZL15EncoderProcessAP14arduinoEncoder
                0x0008020c       0x2e MW_ArduinoEncoder.o
 *fill*         0x0008023a        0x2 
 .text._Z6ISR1_Av
                0x0008023c        0xc MW_ArduinoEncoder.o
                0x0008023c                ISR1_A()
 .text._Z6ISR2_Av
                0x00080248        0xc MW_ArduinoEncoder.o
                0x00080248                ISR2_A()
 .text._Z6ISR3_Av
                0x00080254        0xc MW_ArduinoEncoder.o
                0x00080254                ISR3_A()
 .text._Z6ISR4_Av
                0x00080260        0xc MW_ArduinoEncoder.o
                0x00080260                ISR4_A()
 .text._ZL15EncoderProcessBP14arduinoEncoder
                0x0008026c       0x30 MW_ArduinoEncoder.o
 .text._Z6ISR1_Bv
                0x0008029c        0xc MW_ArduinoEncoder.o
                0x0008029c                ISR1_B()
 .text._Z6ISR2_Bv
                0x000802a8        0xc MW_ArduinoEncoder.o
                0x000802a8                ISR2_B()
 .text._Z6ISR3_Bv
                0x000802b4        0xc MW_ArduinoEncoder.o
                0x000802b4                ISR3_B()
 .text._Z6ISR4_Bv
                0x000802c0        0xc MW_ArduinoEncoder.o
                0x000802c0                ISR4_B()
 .text.MW_EncoderSetup
                0x000802cc       0xf8 MW_ArduinoEncoder.o
                0x000802cc                MW_EncoderSetup
 .text.MW_EncoderRead
                0x000803c4       0x10 MW_ArduinoEncoder.o
                0x000803c4                MW_EncoderRead
 .text.MW_EncoderReset
                0x000803d4       0x10 MW_ArduinoEncoder.o
                0x000803d4                MW_EncoderReset
 .text.MW_EncoderRelease
                0x000803e4        0x4 MW_ArduinoEncoder.o
                0x000803e4                MW_EncoderRelease
 .text.MW_PWM_SetDutyCycle
                0x000803e8       0x46 MW_PWM.o
                0x000803e8                MW_PWM_SetDutyCycle
 *fill*         0x0008042e        0x2 
 .text.MW_PWM_GetHandle
                0x00080430       0x20 MW_PWM.o
                0x00080430                MW_PWM_GetHandle
 .text.setPWMHandle
                0x00080450       0x28 MW_PWM.o
                0x00080450                setPWMHandle
 .text.MW_PWM_Open
                0x00080478       0x54 MW_PWM.o
                0x00080478                MW_PWM_Open
 .text.MW_PWM_Close
                0x000804cc       0x18 MW_PWM.o
                0x000804cc                MW_PWM_Close
 .text.MW_analogWrite
                0x000804e4      0x188 MW_PWMDriver.o
                0x000804e4                MW_analogWrite
 .text.MW_setAnalogFrequency
                0x0008066c      0x154 MW_PWMDriver.o
                0x0008066c                MW_setAnalogFrequency
 .text.extmodeParseArgs
                0x000807c0        0x4 xcp_ext_mode.o
                0x000807c0                extmodeParseArgs
 .text.extmodeInit
                0x000807c4       0x84 xcp_ext_mode.o
                0x000807c4                extmodeInit
 .text.extmodeWaitForHostRequest
                0x00080848       0x94 xcp_ext_mode.o
                0x00080848                extmodeWaitForHostRequest
 .text.extmodeEvent
                0x000808dc       0x6c xcp_ext_mode.o
                0x000808dc                extmodeEvent
 .text.extmodeBackgroundRun
                0x00080948        0x6 xcp_ext_mode.o
                0x00080948                extmodeBackgroundRun
 *fill*         0x0008094e        0x2 
 .text.extmodeReset
                0x00080950       0x28 xcp_ext_mode.o
                0x00080950                extmodeReset
 .text.extmodeStopRequested
                0x00080978        0xc xcp_ext_mode.o
                0x00080978                extmodeStopRequested
 .text.extmodeSimulationComplete
                0x00080984        0xc xcp_ext_mode.o
                0x00080984                extmodeSimulationComplete
 .text.extmodeSetFinalSimulationTime
                0x00080990        0xc xcp_ext_mode.o
                0x00080990                extmodeSetFinalSimulationTime
 .text.sMultiWord2sMultiWordSat
                0x0008099c       0x86 position_control.o
                0x0008099c                sMultiWord2sMultiWordSat
 .text.sMultiWordShr
                0x00080a22       0xaa position_control.o
                0x00080a22                sMultiWordShr
 .text.sMultiWordMul
                0x00080acc      0x192 position_control.o
                0x00080acc                sMultiWordMul
 .text.sMultiWord2Double
                0x00080c5e       0x9e position_control.o
                0x00080c5e                sMultiWord2Double
 *fill*         0x00080cfc        0x4 
 .text.position_control_step
                0x00080d00      0x350 position_control.o
                0x00080d00                position_control_step
 .text.position_control_initialize
                0x00081050      0x158 position_control.o
                0x00081050                position_control_initialize
 .text.position_control_terminate
                0x000811a8       0x90 position_control.o
                0x000811a8                position_control_terminate
 .text.rtGetInf
                0x00081238        0xc rtGetInf.o
                0x00081238                rtGetInf
 .text.rtGetInfF
                0x00081244        0x6 rtGetInf.o
                0x00081244                rtGetInfF
 *fill*         0x0008124a        0x2 
 .text.rtGetMinusInf
                0x0008124c        0xc rtGetInf.o
                0x0008124c                rtGetMinusInf
 .text.rtGetMinusInfF
                0x00081258        0x8 rtGetInf.o
                0x00081258                rtGetMinusInfF
 .text.rtGetNaN
                0x00081260        0xc rtGetNaN.o
                0x00081260                rtGetNaN
 .text.rtGetNaNF
                0x0008126c        0x8 rtGetNaN.o
                0x0008126c                rtGetNaNF
 .text.rt_InitInfAndNaN
                0x00081274       0x54 rt_nonfinite.o
                0x00081274                rt_InitInfAndNaN
 .text.updateTime
                0x000812c8       0xb0 xcp_ext_common.o
 .text.xcpExtModeGetUpdatedTimestamp
                0x00081378        0x4 xcp_ext_common.o
                0x00081378                xcpExtModeGetUpdatedTimestamp
 .text.xcpExtModeInit
                0x0008137c       0x40 xcp_ext_common.o
                0x0008137c                xcpExtModeInit
 .text.xcpExtModeRunBackground
                0x000813bc       0x7a xcp_ext_common.o
                0x000813bc                xcpExtModeRunBackground
 *fill*         0x00081436        0x2 
 .text.xcpExtModeReset
                0x00081438       0xb0 xcp_ext_common.o
                0x00081438                xcpExtModeReset
 .text.xcpExtModeClassicTriggerInit
                0x000814e8       0x4c xcp_ext_classic_trigger.o
                0x000814e8                xcpExtModeClassicTriggerInit
 .text.xcpExtModeClassicTriggerEnabled
                0x00081534      0x33c xcp_ext_classic_trigger.o
                0x00081534                xcpExtModeClassicTriggerEnabled
 .text.xcpExtModeClassicTriggerReset
                0x00081870       0xbc xcp_ext_classic_trigger.o
                0x00081870                xcpExtModeClassicTriggerReset
 .text.xcpExtModeClassicTriggerForceEnableStatusUpdate
                0x0008192c       0x50 xcp_ext_classic_trigger.o
                0x0008192c                xcpExtModeClassicTriggerForceEnableStatusUpdate
 .text.unknownInputPacketHandler
                0x0008197c        0xa xcp.o
 .text.discardInputPacketHandler
                0x00081986       0x10 xcp.o
 .text.genericOutputPacketHandler
                0x00081996       0x64 xcp.o
                0x00081996                genericOutputPacketHandler
 *fill*         0x000819fa        0x2 
 .text.xcpStatusGet
                0x000819fc        0xc xcp.o
                0x000819fc                xcpStatusGet
 .text.xcpStatusSet
                0x00081a08        0xc xcp.o
                0x00081a08                xcpStatusSet
 .text.xcpSessionStatusGet
                0x00081a14        0xc xcp.o
                0x00081a14                xcpSessionStatusGet
 .text.xcpSessionStatusSetMask
                0x00081a20       0x10 xcp.o
                0x00081a20                xcpSessionStatusSetMask
 .text.xcpSessionStatusClearMask
                0x00081a30       0x10 xcp.o
                0x00081a30                xcpSessionStatusClearMask
 .text.xcpResourceProtectionStatusGet
                0x00081a40        0xc xcp.o
                0x00081a40                xcpResourceProtectionStatusGet
 .text.xcpSessionConfigurationIdGet
                0x00081a4c        0xc xcp.o
                0x00081a4c                xcpSessionConfigurationIdGet
 .text.xcpFindPacket
                0x00081a58       0x26 xcp.o
                0x00081a58                xcpFindPacket
 *fill*         0x00081a7e        0x2 
 .text.xcpInit  0x00081a80       0x40 xcp.o
                0x00081a80                xcpInit
 .text.xcpRun   0x00081ac0      0x18c xcp.o
                0x00081ac0                xcpRun
 .text.xcpEventExternalTimestamp
                0x00081c4c       0x18 xcp.o
                0x00081c4c                xcpEventExternalTimestamp
 .text.xcpGetStatus
                0x00081c64        0xc xcp.o
                0x00081c64                xcpGetStatus
 .text.xcpReset
                0x00081c70       0x28 xcp.o
                0x00081c70                xcpReset
 .text.xcpPackedModeEventsFlush
                0x00081c98        0x4 xcp.o
                0x00081c98                xcpPackedModeEventsFlush
 .text.xcpPackedModeEventReset
                0x00081c9c        0x8 xcp.o
                0x00081c9c                xcpPackedModeEventReset
 .text.getStatusInputPacketHandler
                0x00081ca4        0x8 xcp_standard.o
 .text.getPacket
                0x00081cac        0xc xcp_standard.o
 .text.uploadInputPacketHandler
                0x00081cb8       0x40 xcp_standard.o
 .text.synchInputPacketHandler
                0x00081cf8       0x1c xcp_standard.o
 .text.getStatusOutputPacketHandler
                0x00081d14       0x26 xcp_standard.o
 .text.disconnectInputPacketHandler
                0x00081d3a       0x22 xcp_standard.o
 .text.connectInputPacketHandler
                0x00081d5c       0x32 xcp_standard.o
 .text.connectOutputPacketHandler
                0x00081d8e       0x38 xcp_standard.o
 *fill*         0x00081dc6        0x2 
 .text.xcpStandardInit
                0x00081dc8       0x10 xcp_standard.o
                0x00081dc8                xcpStandardInit
 .text.xcpStandardGetPacketLookup
                0x00081dd8        0xc xcp_standard.o
                0x00081dd8                xcpStandardGetPacketLookup
 .text.xcpStandardReset
                0x00081de4        0xc xcp_standard.o
                0x00081de4                xcpStandardReset
 .text.xcpStandardGetAddressFromMta
                0x00081df0        0xc xcp_standard.o
                0x00081df0                xcpStandardGetAddressFromMta
 .text.xcpStandardSetMta
                0x00081dfc       0x14 xcp_standard.o
                0x00081dfc                xcpStandardSetMta
 .text.shortUploadInputPacketHandler
                0x00081e10       0x40 xcp_standard.o
 .text.setMTAInputPacketHandler
                0x00081e50       0x22 xcp_standard.o
 *fill*         0x00081e72        0x2 
 .text.xcpStandardIncrementMta
                0x00081e74       0x10 xcp_standard.o
                0x00081e74                xcpStandardIncrementMta
 .text.shortUploadOutputPacketHandler
                0x00081e84       0x44 xcp_standard.o
 .text.uploadOutputPacketHandler
                0x00081ec8       0x44 xcp_standard.o
 .text.isActiveDaqList
                0x00081f0c       0x1c xcp_daq.o
 .text.noActiveDaqLists
                0x00081f28       0x2c xcp_daq.o
 .text.isValidDaqPtr
                0x00081f54       0x40 xcp_daq.o
 .text.isDaqPackedModeEnabled
                0x00081f94       0x3c xcp_daq.o
 .text.setDaqPtrInputPacketHandler
                0x00081fd0       0x48 xcp_daq.o
 .text.writeDaqInputPacketHandler
                0x00082018       0x88 xcp_daq.o
 .text.setDaqListModeInputPacketHandler
                0x000820a0       0x88 xcp_daq.o
 .text.getDaqProcessorInfoInputPacketHandler
                0x00082128        0x8 xcp_daq.o
 .text.getDaqResolutionInfoInputPacketHandler
                0x00082130        0x8 xcp_daq.o
 .text.level1CommandInputPacketHandler
                0x00082138       0x9c xcp_daq.o
 .text.getDaqResolutionInfoOutputPacketHandler
                0x000821d4       0x28 xcp_daq.o
 .text.getDaqProcessorInfoOutputPacketHandler
                0x000821fc       0x2a xcp_daq.o
 *fill*         0x00082226        0x2 
 .text.getPacket
                0x00082228        0xc xcp_daq.o
 .text.allocOdtEntryInputPacketHandler
                0x00082234       0x94 xcp_daq.o
 .text.allocOdtInputPacketHandler
                0x000822c8       0x88 xcp_daq.o
 .text.allocDaqInputPacketHandler
                0x00082350       0x98 xcp_daq.o
 .text.createDaqReservedPool
                0x000823e8       0x50 xcp_daq.o
 .text.startStopDaqListOutputPacketHandler
                0x00082438       0x28 xcp_daq.o
 .text.xcpDaqWriteLock.isra.2
                0x00082460       0x28 xcp_daq.o
 .text.xcpDaqWriteUnlock.isra.3
                0x00082488        0xc xcp_daq.o
 .text.startStopDaqListInputPacketHandler
                0x00082494      0x1c4 xcp_daq.o
 .text.startStopSynchInputPacketHandler
                0x00082658      0x150 xcp_daq.o
 .text.xcpDaqInit
                0x000827a8       0x2c xcp_daq.o
                0x000827a8                xcpDaqInit
 .text.xcpDaqGetPacketLookup
                0x000827d4        0xc xcp_daq.o
                0x000827d4                xcpDaqGetPacketLookup
 .text.xcpDaqEvent
                0x000827e0      0x29c xcp_daq.o
                0x000827e0                xcpDaqEvent
 .text.xcpDaqEventsFlush
                0x00082a7c       0xe8 xcp_daq.o
                0x00082a7c                xcpDaqEventsFlush
 .text.xcpDaqLock
                0x00082b64        0x4 xcp_daq.o
                0x00082b64                xcpDaqLock
 .text.xcpDaqUnlock
                0x00082b68        0x4 xcp_daq.o
                0x00082b68                xcpDaqUnlock
 .text.xcpResetDaqListStatus
                0x00082b6c       0xbc xcp_daq.o
                0x00082b6c                xcpResetDaqListStatus
 .text.freeDaqInputPacketHandler
                0x00082c28       0x22 xcp_daq.o
 *fill*         0x00082c4a        0x2 
 .text.xcpDaqReset
                0x00082c4c       0x1c xcp_daq.o
                0x00082c4c                xcpDaqReset
 .text.getPacket
                0x00082c68        0xc xcp_calibration.o
 .text.shortDownloadInputPacketHandler
                0x00082c74       0x4c xcp_calibration.o
 .text.downloadInputPacketHandler
                0x00082cc0       0x50 xcp_calibration.o
 .text.xcpCalibrationInit
                0x00082d10       0x10 xcp_calibration.o
                0x00082d10                xcpCalibrationInit
 .text.xcpCalibrationGetPacketLookup
                0x00082d20        0xc xcp_calibration.o
                0x00082d20                xcpCalibrationGetPacketLookup
 .text.xcpCalibrationReset
                0x00082d2c        0x2 xcp_calibration.o
                0x00082d2c                xcpCalibrationReset
 .text.xcpFifoInit
                0x00082d2e        0x8 xcp_fifo.o
                0x00082d2e                xcpFifoInit
 .text.xcpFifoEnqueue
                0x00082d36        0xc xcp_fifo.o
                0x00082d36                xcpFifoEnqueue
 .text.xcpFifoDequeue
                0x00082d42       0x12 xcp_fifo.o
                0x00082d42                xcpFifoDequeue
 .text.xcpFifoEnqueueHead
                0x00082d54        0xc xcp_fifo.o
                0x00082d54                xcpFifoEnqueueHead
 .text.xcpFifoReset
                0x00082d60        0x8 xcp_fifo.o
                0x00082d60                xcpFifoReset
 .text.xcpTransportEmptyTxFifo
                0x00082d68       0x40 xcp_transport.o
 .text.xcpTransportEmptyRxFifo
                0x00082da8       0x38 xcp_transport.o
 .text.xcpTransportTxReady
                0x00082de0        0x4 xcp_transport.o
                0x00082de0                xcpTransportTxReady
 .text.xcpTransportTxTrigger
                0x00082de4        0x4 xcp_transport.o
                0x00082de4                xcpTransportTxTrigger
 .text.xcpTransportTx
                0x00082de8       0x88 xcp_transport.o
                0x00082de8                xcpTransportTx
 .text.xcpTransportRx
                0x00082e70       0x54 xcp_transport.o
                0x00082e70                xcpTransportRx
 .text.xcpTransportPacketOffset
                0x00082ec4        0xa xcp_transport.o
                0x00082ec4                xcpTransportPacketOffset
 *fill*         0x00082ece        0x2 
 .text.xcpTransportTxPacketSet
                0x00082ed0       0x8c xcp_transport.o
                0x00082ed0                xcpTransportTxPacketSet
 .text.xcpTransportRxPacketGet
                0x00082f5c       0x80 xcp_transport.o
                0x00082f5c                xcpTransportRxPacketGet
 .text.xcpTransportMsgBufferSize
                0x00082fdc       0x28 xcp_transport.o
                0x00082fdc                xcpTransportMsgBufferSize
 .text.xcpTransportInit
                0x00083004       0x7c xcp_transport.o
                0x00083004                xcpTransportInit
 .text.xcpTransportMaxDtoSize
                0x00083080        0x4 xcp_transport.o
                0x00083080                xcpTransportMaxDtoSize
 .text.xcpTransportMaxCtoSize
                0x00083084        0x4 xcp_transport.o
                0x00083084                xcpTransportMaxCtoSize
 .text.xcpTransportRestart
                0x00083088       0x16 xcp_transport.o
                0x00083088                xcpTransportRestart
 .text.xcpTransportResynch
                0x0008309e       0x12 xcp_transport.o
                0x0008309e                xcpTransportResynch
 .text.xcpTransportCtoReservedMemPoolId
                0x000830b0        0xc xcp_transport.o
                0x000830b0                xcpTransportCtoReservedMemPoolId
 .text.xcpTransportReset
                0x000830bc       0x54 xcp_transport.o
                0x000830bc                xcpTransportReset
 .text.xcpInitializePoolMemoryArea
                0x00083110       0x30 xcp_mem_default.o
 .text.xcpMemInit
                0x00083140       0x94 xcp_mem_default.o
                0x00083140                xcpMemInit
 .text.xcpMemAlloc
                0x000831d4       0x6c xcp_mem_default.o
                0x000831d4                xcpMemAlloc
 .text.xcpMemFree
                0x00083240       0x80 xcp_mem_default.o
                0x00083240                xcpMemFree
 .text.xcpMemReservedPoolCreate
                0x000832c0       0xe0 xcp_mem_default.o
                0x000832c0                xcpMemReservedPoolCreate
 .text.xcpMemReservedPoolDestroy
                0x000833a0       0x88 xcp_mem_default.o
                0x000833a0                xcpMemReservedPoolDestroy
 .text.xcpMemCustomPoolCreate
                0x00083428       0x4c xcp_mem_default.o
                0x00083428                xcpMemCustomPoolCreate
 .text.xcpMemCustomPoolDestroy
                0x00083474       0x2c xcp_mem_default.o
                0x00083474                xcpMemCustomPoolDestroy
 .text.xcpMemAllocFromPool
                0x000834a0       0x70 xcp_mem_default.o
                0x000834a0                xcpMemAllocFromPool
 .text.xcpMemReset
                0x00083510       0x48 xcp_mem_default.o
                0x00083510                xcpMemReset
 .text.xcpDrvOpen
                0x00083558       0x24 xcp_drv_rtiostream.o
                0x00083558                xcpDrvOpen
 .text.xcpDrvIoctl
                0x0008357c       0x14 xcp_drv_rtiostream.o
                0x0008357c                xcpDrvIoctl
 .text.xcpDrvSend
                0x00083590       0x9c xcp_drv_rtiostream.o
                0x00083590                xcpDrvSend
 .text.xcpDrvRecv
                0x0008362c       0x9c xcp_drv_rtiostream.o
                0x0008362c                xcpDrvRecv
 .text.xcpDrvClose
                0x000836c8       0x28 xcp_drv_rtiostream.o
                0x000836c8                xcpDrvClose
 .text.xcpSxiChecksum
                0x000836f0       0x1a xcp_frame_serial.o
                0x000836f0                xcpSxiChecksum
 *fill*         0x0008370a        0x2 
 .text.xcpFrameInit
                0x0008370c       0x38 xcp_frame_serial.o
                0x0008370c                xcpFrameInit
 .text.xcpFrameMsgSend
                0x00083744       0x98 xcp_frame_serial.o
                0x00083744                xcpFrameMsgSend
 .text.xcpFrameMsgRecv
                0x000837dc       0xb4 xcp_frame_serial.o
                0x000837dc                xcpFrameMsgRecv
 .text.xcpFrameCreateMsg
                0x00083890       0x1c xcp_frame_serial.o
                0x00083890                xcpFrameCreateMsg
 .text.xcpFrameExtractPacket
                0x000838ac       0x80 xcp_frame_serial.o
                0x000838ac                xcpFrameExtractPacket
 .text.xcpFrameHeaderSize
                0x0008392c        0x4 xcp_frame_serial.o
                0x0008392c                xcpFrameHeaderSize
 .text.xcpFrameTailSize
                0x00083930        0x4 xcp_frame_serial.o
                0x00083930                xcpFrameTailSize
 .text.xcpFrameMaxDtoSize
                0x00083934        0x6 xcp_frame_serial.o
                0x00083934                xcpFrameMaxDtoSize
 .text.xcpFrameMaxCtoSize
                0x0008393a        0x4 xcp_frame_serial.o
                0x0008393a                xcpFrameMaxCtoSize
 *fill*         0x0008393e        0x2 
 .text.xcpFrameRestart
                0x00083940       0x1c xcp_frame_serial.o
                0x00083940                xcpFrameRestart
 .text.xcpFrameSetCtoReservedMemPoolId
                0x0008395c        0xc xcp_frame_serial.o
                0x0008395c                xcpFrameSetCtoReservedMemPoolId
 .text.xcpFrameReset
                0x00083968       0x30 xcp_frame_serial.o
                0x00083968                xcpFrameReset
 .text.xcpTransportGetInitParameters
                0x00083998        0xc xcp_ext_param_default_serial.o
                0x00083998                xcpTransportGetInitParameters
 .text.xcpGetInitParameters
                0x000839a4        0xc xcp_ext_param_default_serial.o
                0x000839a4                xcpGetInitParameters
 .text.__halt   0x000839b0        0x2 arm_m3_cortex_handler.o
                0x000839b0                DACC_Handler
                0x000839b0                DebugMon_Handler
                0x000839b0                DMAC_Handler
                0x000839b0                TRNG_Handler
                0x000839b0                HardFault_Handler
                0x000839b0                TC2_Handler
                0x000839b0                TWI1_Handler
                0x000839b0                NMI_Handler
                0x000839b0                TC7_Handler
                0x000839b0                ADC_Handler
                0x000839b0                SMC_Handler
                0x000839b0                RTT_Handler
                0x000839b0                EFC1_Handler
                0x000839b0                RTC_Handler
                0x000839b0                UsageFault_Handler
                0x000839b0                TC6_Handler
                0x000839b0                WDT_Handler
                0x000839b0                CAN0_Handler
                0x000839b0                TC4_Handler
                0x000839b0                TC1_Handler
                0x000839b0                HSMCI_Handler
                0x000839b0                TC3_Handler
                0x000839b0                TWI0_Handler
                0x000839b0                SSC_Handler
                0x000839b0                EFC0_Handler
                0x000839b0                PMC_Handler
                0x000839b0                PWM_Handler
                0x000839b0                CAN1_Handler
                0x000839b0                MemManage_Handler
                0x000839b0                SUPC_Handler
                0x000839b0                USART2_Handler
                0x000839b0                EMAC_Handler
                0x000839b0                BusFault_Handler
                0x000839b0                RSTC_Handler
                0x000839b0                TC0_Handler
                0x000839b0                TC5_Handler
                0x000839b0                SPI0_Handler
 .text.SysTick_Handler
                0x000839b2       0x16 arm_m3_cortex_handler.o
                0x000839b2                SysTick_Handler
 .text.MW_Arduino_Init
                0x000839c8       0x14 MW_ArduinoHWInit.o
                0x000839c8                MW_Arduino_Init
 .text.MW_Arduino_Terminate
                0x000839dc        0x2 MW_ArduinoHWInit.o
                0x000839dc                MW_Arduino_Terminate
 *fill*         0x000839de        0x2 
 .text.Serial_begin
                0x000839e0       0x34 io_wrappers.o
                0x000839e0                Serial_begin
 .text._ZL13Scheduler_Isrv
                0x00083a14       0x14 arduinoARMScheduler.o
 .text.TC8_Handler
                0x00083a28       0x20 arduinoARMScheduler.o
                0x00083a28                TC8_Handler
 .text.Setup_SchedulerTimer
                0x00083a48       0x84 arduinoARMScheduler.o
                0x00083a48                Setup_SchedulerTimer
 .text.configureArduinoARMTimer
                0x00083acc       0x3c arduinoARMScheduler.o
                0x00083acc                configureArduinoARMTimer
 .text.disable_rt_OneStep
                0x00083b08       0x14 arduinoARMScheduler.o
                0x00083b08                disable_rt_OneStep
 .text.MW_Arduino_Loop
                0x00083b1c        0x4 arduinoARMScheduler.o
                0x00083b1c                MW_Arduino_Loop
 .text.PendSV_Handler
                0x00083b20       0x3c m3m4m4f_multitasking.o
                0x00083b20                PendSV_Handler
 .text.SVC_Handler
                0x00083b5c       0x4c m3m4m4f_multitasking.o
                0x00083b5c                SVC_Handler
 .text.rtIOStreamResync
                0x00083ba8        0xc rtiostream_serial_daemon.o
                0x00083ba8                rtIOStreamResync
 .text.rtIOStreamSend
                0x00083bb4       0x1c rtiostream_serial_daemon.o
                0x00083bb4                rtIOStreamSend
 .text.rtIOStreamClose
                0x00083bd0        0xe rtiostream_serial_daemon.o
                0x00083bd0                rtIOStreamClose
 *fill*         0x00083bde        0x2 
 .text.rtIOStreamOpen
                0x00083be0       0x24 rtiostream_serial_daemon.o
                0x00083be0                rtIOStreamOpen
 .text.rtIOStreamRecv
                0x00083c04       0x5c rtiostream_serial_daemon.o
                0x00083c04                rtIOStreamRecv
 .text.sys_arch_protect
                0x00083c60        0x8 sys_arch.o
                0x00083c60                sys_arch_protect
 .text.sys_arch_unprotect
                0x00083c68        0x6 sys_arch.o
                0x00083c68                sys_arch_unprotect
 *fill*         0x00083c6e        0x2 
 .text.rt_OneStep
                0x00083c70       0x30 ert_main.o
                0x00083c70                rt_OneStep
 .text.startup.main
                0x00083ca0      0x104 ert_main.o
                0x00083ca0                main
 .text.__empty  0x00083da4        0x2 C:/Users/LabPC/DOCUME~1/MATLAB/R2022a/ARDUIN~1/ARDUIN~1/FASTER~1/libcore.a(hooks.o)
                0x00083da4                yield
 .text.__false  0x00083da6        0x4 C:/Users/LabPC/DOCUME~1/MATLAB/R2022a/ARDUIN~1/ARDUIN~1/FASTER~1/libcore.a(hooks.o)
                0x00083da6                sysTickHook
 *fill*         0x00083daa        0x2 
 .text._sbrk    0x00083dac       0x1c C:/Users/LabPC/DOCUME~1/MATLAB/R2022a/ARDUIN~1/ARDUIN~1/FASTER~1/libcore.a(syscalls_sam3.o)
                0x00083dac                _sbrk
 .text.link     0x00083dc8        0x6 C:/Users/LabPC/DOCUME~1/MATLAB/R2022a/ARDUIN~1/ARDUIN~1/FASTER~1/libcore.a(syscalls_sam3.o)
                0x00083dc8                link
 .text._close   0x00083dce        0x6 C:/Users/LabPC/DOCUME~1/MATLAB/R2022a/ARDUIN~1/ARDUIN~1/FASTER~1/libcore.a(syscalls_sam3.o)
                0x00083dce                _close
 .text._fstat   0x00083dd4        0xa C:/Users/LabPC/DOCUME~1/MATLAB/R2022a/ARDUIN~1/ARDUIN~1/FASTER~1/libcore.a(syscalls_sam3.o)
                0x00083dd4                _fstat
 .text._isatty  0x00083dde        0x4 C:/Users/LabPC/DOCUME~1/MATLAB/R2022a/ARDUIN~1/ARDUIN~1/FASTER~1/libcore.a(syscalls_sam3.o)
                0x00083dde                _isatty
 .text._lseek   0x00083de2        0x4 C:/Users/LabPC/DOCUME~1/MATLAB/R2022a/ARDUIN~1/ARDUIN~1/FASTER~1/libcore.a(syscalls_sam3.o)
                0x00083de2                _lseek
 .text._read    0x00083de6        0x4 C:/Users/LabPC/DOCUME~1/MATLAB/R2022a/ARDUIN~1/ARDUIN~1/FASTER~1/libcore.a(syscalls_sam3.o)
                0x00083de6                _read
 *fill*         0x00083dea        0x2 
 .text._write   0x00083dec       0x24 C:/Users/LabPC/DOCUME~1/MATLAB/R2022a/ARDUIN~1/ARDUIN~1/FASTER~1/libcore.a(syscalls_sam3.o)
                0x00083dec                _write
 .text._exit    0x00083e10        0x2 C:/Users/LabPC/DOCUME~1/MATLAB/R2022a/ARDUIN~1/ARDUIN~1/FASTER~1/libcore.a(syscalls_sam3.o)
                0x00083e10                _exit
 .text._kill    0x00083e12        0x2 C:/Users/LabPC/DOCUME~1/MATLAB/R2022a/ARDUIN~1/ARDUIN~1/FASTER~1/libcore.a(syscalls_sam3.o)
                0x00083e12                _kill
 .text._getpid  0x00083e14        0x6 C:/Users/LabPC/DOCUME~1/MATLAB/R2022a/ARDUIN~1/ARDUIN~1/FASTER~1/libcore.a(syscalls_sam3.o)
                0x00083e14                _getpid
 *fill*         0x00083e1a        0x2 
 .text.attachInterrupt
                0x00083e1c      0x148 C:/Users/LabPC/DOCUME~1/MATLAB/R2022a/ARDUIN~1/ARDUIN~1/FASTER~1/libcore.a(WInterrupts.o)
                0x00083e1c                attachInterrupt
 .text.PIOA_Handler
                0x00083f64       0x38 C:/Users/LabPC/DOCUME~1/MATLAB/R2022a/ARDUIN~1/ARDUIN~1/FASTER~1/libcore.a(WInterrupts.o)
                0x00083f64                PIOA_Handler
 .text.PIOB_Handler
                0x00083f9c       0x38 C:/Users/LabPC/DOCUME~1/MATLAB/R2022a/ARDUIN~1/ARDUIN~1/FASTER~1/libcore.a(WInterrupts.o)
                0x00083f9c                PIOB_Handler
 .text.PIOC_Handler
                0x00083fd4       0x38 C:/Users/LabPC/DOCUME~1/MATLAB/R2022a/ARDUIN~1/ARDUIN~1/FASTER~1/libcore.a(WInterrupts.o)
                0x00083fd4                PIOC_Handler
 .text.PIOD_Handler
                0x0008400c       0x38 C:/Users/LabPC/DOCUME~1/MATLAB/R2022a/ARDUIN~1/ARDUIN~1/FASTER~1/libcore.a(WInterrupts.o)
                0x0008400c                PIOD_Handler
 .text.delay    0x00084044       0x1c C:/Users/LabPC/DOCUME~1/MATLAB/R2022a/ARDUIN~1/ARDUIN~1/FASTER~1/libcore.a(wiring.o)
                0x00084044                delay
 .text.mapResolution
                0x00084060       0x12 C:/Users/LabPC/DOCUME~1/MATLAB/R2022a/ARDUIN~1/ARDUIN~1/FASTER~1/libcore.a(wiring_analog.o)
 .text.analogOutputInit
                0x00084072        0x2 C:/Users/LabPC/DOCUME~1/MATLAB/R2022a/ARDUIN~1/ARDUIN~1/FASTER~1/libcore.a(wiring_analog.o)
                0x00084072                analogOutputInit
 .text.analogWrite
                0x00084074      0x2c0 C:/Users/LabPC/DOCUME~1/MATLAB/R2022a/ARDUIN~1/ARDUIN~1/FASTER~1/libcore.a(wiring_analog.o)
                0x00084074                analogWrite
 .text.pinMode  0x00084334      0x108 C:/Users/LabPC/DOCUME~1/MATLAB/R2022a/ARDUIN~1/ARDUIN~1/FASTER~1/libcore.a(wiring_digital.o)
                0x00084334                pinMode
 .text.digitalWrite
                0x0008443c       0x70 C:/Users/LabPC/DOCUME~1/MATLAB/R2022a/ARDUIN~1/ARDUIN~1/FASTER~1/libcore.a(wiring_digital.o)
                0x0008443c                digitalWrite
 .text.digitalRead
                0x000844ac       0x44 C:/Users/LabPC/DOCUME~1/MATLAB/R2022a/ARDUIN~1/ARDUIN~1/FASTER~1/libcore.a(wiring_digital.o)
                0x000844ac                digitalRead
 .text.tickReset
                0x000844f0       0x20 C:/Users/LabPC/DOCUME~1/MATLAB/R2022a/ARDUIN~1/ARDUIN~1/FASTER~1/libcore.a(Reset.o)
                0x000844f0                tickReset
 .text._ZN9UARTClasscvbEv
                0x00084510        0x4 C:/Users/LabPC/DOCUME~1/MATLAB/R2022a/ARDUIN~1/ARDUIN~1/FASTER~1/libcore.a(UARTClass.o)
                0x00084510                UARTClass::operator bool()
 .text._ZN9UARTClass9availableEv
                0x00084514       0x12 C:/Users/LabPC/DOCUME~1/MATLAB/R2022a/ARDUIN~1/ARDUIN~1/FASTER~1/libcore.a(UARTClass.o)
                0x00084514                UARTClass::available()
 .text._ZN9UARTClass4peekEv
                0x00084526       0x1c C:/Users/LabPC/DOCUME~1/MATLAB/R2022a/ARDUIN~1/ARDUIN~1/FASTER~1/libcore.a(UARTClass.o)
                0x00084526                UARTClass::peek()
 .text._ZN9UARTClass4readEv
                0x00084542       0x2a C:/Users/LabPC/DOCUME~1/MATLAB/R2022a/ARDUIN~1/ARDUIN~1/FASTER~1/libcore.a(UARTClass.o)
                0x00084542                UARTClass::read()
 .text._ZN9UARTClass5flushEv
                0x0008456c       0x18 C:/Users/LabPC/DOCUME~1/MATLAB/R2022a/ARDUIN~1/ARDUIN~1/FASTER~1/libcore.a(UARTClass.o)
                0x0008456c                UARTClass::flush()
 .text._ZN9UARTClass5writeEh
                0x00084584       0x54 C:/Users/LabPC/DOCUME~1/MATLAB/R2022a/ARDUIN~1/ARDUIN~1/FASTER~1/libcore.a(UARTClass.o)
                0x00084584                UARTClass::write(unsigned char)
 .text._ZN9UARTClass3endEv
                0x000845d8       0x3c C:/Users/LabPC/DOCUME~1/MATLAB/R2022a/ARDUIN~1/ARDUIN~1/FASTER~1/libcore.a(UARTClass.o)
                0x000845d8                UARTClass::end()
 .text._ZN9UARTClassC2EP4Uart4IRQnmP10RingBufferS4_
                0x00084614       0x24 C:/Users/LabPC/DOCUME~1/MATLAB/R2022a/ARDUIN~1/ARDUIN~1/FASTER~1/libcore.a(UARTClass.o)
                0x00084614                UARTClass::UARTClass(Uart*, IRQn, unsigned long, RingBuffer*, RingBuffer*)
                0x00084614                UARTClass::UARTClass(Uart*, IRQn, unsigned long, RingBuffer*, RingBuffer*)
 .text._ZN9UARTClass4initEmm
                0x00084638       0x70 C:/Users/LabPC/DOCUME~1/MATLAB/R2022a/ARDUIN~1/ARDUIN~1/FASTER~1/libcore.a(UARTClass.o)
                0x00084638                UARTClass::init(unsigned long, unsigned long)
 .text._ZN9UARTClass5beginEm
                0x000846a8        0x8 C:/Users/LabPC/DOCUME~1/MATLAB/R2022a/ARDUIN~1/ARDUIN~1/FASTER~1/libcore.a(UARTClass.o)
                0x000846a8                UARTClass::begin(unsigned long)
 .text._ZN9UARTClass10IrqHandlerEv
                0x000846b0       0x5a C:/Users/LabPC/DOCUME~1/MATLAB/R2022a/ARDUIN~1/ARDUIN~1/FASTER~1/libcore.a(UARTClass.o)
                0x000846b0                UARTClass::IrqHandler()
 .text._ZN10USARTClass5beginEm
                0x0008470a        0x8 C:/Users/LabPC/DOCUME~1/MATLAB/R2022a/ARDUIN~1/ARDUIN~1/FASTER~1/libcore.a(USARTClass.o)
                0x0008470a                USARTClass::begin(unsigned long)
 *fill*         0x00084712        0x2 
 .text._ZN10USARTClassC2EP5Usart4IRQnmP10RingBufferS4_
                0x00084714       0x24 C:/Users/LabPC/DOCUME~1/MATLAB/R2022a/ARDUIN~1/ARDUIN~1/FASTER~1/libcore.a(USARTClass.o)
                0x00084714                USARTClass::USARTClass(Usart*, IRQn, unsigned long, RingBuffer*, RingBuffer*)
                0x00084714                USARTClass::USARTClass(Usart*, IRQn, unsigned long, RingBuffer*, RingBuffer*)
 .text._Z15watchdogDisablev
                0x00084738        0xc C:/Users/LabPC/DOCUME~1/MATLAB/R2022a/ARDUIN~1/ARDUIN~1/FASTER~1/libcore.a(watchdog.o)
                0x00084738                watchdogDisable()
 .text.UART_Handler
                0x00084744        0xc C:/Users/LabPC/DOCUME~1/MATLAB/R2022a/ARDUIN~1/ARDUIN~1/FASTER~1/libcore.a(variant.o)
                0x00084744                UART_Handler
 .text.USART0_Handler
                0x00084750        0xc C:/Users/LabPC/DOCUME~1/MATLAB/R2022a/ARDUIN~1/ARDUIN~1/FASTER~1/libcore.a(variant.o)
                0x00084750                USART0_Handler
 .text.USART1_Handler
                0x0008475c        0xc C:/Users/LabPC/DOCUME~1/MATLAB/R2022a/ARDUIN~1/ARDUIN~1/FASTER~1/libcore.a(variant.o)
                0x0008475c                USART1_Handler
 .text.USART3_Handler
                0x00084768        0xc C:/Users/LabPC/DOCUME~1/MATLAB/R2022a/ARDUIN~1/ARDUIN~1/FASTER~1/libcore.a(variant.o)
                0x00084768                USART3_Handler
 .text.init     0x00084774      0x128 C:/Users/LabPC/DOCUME~1/MATLAB/R2022a/ARDUIN~1/ARDUIN~1/FASTER~1/libcore.a(variant.o)
                0x00084774                init
 .text.startup._GLOBAL__sub_I_g_APinDescription
                0x0008489c       0xd4 C:/Users/LabPC/DOCUME~1/MATLAB/R2022a/ARDUIN~1/ARDUIN~1/FASTER~1/libcore.a(variant.o)
 .text._ZN5Print5writeEPKhj
                0x00084970       0x22 C:/Users/LabPC/DOCUME~1/MATLAB/R2022a/ARDUIN~1/ARDUIN~1/FASTER~1/libcore.a(Print.o)
                0x00084970                Print::write(unsigned char const*, unsigned int)
 .text._ZN10RingBufferC2Ev
                0x00084992       0x1a C:/Users/LabPC/DOCUME~1/MATLAB/R2022a/ARDUIN~1/ARDUIN~1/FASTER~1/libcore.a(RingBuffer.o)
                0x00084992                RingBuffer::RingBuffer()
                0x00084992                RingBuffer::RingBuffer()
 .text._ZN10RingBuffer10store_charEh
                0x000849ac       0x1e C:/Users/LabPC/DOCUME~1/MATLAB/R2022a/ARDUIN~1/ARDUIN~1/FASTER~1/libcore.a(RingBuffer.o)
                0x000849ac                RingBuffer::store_char(unsigned char)
 .text.PIO_PullUp
                0x000849ca        0xa C:/ProgramData/MATLAB/SupportPackages/R2022a/aIDE/portable/packages/arduino/hardware/sam/1.6.12/variants/arduino_due_x/libsam_sam3x8e_gcc_rel.a(pio.o)
                0x000849ca                PIO_PullUp
 .text.PIO_Get  0x000849d4       0x14 C:/ProgramData/MATLAB/SupportPackages/R2022a/aIDE/portable/packages/arduino/hardware/sam/1.6.12/variants/arduino_due_x/libsam_sam3x8e_gcc_rel.a(pio.o)
                0x000849d4                PIO_Get
 .text.PIO_SetPeripheral
                0x000849e8       0x26 C:/ProgramData/MATLAB/SupportPackages/R2022a/aIDE/portable/packages/arduino/hardware/sam/1.6.12/variants/arduino_due_x/libsam_sam3x8e_gcc_rel.a(pio.o)
                0x000849e8                PIO_SetPeripheral
 .text.PIO_SetInput
                0x00084a0e       0x26 C:/ProgramData/MATLAB/SupportPackages/R2022a/aIDE/portable/packages/arduino/hardware/sam/1.6.12/variants/arduino_due_x/libsam_sam3x8e_gcc_rel.a(pio.o)
                0x00084a0e                PIO_SetInput
 .text.PIO_SetOutput
                0x00084a34       0x24 C:/ProgramData/MATLAB/SupportPackages/R2022a/aIDE/portable/packages/arduino/hardware/sam/1.6.12/variants/arduino_due_x/libsam_sam3x8e_gcc_rel.a(pio.o)
                0x00084a34                PIO_SetOutput
 .text.PIO_Configure
                0x00084a58       0x64 C:/ProgramData/MATLAB/SupportPackages/R2022a/aIDE/portable/packages/arduino/hardware/sam/1.6.12/variants/arduino_due_x/libsam_sam3x8e_gcc_rel.a(pio.o)
                0x00084a58                PIO_Configure
 .text.PIO_GetOutputDataStatus
                0x00084abc       0x14 C:/ProgramData/MATLAB/SupportPackages/R2022a/aIDE/portable/packages/arduino/hardware/sam/1.6.12/variants/arduino_due_x/libsam_sam3x8e_gcc_rel.a(pio.o)
                0x00084abc                PIO_GetOutputDataStatus
 .text.pmc_enable_periph_clk
                0x00084ad0       0x44 C:/ProgramData/MATLAB/SupportPackages/R2022a/aIDE/portable/packages/arduino/hardware/sam/1.6.12/variants/arduino_due_x/libsam_sam3x8e_gcc_rel.a(pmc.o)
                0x00084ad0                pmc_enable_periph_clk
 .text.pmc_disable_periph_clk
                0x00084b14       0x40 C:/ProgramData/MATLAB/SupportPackages/R2022a/aIDE/portable/packages/arduino/hardware/sam/1.6.12/variants/arduino_due_x/libsam_sam3x8e_gcc_rel.a(pmc.o)
                0x00084b14                pmc_disable_periph_clk
 .text.pmc_set_writeprotect
                0x00084b54       0x1c C:/ProgramData/MATLAB/SupportPackages/R2022a/aIDE/portable/packages/arduino/hardware/sam/1.6.12/variants/arduino_due_x/libsam_sam3x8e_gcc_rel.a(pmc.o)
                0x00084b54                pmc_set_writeprotect
 .text.FindClockConfiguration
                0x00084b70       0x7c C:/ProgramData/MATLAB/SupportPackages/R2022a/aIDE/portable/packages/arduino/hardware/sam/1.6.12/variants/arduino_due_x/libsam_sam3x8e_gcc_rel.a(pwmc.o)
 .text.PWMC_ConfigureChannel
                0x00084bec       0x60 C:/ProgramData/MATLAB/SupportPackages/R2022a/aIDE/portable/packages/arduino/hardware/sam/1.6.12/variants/arduino_due_x/libsam_sam3x8e_gcc_rel.a(pwmc.o)
                0x00084bec                PWMC_ConfigureChannel
 .text.PWMC_ConfigureClocks
                0x00084c4c       0x54 C:/ProgramData/MATLAB/SupportPackages/R2022a/aIDE/portable/packages/arduino/hardware/sam/1.6.12/variants/arduino_due_x/libsam_sam3x8e_gcc_rel.a(pwmc.o)
                0x00084c4c                PWMC_ConfigureClocks
 .text.PWMC_SetPeriod
                0x00084ca0       0x1a C:/ProgramData/MATLAB/SupportPackages/R2022a/aIDE/portable/packages/arduino/hardware/sam/1.6.12/variants/arduino_due_x/libsam_sam3x8e_gcc_rel.a(pwmc.o)
                0x00084ca0                PWMC_SetPeriod
 *fill*         0x00084cba        0x2 
 .text.PWMC_SetDutyCycle
                0x00084cbc       0x44 C:/ProgramData/MATLAB/SupportPackages/R2022a/aIDE/portable/packages/arduino/hardware/sam/1.6.12/variants/arduino_due_x/libsam_sam3x8e_gcc_rel.a(pwmc.o)
                0x00084cbc                PWMC_SetDutyCycle
 .text.PWMC_EnableChannel
                0x00084d00        0xa C:/ProgramData/MATLAB/SupportPackages/R2022a/aIDE/portable/packages/arduino/hardware/sam/1.6.12/variants/arduino_due_x/libsam_sam3x8e_gcc_rel.a(pwmc.o)
                0x00084d00                PWMC_EnableChannel
 *fill*         0x00084d0a        0x2 
 .text.TC_Configure
                0x00084d0c       0x38 C:/ProgramData/MATLAB/SupportPackages/R2022a/aIDE/portable/packages/arduino/hardware/sam/1.6.12/variants/arduino_due_x/libsam_sam3x8e_gcc_rel.a(tc.o)
                0x00084d0c                TC_Configure
 .text.TC_Start
                0x00084d44       0x2c C:/ProgramData/MATLAB/SupportPackages/R2022a/aIDE/portable/packages/arduino/hardware/sam/1.6.12/variants/arduino_due_x/libsam_sam3x8e_gcc_rel.a(tc.o)
                0x00084d44                TC_Start
 .text.TC_GetStatus
                0x00084d70        0x8 C:/ProgramData/MATLAB/SupportPackages/R2022a/aIDE/portable/packages/arduino/hardware/sam/1.6.12/variants/arduino_due_x/libsam_sam3x8e_gcc_rel.a(tc.o)
                0x00084d70                TC_GetStatus
 .text.TC_SetRA
                0x00084d78        0x8 C:/ProgramData/MATLAB/SupportPackages/R2022a/aIDE/portable/packages/arduino/hardware/sam/1.6.12/variants/arduino_due_x/libsam_sam3x8e_gcc_rel.a(tc.o)
                0x00084d78                TC_SetRA
 .text.TC_SetRB
                0x00084d80        0x8 C:/ProgramData/MATLAB/SupportPackages/R2022a/aIDE/portable/packages/arduino/hardware/sam/1.6.12/variants/arduino_due_x/libsam_sam3x8e_gcc_rel.a(tc.o)
                0x00084d80                TC_SetRB
 .text.TC_SetRC
                0x00084d88        0x8 C:/ProgramData/MATLAB/SupportPackages/R2022a/aIDE/portable/packages/arduino/hardware/sam/1.6.12/variants/arduino_due_x/libsam_sam3x8e_gcc_rel.a(tc.o)
                0x00084d88                TC_SetRC
 .text.TimeTick_Increment
                0x00084d90       0x10 C:/ProgramData/MATLAB/SupportPackages/R2022a/aIDE/portable/packages/arduino/hardware/sam/1.6.12/variants/arduino_due_x/libsam_sam3x8e_gcc_rel.a(timetick.o)
                0x00084d90                TimeTick_Increment
 .text.GetTickCount
                0x00084da0        0xc C:/ProgramData/MATLAB/SupportPackages/R2022a/aIDE/portable/packages/arduino/hardware/sam/1.6.12/variants/arduino_due_x/libsam_sam3x8e_gcc_rel.a(timetick.o)
                0x00084da0                GetTickCount
 .text.WDT_Disable
                0x00084dac        0x8 C:/ProgramData/MATLAB/SupportPackages/R2022a/aIDE/portable/packages/arduino/hardware/sam/1.6.12/variants/arduino_due_x/libsam_sam3x8e_gcc_rel.a(wdt.o)
                0x00084dac                WDT_Disable
 .text.SystemInit
                0x00084db4       0x88 C:/ProgramData/MATLAB/SupportPackages/R2022a/aIDE/portable/packages/arduino/hardware/sam/1.6.12/variants/arduino_due_x/libsam_sam3x8e_gcc_rel.a(system_sam3xa.o)
                0x00084db4                SystemInit
 .text.adc_init
                0x00084e3c       0x98 C:/ProgramData/MATLAB/SupportPackages/R2022a/aIDE/portable/packages/arduino/hardware/sam/1.6.12/variants/arduino_due_x/libsam_sam3x8e_gcc_rel.a(adc.o)
                0x00084e3c                adc_init
 .text.adc_configure_trigger
                0x00084ed4        0xe C:/ProgramData/MATLAB/SupportPackages/R2022a/aIDE/portable/packages/arduino/hardware/sam/1.6.12/variants/arduino_due_x/libsam_sam3x8e_gcc_rel.a(adc.o)
                0x00084ed4                adc_configure_trigger
 .text.adc_configure_timing
                0x00084ee2       0x1a C:/ProgramData/MATLAB/SupportPackages/R2022a/aIDE/portable/packages/arduino/hardware/sam/1.6.12/variants/arduino_due_x/libsam_sam3x8e_gcc_rel.a(adc.o)
                0x00084ee2                adc_configure_timing
 .text.adc_disable_channel
                0x00084efc        0xa C:/ProgramData/MATLAB/SupportPackages/R2022a/aIDE/portable/packages/arduino/hardware/sam/1.6.12/variants/arduino_due_x/libsam_sam3x8e_gcc_rel.a(adc.o)
                0x00084efc                adc_disable_channel
 .text.adc_disable_all_channel
                0x00084f06        0x8 C:/ProgramData/MATLAB/SupportPackages/R2022a/aIDE/portable/packages/arduino/hardware/sam/1.6.12/variants/arduino_due_x/libsam_sam3x8e_gcc_rel.a(adc.o)
                0x00084f06                adc_disable_all_channel
 .text.adc_disable_interrupt
                0x00084f0e        0x4 C:/ProgramData/MATLAB/SupportPackages/R2022a/aIDE/portable/packages/arduino/hardware/sam/1.6.12/variants/arduino_due_x/libsam_sam3x8e_gcc_rel.a(adc.o)
                0x00084f0e                adc_disable_interrupt
 .text.dacc_reset
                0x00084f12        0x6 C:/ProgramData/MATLAB/SupportPackages/R2022a/aIDE/portable/packages/arduino/hardware/sam/1.6.12/variants/arduino_due_x/libsam_sam3x8e_gcc_rel.a(dacc.o)
                0x00084f12                dacc_reset
 .text.dacc_set_transfer_mode
                0x00084f18       0x14 C:/ProgramData/MATLAB/SupportPackages/R2022a/aIDE/portable/packages/arduino/hardware/sam/1.6.12/variants/arduino_due_x/libsam_sam3x8e_gcc_rel.a(dacc.o)
                0x00084f18                dacc_set_transfer_mode
 .text.dacc_get_interrupt_status
                0x00084f2c        0x4 C:/ProgramData/MATLAB/SupportPackages/R2022a/aIDE/portable/packages/arduino/hardware/sam/1.6.12/variants/arduino_due_x/libsam_sam3x8e_gcc_rel.a(dacc.o)
                0x00084f2c                dacc_get_interrupt_status
 .text.dacc_write_conversion_data
                0x00084f30        0x4 C:/ProgramData/MATLAB/SupportPackages/R2022a/aIDE/portable/packages/arduino/hardware/sam/1.6.12/variants/arduino_due_x/libsam_sam3x8e_gcc_rel.a(dacc.o)
                0x00084f30                dacc_write_conversion_data
 .text.dacc_set_channel_selection
                0x00084f34       0x18 C:/ProgramData/MATLAB/SupportPackages/R2022a/aIDE/portable/packages/arduino/hardware/sam/1.6.12/variants/arduino_due_x/libsam_sam3x8e_gcc_rel.a(dacc.o)
                0x00084f34                dacc_set_channel_selection
 .text.dacc_set_power_save
                0x00084f4c       0x24 C:/ProgramData/MATLAB/SupportPackages/R2022a/aIDE/portable/packages/arduino/hardware/sam/1.6.12/variants/arduino_due_x/libsam_sam3x8e_gcc_rel.a(dacc.o)
                0x00084f4c                dacc_set_power_save
 .text.dacc_set_timing
                0x00084f70       0x2c C:/ProgramData/MATLAB/SupportPackages/R2022a/aIDE/portable/packages/arduino/hardware/sam/1.6.12/variants/arduino_due_x/libsam_sam3x8e_gcc_rel.a(dacc.o)
                0x00084f70                dacc_set_timing
 .text.dacc_enable_channel
                0x00084f9c       0x12 C:/ProgramData/MATLAB/SupportPackages/R2022a/aIDE/portable/packages/arduino/hardware/sam/1.6.12/variants/arduino_due_x/libsam_sam3x8e_gcc_rel.a(dacc.o)
                0x00084f9c                dacc_enable_channel
 .text.dacc_get_channel_status
                0x00084fae        0x4 C:/ProgramData/MATLAB/SupportPackages/R2022a/aIDE/portable/packages/arduino/hardware/sam/1.6.12/variants/arduino_due_x/libsam_sam3x8e_gcc_rel.a(dacc.o)
                0x00084fae                dacc_get_channel_status
 .text.dacc_set_analog_control
                0x00084fb2        0x8 C:/ProgramData/MATLAB/SupportPackages/R2022a/aIDE/portable/packages/arduino/hardware/sam/1.6.12/variants/arduino_due_x/libsam_sam3x8e_gcc_rel.a(dacc.o)
                0x00084fb2                dacc_set_analog_control
 *fill*         0x00084fba        0x2 
 .text.ldexp    0x00084fbc       0x54 c:/programdata/matlab/supportpackages/r2022a/aide/portable/packages/arduino/tools/arm-none-eabi-gcc/4.8.3-2014q1/bin/../lib/gcc/arm-none-eabi/4.8.3/../../../../arm-none-eabi/lib/armv7-m\libm.a(lib_a-s_ldexp.o)
                0x00084fbc                ldexp
 .text.scalbn   0x00085010      0x100 c:/programdata/matlab/supportpackages/r2022a/aide/portable/packages/arduino/tools/arm-none-eabi-gcc/4.8.3-2014q1/bin/../lib/gcc/arm-none-eabi/4.8.3/../../../../arm-none-eabi/lib/armv7-m\libm.a(lib_a-s_scalbn.o)
                0x00085010                scalbn
 .text.copysign
                0x00085110       0x14 c:/programdata/matlab/supportpackages/r2022a/aide/portable/packages/arduino/tools/arm-none-eabi-gcc/4.8.3-2014q1/bin/../lib/gcc/arm-none-eabi/4.8.3/../../../../arm-none-eabi/lib/armv7-m\libm.a(lib_a-s_copysign.o)
                0x00085110                copysign
 .text.finite   0x00085124        0xc c:/programdata/matlab/supportpackages/r2022a/aide/portable/packages/arduino/tools/arm-none-eabi-gcc/4.8.3-2014q1/bin/../lib/gcc/arm-none-eabi/4.8.3/../../../../arm-none-eabi/lib/armv7-m\libm.a(lib_a-s_finite.o)
                0x00085124                finite
 .text          0x00085130      0x370 c:/programdata/matlab/supportpackages/r2022a/aide/portable/packages/arduino/tools/arm-none-eabi-gcc/4.8.3-2014q1/bin/../lib/gcc/arm-none-eabi/4.8.3/armv7-m\libgcc.a(_arm_addsubdf3.o)
                0x00085130                __aeabi_drsub
                0x00085138                __aeabi_dsub
                0x00085138                __subdf3
                0x0008513c                __aeabi_dadd
                0x0008513c                __adddf3
                0x000853b4                __floatunsidf
                0x000853b4                __aeabi_ui2d
                0x000853d4                __floatsidf
                0x000853d4                __aeabi_i2d
                0x000853f8                __aeabi_f2d
                0x000853f8                __extendsfdf2
                0x00085434                __floatundidf
                0x00085434                __aeabi_ul2d
                0x00085444                __floatdidf
                0x00085444                __aeabi_l2d
 .text          0x000854a0      0x424 c:/programdata/matlab/supportpackages/r2022a/aide/portable/packages/arduino/tools/arm-none-eabi-gcc/4.8.3-2014q1/bin/../lib/gcc/arm-none-eabi/4.8.3/armv7-m\libgcc.a(_arm_muldivdf3.o)
                0x000854a0                __aeabi_dmul
                0x000854a0                __muldf3
                0x000856f4                __divdf3
                0x000856f4                __aeabi_ddiv
 .text          0x000858c4      0x110 c:/programdata/matlab/supportpackages/r2022a/aide/portable/packages/arduino/tools/arm-none-eabi-gcc/4.8.3-2014q1/bin/../lib/gcc/arm-none-eabi/4.8.3/armv7-m\libgcc.a(_arm_cmpdf2.o)
                0x000858c4                __gtdf2
                0x000858c4                __gedf2
                0x000858cc                __ltdf2
                0x000858cc                __ledf2
                0x000858d4                __nedf2
                0x000858d4                __eqdf2
                0x000858d4                __cmpdf2
                0x00085950                __aeabi_cdrcmple
                0x00085960                __aeabi_cdcmpeq
                0x00085960                __aeabi_cdcmple
                0x00085970                __aeabi_dcmpeq
                0x00085984                __aeabi_dcmplt
                0x00085998                __aeabi_dcmple
                0x000859ac                __aeabi_dcmpge
                0x000859c0                __aeabi_dcmpgt
 .text          0x000859d4       0x50 c:/programdata/matlab/supportpackages/r2022a/aide/portable/packages/arduino/tools/arm-none-eabi-gcc/4.8.3-2014q1/bin/../lib/gcc/arm-none-eabi/4.8.3/armv7-m\libgcc.a(_arm_fixdfsi.o)
                0x000859d4                __aeabi_d2iz
                0x000859d4                __fixdfsi
 .text          0x00085a24       0x40 c:/programdata/matlab/supportpackages/r2022a/aide/portable/packages/arduino/tools/arm-none-eabi-gcc/4.8.3-2014q1/bin/../lib/gcc/arm-none-eabi/4.8.3/armv7-m\libgcc.a(_arm_fixunsdfsi.o)
                0x00085a24                __aeabi_d2uiz
                0x00085a24                __fixunsdfsi
 .text.__assert_func
                0x00085a64       0x3c c:/programdata/matlab/supportpackages/r2022a/aide/portable/packages/arduino/tools/arm-none-eabi-gcc/4.8.3-2014q1/bin/../lib/gcc/arm-none-eabi/4.8.3/../../../../arm-none-eabi/lib/armv7-m\libg.a(lib_a-assert.o)
                0x00085a64                __assert_func
 .text.__errno  0x00085aa0        0xc c:/programdata/matlab/supportpackages/r2022a/aide/portable/packages/arduino/tools/arm-none-eabi-gcc/4.8.3-2014q1/bin/../lib/gcc/arm-none-eabi/4.8.3/../../../../arm-none-eabi/lib/armv7-m\libg.a(lib_a-errno.o)
                0x00085aa0                __errno
 .text.fiprintf
                0x00085aac       0x28 c:/programdata/matlab/supportpackages/r2022a/aide/portable/packages/arduino/tools/arm-none-eabi-gcc/4.8.3-2014q1/bin/../lib/gcc/arm-none-eabi/4.8.3/../../../../arm-none-eabi/lib/armv7-m\libg.a(lib_a-fiprintf.o)
                0x00085aac                fiprintf
 .text.__libc_init_array
                0x00085ad4       0x50 c:/programdata/matlab/supportpackages/r2022a/aide/portable/packages/arduino/tools/arm-none-eabi-gcc/4.8.3-2014q1/bin/../lib/gcc/arm-none-eabi/4.8.3/../../../../arm-none-eabi/lib/armv7-m\libg.a(lib_a-init.o)
                0x00085ad4                __libc_init_array
 .text          0x00085b24       0xec c:/programdata/matlab/supportpackages/r2022a/aide/portable/packages/arduino/tools/arm-none-eabi-gcc/4.8.3-2014q1/bin/../lib/gcc/arm-none-eabi/4.8.3/../../../../arm-none-eabi/lib/armv7-m\libg.a(lib_a-memcpy.o)
                0x00085b24                memcpy
 .text.memset   0x00085c10       0x94 c:/programdata/matlab/supportpackages/r2022a/aide/portable/packages/arduino/tools/arm-none-eabi-gcc/4.8.3-2014q1/bin/../lib/gcc/arm-none-eabi/4.8.3/../../../../arm-none-eabi/lib/armv7-m\libg.a(lib_a-memset.o)
                0x00085c10                memset
 .text.strlen   0x00085ca4       0x60 c:/programdata/matlab/supportpackages/r2022a/aide/portable/packages/arduino/tools/arm-none-eabi-gcc/4.8.3-2014q1/bin/../lib/gcc/arm-none-eabi/4.8.3/../../../../arm-none-eabi/lib/armv7-m\libg.a(lib_a-strlen.o)
                0x00085ca4                strlen
 .text.kill     0x00085d04       0x10 c:/programdata/matlab/supportpackages/r2022a/aide/portable/packages/arduino/tools/arm-none-eabi-gcc/4.8.3-2014q1/bin/../lib/gcc/arm-none-eabi/4.8.3/../../../../arm-none-eabi/lib/armv7-m\libg.a(lib_a-syskill.o)
                0x00085d04                kill
 .text.__sprint_r.part.0
                0x00085d14       0x78 c:/programdata/matlab/supportpackages/r2022a/aide/portable/packages/arduino/tools/arm-none-eabi-gcc/4.8.3-2014q1/bin/../lib/gcc/arm-none-eabi/4.8.3/../../../../arm-none-eabi/lib/armv7-m\libg.a(lib_a-vfiprintf.o)
 .text._vfiprintf_r
                0x00085d8c      0xc54 c:/programdata/matlab/supportpackages/r2022a/aide/portable/packages/arduino/tools/arm-none-eabi-gcc/4.8.3-2014q1/bin/../lib/gcc/arm-none-eabi/4.8.3/../../../../arm-none-eabi/lib/armv7-m\libg.a(lib_a-vfiprintf.o)
                0x00085d8c                _vfiprintf_r
 .text.__sbprintf
                0x000869e0       0x7c c:/programdata/matlab/supportpackages/r2022a/aide/portable/packages/arduino/tools/arm-none-eabi-gcc/4.8.3-2014q1/bin/../lib/gcc/arm-none-eabi/4.8.3/../../../../arm-none-eabi/lib/armv7-m\libg.a(lib_a-vfiprintf.o)
 .text.__swsetup_r
                0x00086a5c       0xc4 c:/programdata/matlab/supportpackages/r2022a/aide/portable/packages/arduino/tools/arm-none-eabi-gcc/4.8.3-2014q1/bin/../lib/gcc/arm-none-eabi/4.8.3/../../../../arm-none-eabi/lib/armv7-m\libg.a(lib_a-wsetup.o)
                0x00086a5c                __swsetup_r
 .text.startup.register_fini
                0x00086b20       0x14 c:/programdata/matlab/supportpackages/r2022a/aide/portable/packages/arduino/tools/arm-none-eabi-gcc/4.8.3-2014q1/bin/../lib/gcc/arm-none-eabi/4.8.3/../../../../arm-none-eabi/lib/armv7-m\libg.a(lib_a-__call_atexit.o)
 .text.abort    0x00086b34       0x10 c:/programdata/matlab/supportpackages/r2022a/aide/portable/packages/arduino/tools/arm-none-eabi-gcc/4.8.3-2014q1/bin/../lib/gcc/arm-none-eabi/4.8.3/../../../../arm-none-eabi/lib/armv7-m\libg.a(lib_a-abort.o)
                0x00086b34                abort
 .text.atexit   0x00086b44        0xc c:/programdata/matlab/supportpackages/r2022a/aide/portable/packages/arduino/tools/arm-none-eabi-gcc/4.8.3-2014q1/bin/../lib/gcc/arm-none-eabi/4.8.3/../../../../arm-none-eabi/lib/armv7-m\libg.a(lib_a-atexit.o)
                0x00086b44                atexit
 .text.__sflush_r
                0x00086b50      0x148 c:/programdata/matlab/supportpackages/r2022a/aide/portable/packages/arduino/tools/arm-none-eabi-gcc/4.8.3-2014q1/bin/../lib/gcc/arm-none-eabi/4.8.3/../../../../arm-none-eabi/lib/armv7-m\libg.a(lib_a-fflush.o)
                0x00086b50                __sflush_r
 .text._fflush_r
                0x00086c98       0x2c c:/programdata/matlab/supportpackages/r2022a/aide/portable/packages/arduino/tools/arm-none-eabi-gcc/4.8.3-2014q1/bin/../lib/gcc/arm-none-eabi/4.8.3/../../../../arm-none-eabi/lib/armv7-m\libg.a(lib_a-fflush.o)
                0x00086c98                _fflush_r
 .text._cleanup_r
                0x00086cc4        0xc c:/programdata/matlab/supportpackages/r2022a/aide/portable/packages/arduino/tools/arm-none-eabi-gcc/4.8.3-2014q1/bin/../lib/gcc/arm-none-eabi/4.8.3/../../../../arm-none-eabi/lib/armv7-m\libg.a(lib_a-findfp.o)
                0x00086cc4                _cleanup_r
 .text.__sinit  0x00086cd0       0xf4 c:/programdata/matlab/supportpackages/r2022a/aide/portable/packages/arduino/tools/arm-none-eabi-gcc/4.8.3-2014q1/bin/../lib/gcc/arm-none-eabi/4.8.3/../../../../arm-none-eabi/lib/armv7-m\libg.a(lib_a-findfp.o)
                0x00086cd0                __sinit
 .text.__sfp_lock_acquire
                0x00086dc4        0x4 c:/programdata/matlab/supportpackages/r2022a/aide/portable/packages/arduino/tools/arm-none-eabi-gcc/4.8.3-2014q1/bin/../lib/gcc/arm-none-eabi/4.8.3/../../../../arm-none-eabi/lib/armv7-m\libg.a(lib_a-findfp.o)
                0x00086dc4                __sfp_lock_acquire
 .text.__sfp_lock_release
                0x00086dc8        0x4 c:/programdata/matlab/supportpackages/r2022a/aide/portable/packages/arduino/tools/arm-none-eabi-gcc/4.8.3-2014q1/bin/../lib/gcc/arm-none-eabi/4.8.3/../../../../arm-none-eabi/lib/armv7-m\libg.a(lib_a-findfp.o)
                0x00086dc8                __sfp_lock_release
 .text.__libc_fini_array
                0x00086dcc       0x30 c:/programdata/matlab/supportpackages/r2022a/aide/portable/packages/arduino/tools/arm-none-eabi-gcc/4.8.3-2014q1/bin/../lib/gcc/arm-none-eabi/4.8.3/../../../../arm-none-eabi/lib/armv7-m\libg.a(lib_a-fini.o)
                0x00086dcc                __libc_fini_array
 .text._fputwc_r
                0x00086dfc       0xc0 c:/programdata/matlab/supportpackages/r2022a/aide/portable/packages/arduino/tools/arm-none-eabi-gcc/4.8.3-2014q1/bin/../lib/gcc/arm-none-eabi/4.8.3/../../../../arm-none-eabi/lib/armv7-m\libg.a(lib_a-fputwc.o)
                0x00086dfc                _fputwc_r
 .text._malloc_trim_r
                0x00086ebc       0x9c c:/programdata/matlab/supportpackages/r2022a/aide/portable/packages/arduino/tools/arm-none-eabi-gcc/4.8.3-2014q1/bin/../lib/gcc/arm-none-eabi/4.8.3/../../../../arm-none-eabi/lib/armv7-m\libg.a(lib_a-freer.o)
                0x00086ebc                _malloc_trim_r
 .text._free_r  0x00086f58      0x198 c:/programdata/matlab/supportpackages/r2022a/aide/portable/packages/arduino/tools/arm-none-eabi-gcc/4.8.3-2014q1/bin/../lib/gcc/arm-none-eabi/4.8.3/../../../../arm-none-eabi/lib/armv7-m\libg.a(lib_a-freer.o)
                0x00086f58                _free_r
 .text.__sfvwrite_r
                0x000870f0      0x314 c:/programdata/matlab/supportpackages/r2022a/aide/portable/packages/arduino/tools/arm-none-eabi-gcc/4.8.3-2014q1/bin/../lib/gcc/arm-none-eabi/4.8.3/../../../../arm-none-eabi/lib/armv7-m\libg.a(lib_a-fvwrite.o)
                0x000870f0                __sfvwrite_r
 .text._fwalk   0x00087404       0x48 c:/programdata/matlab/supportpackages/r2022a/aide/portable/packages/arduino/tools/arm-none-eabi-gcc/4.8.3-2014q1/bin/../lib/gcc/arm-none-eabi/4.8.3/../../../../arm-none-eabi/lib/armv7-m\libg.a(lib_a-fwalk.o)
                0x00087404                _fwalk
 .text.__locale_charset
                0x0008744c        0x8 c:/programdata/matlab/supportpackages/r2022a/aide/portable/packages/arduino/tools/arm-none-eabi-gcc/4.8.3-2014q1/bin/../lib/gcc/arm-none-eabi/4.8.3/../../../../arm-none-eabi/lib/armv7-m\libg.a(lib_a-locale.o)
                0x0008744c                __locale_charset
 .text.__locale_mb_cur_max
                0x00087454        0xc c:/programdata/matlab/supportpackages/r2022a/aide/portable/packages/arduino/tools/arm-none-eabi-gcc/4.8.3-2014q1/bin/../lib/gcc/arm-none-eabi/4.8.3/../../../../arm-none-eabi/lib/armv7-m\libg.a(lib_a-locale.o)
                0x00087454                __locale_mb_cur_max
 .text.__smakebuf_r
                0x00087460       0xe0 c:/programdata/matlab/supportpackages/r2022a/aide/portable/packages/arduino/tools/arm-none-eabi-gcc/4.8.3-2014q1/bin/../lib/gcc/arm-none-eabi/4.8.3/../../../../arm-none-eabi/lib/armv7-m\libg.a(lib_a-makebuf.o)
                0x00087460                __smakebuf_r
 .text._malloc_r
                0x00087540      0x538 c:/programdata/matlab/supportpackages/r2022a/aide/portable/packages/arduino/tools/arm-none-eabi-gcc/4.8.3-2014q1/bin/../lib/gcc/arm-none-eabi/4.8.3/../../../../arm-none-eabi/lib/armv7-m\libg.a(lib_a-mallocr.o)
                0x00087540                _malloc_r
 .text.memchr   0x00087a78       0x94 c:/programdata/matlab/supportpackages/r2022a/aide/portable/packages/arduino/tools/arm-none-eabi-gcc/4.8.3-2014q1/bin/../lib/gcc/arm-none-eabi/4.8.3/../../../../arm-none-eabi/lib/armv7-m\libg.a(lib_a-memchr-stub.o)
                0x00087a78                memchr
 .text.memmove  0x00087b0c       0xcc c:/programdata/matlab/supportpackages/r2022a/aide/portable/packages/arduino/tools/arm-none-eabi-gcc/4.8.3-2014q1/bin/../lib/gcc/arm-none-eabi/4.8.3/../../../../arm-none-eabi/lib/armv7-m\libg.a(lib_a-memmove.o)
                0x00087b0c                memmove
 .text.__malloc_lock
                0x00087bd8        0x4 c:/programdata/matlab/supportpackages/r2022a/aide/portable/packages/arduino/tools/arm-none-eabi-gcc/4.8.3-2014q1/bin/../lib/gcc/arm-none-eabi/4.8.3/../../../../arm-none-eabi/lib/armv7-m\libg.a(lib_a-mlock.o)
                0x00087bd8                __malloc_lock
 .text.__malloc_unlock
                0x00087bdc        0x4 c:/programdata/matlab/supportpackages/r2022a/aide/portable/packages/arduino/tools/arm-none-eabi-gcc/4.8.3-2014q1/bin/../lib/gcc/arm-none-eabi/4.8.3/../../../../arm-none-eabi/lib/armv7-m\libg.a(lib_a-mlock.o)
                0x00087bdc                __malloc_unlock
 .text._realloc_r
                0x00087be0      0x3c0 c:/programdata/matlab/supportpackages/r2022a/aide/portable/packages/arduino/tools/arm-none-eabi-gcc/4.8.3-2014q1/bin/../lib/gcc/arm-none-eabi/4.8.3/../../../../arm-none-eabi/lib/armv7-m\libg.a(lib_a-reallocr.o)
                0x00087be0                _realloc_r
 .text._sbrk_r  0x00087fa0       0x24 c:/programdata/matlab/supportpackages/r2022a/aide/portable/packages/arduino/tools/arm-none-eabi-gcc/4.8.3-2014q1/bin/../lib/gcc/arm-none-eabi/4.8.3/../../../../arm-none-eabi/lib/armv7-m\libg.a(lib_a-sbrkr.o)
                0x00087fa0                _sbrk_r
 .text._raise_r
                0x00087fc4       0x58 c:/programdata/matlab/supportpackages/r2022a/aide/portable/packages/arduino/tools/arm-none-eabi-gcc/4.8.3-2014q1/bin/../lib/gcc/arm-none-eabi/4.8.3/../../../../arm-none-eabi/lib/armv7-m\libg.a(lib_a-signal.o)
                0x00087fc4                _raise_r
 .text.raise    0x0008801c       0x10 c:/programdata/matlab/supportpackages/r2022a/aide/portable/packages/arduino/tools/arm-none-eabi-gcc/4.8.3-2014q1/bin/../lib/gcc/arm-none-eabi/4.8.3/../../../../arm-none-eabi/lib/armv7-m\libg.a(lib_a-signal.o)
                0x0008801c                raise
 .text._kill_r  0x0008802c       0x28 c:/programdata/matlab/supportpackages/r2022a/aide/portable/packages/arduino/tools/arm-none-eabi-gcc/4.8.3-2014q1/bin/../lib/gcc/arm-none-eabi/4.8.3/../../../../arm-none-eabi/lib/armv7-m\libg.a(lib_a-signalr.o)
                0x0008802c                _kill_r
 .text._getpid_r
                0x00088054        0x4 c:/programdata/matlab/supportpackages/r2022a/aide/portable/packages/arduino/tools/arm-none-eabi-gcc/4.8.3-2014q1/bin/../lib/gcc/arm-none-eabi/4.8.3/../../../../arm-none-eabi/lib/armv7-m\libg.a(lib_a-signalr.o)
                0x00088054                _getpid_r
 .text.__sread  0x00088058       0x24 c:/programdata/matlab/supportpackages/r2022a/aide/portable/packages/arduino/tools/arm-none-eabi-gcc/4.8.3-2014q1/bin/../lib/gcc/arm-none-eabi/4.8.3/../../../../arm-none-eabi/lib/armv7-m\libg.a(lib_a-stdio.o)
                0x00088058                __sread
 .text.__swrite
                0x0008807c       0x38 c:/programdata/matlab/supportpackages/r2022a/aide/portable/packages/arduino/tools/arm-none-eabi-gcc/4.8.3-2014q1/bin/../lib/gcc/arm-none-eabi/4.8.3/../../../../arm-none-eabi/lib/armv7-m\libg.a(lib_a-stdio.o)
                0x0008807c                __swrite
 .text.__sseek  0x000880b4       0x20 c:/programdata/matlab/supportpackages/r2022a/aide/portable/packages/arduino/tools/arm-none-eabi-gcc/4.8.3-2014q1/bin/../lib/gcc/arm-none-eabi/4.8.3/../../../../arm-none-eabi/lib/armv7-m\libg.a(lib_a-stdio.o)
                0x000880b4                __sseek
 .text.__sclose
                0x000880d4        0x8 c:/programdata/matlab/supportpackages/r2022a/aide/portable/packages/arduino/tools/arm-none-eabi-gcc/4.8.3-2014q1/bin/../lib/gcc/arm-none-eabi/4.8.3/../../../../arm-none-eabi/lib/armv7-m\libg.a(lib_a-stdio.o)
                0x000880d4                __sclose
 .text.__swbuf_r
                0x000880dc       0xa8 c:/programdata/matlab/supportpackages/r2022a/aide/portable/packages/arduino/tools/arm-none-eabi-gcc/4.8.3-2014q1/bin/../lib/gcc/arm-none-eabi/4.8.3/../../../../arm-none-eabi/lib/armv7-m\libg.a(lib_a-wbuf.o)
                0x000880dc                __swbuf_r
 .text._wcrtomb_r
                0x00088184       0x50 c:/programdata/matlab/supportpackages/r2022a/aide/portable/packages/arduino/tools/arm-none-eabi-gcc/4.8.3-2014q1/bin/../lib/gcc/arm-none-eabi/4.8.3/../../../../arm-none-eabi/lib/armv7-m\libg.a(lib_a-wcrtomb.o)
                0x00088184                _wcrtomb_r
 .text.__ascii_wctomb
                0x000881d4       0x1c c:/programdata/matlab/supportpackages/r2022a/aide/portable/packages/arduino/tools/arm-none-eabi-gcc/4.8.3-2014q1/bin/../lib/gcc/arm-none-eabi/4.8.3/../../../../arm-none-eabi/lib/armv7-m\libg.a(lib_a-wctomb_r.o)
                0x000881d4                __ascii_wctomb
 .text._write_r
                0x000881f0       0x28 c:/programdata/matlab/supportpackages/r2022a/aide/portable/packages/arduino/tools/arm-none-eabi-gcc/4.8.3-2014q1/bin/../lib/gcc/arm-none-eabi/4.8.3/../../../../arm-none-eabi/lib/armv7-m\libg.a(lib_a-writer.o)
                0x000881f0                _write_r
 .text.__register_exitproc
                0x00088218       0xa8 c:/programdata/matlab/supportpackages/r2022a/aide/portable/packages/arduino/tools/arm-none-eabi-gcc/4.8.3-2014q1/bin/../lib/gcc/arm-none-eabi/4.8.3/../../../../arm-none-eabi/lib/armv7-m\libg.a(lib_a-__atexit.o)
                0x00088218                __register_exitproc
 .text._close_r
                0x000882c0       0x24 c:/programdata/matlab/supportpackages/r2022a/aide/portable/packages/arduino/tools/arm-none-eabi-gcc/4.8.3-2014q1/bin/../lib/gcc/arm-none-eabi/4.8.3/../../../../arm-none-eabi/lib/armv7-m\libg.a(lib_a-closer.o)
                0x000882c0                _close_r
 .text._fclose_r
                0x000882e4       0x80 c:/programdata/matlab/supportpackages/r2022a/aide/portable/packages/arduino/tools/arm-none-eabi-gcc/4.8.3-2014q1/bin/../lib/gcc/arm-none-eabi/4.8.3/../../../../arm-none-eabi/lib/armv7-m\libg.a(lib_a-fclose.o)
                0x000882e4                _fclose_r
 .text.fclose   0x00088364       0x10 c:/programdata/matlab/supportpackages/r2022a/aide/portable/packages/arduino/tools/arm-none-eabi-gcc/4.8.3-2014q1/bin/../lib/gcc/arm-none-eabi/4.8.3/../../../../arm-none-eabi/lib/armv7-m\libg.a(lib_a-fclose.o)
                0x00088364                fclose
 .text._fstat_r
                0x00088374       0x28 c:/programdata/matlab/supportpackages/r2022a/aide/portable/packages/arduino/tools/arm-none-eabi-gcc/4.8.3-2014q1/bin/../lib/gcc/arm-none-eabi/4.8.3/../../../../arm-none-eabi/lib/armv7-m\libg.a(lib_a-fstatr.o)
                0x00088374                _fstat_r
 .text._isatty_r
                0x0008839c       0x24 c:/programdata/matlab/supportpackages/r2022a/aide/portable/packages/arduino/tools/arm-none-eabi-gcc/4.8.3-2014q1/bin/../lib/gcc/arm-none-eabi/4.8.3/../../../../arm-none-eabi/lib/armv7-m\libg.a(lib_a-isattyr.o)
                0x0008839c                _isatty_r
 .text._lseek_r
                0x000883c0       0x28 c:/programdata/matlab/supportpackages/r2022a/aide/portable/packages/arduino/tools/arm-none-eabi-gcc/4.8.3-2014q1/bin/../lib/gcc/arm-none-eabi/4.8.3/../../../../arm-none-eabi/lib/armv7-m\libg.a(lib_a-lseekr.o)
                0x000883c0                _lseek_r
 .text._read_r  0x000883e8       0x28 c:/programdata/matlab/supportpackages/r2022a/aide/portable/packages/arduino/tools/arm-none-eabi-gcc/4.8.3-2014q1/bin/../lib/gcc/arm-none-eabi/4.8.3/../../../../arm-none-eabi/lib/armv7-m\libg.a(lib_a-readr.o)
                0x000883e8                _read_r
 .text          0x00088410       0x2c c:/programdata/matlab/supportpackages/r2022a/aide/portable/packages/arduino/tools/arm-none-eabi-gcc/4.8.3-2014q1/bin/../lib/gcc/arm-none-eabi/4.8.3/armv7-m\libgcc.a(_aeabi_uldivmod.o)
                0x00088410                __aeabi_uldivmod
 .text          0x0008843c       0x60 c:/programdata/matlab/supportpackages/r2022a/aide/portable/packages/arduino/tools/arm-none-eabi-gcc/4.8.3-2014q1/bin/../lib/gcc/arm-none-eabi/4.8.3/armv7-m\libgcc.a(bpabi.o)
                0x0008843c                __gnu_ldivmod_helper
                0x0008846c                __gnu_uldivmod_helper
 .text          0x0008849c        0x4 c:/programdata/matlab/supportpackages/r2022a/aide/portable/packages/arduino/tools/arm-none-eabi-gcc/4.8.3-2014q1/bin/../lib/gcc/arm-none-eabi/4.8.3/armv7-m\libgcc.a(_dvmd_tls.o)
                0x0008849c                __aeabi_idiv0
                0x0008849c                __aeabi_ldiv0
 .text          0x000884a0      0x2a0 c:/programdata/matlab/supportpackages/r2022a/aide/portable/packages/arduino/tools/arm-none-eabi-gcc/4.8.3-2014q1/bin/../lib/gcc/arm-none-eabi/4.8.3/armv7-m\libgcc.a(_divdi3.o)
                0x000884a0                __divdi3
 .text          0x00088740      0x290 c:/programdata/matlab/supportpackages/r2022a/aide/portable/packages/arduino/tools/arm-none-eabi-gcc/4.8.3-2014q1/bin/../lib/gcc/arm-none-eabi/4.8.3/armv7-m\libgcc.a(_udivdi3.o)
                0x00088740                __udivdi3
 *(.glue_7t)
 .glue_7t       0x00000000        0x0 linker stubs
 *(.glue_7)
 .glue_7        0x00000000        0x0 linker stubs
 *(.rodata .rodata* .gnu.linkonce.r.*)
 .rodata.channelToTC.9455
                0x000889d0       0x48 MW_PWMDriver.o
 .rodata.channelToChNo.9470
                0x00088a18       0x48 MW_PWMDriver.o
 .rodata.channelToId.9473
                0x00088a60       0x48 MW_PWMDriver.o
 .rodata.channelToTC.9472
                0x00088aa8       0x48 MW_PWMDriver.o
 .rodata.channelToAB.9454
                0x00088af0       0x48 MW_PWMDriver.o
 .rodata.channelToChNo.9453
                0x00088b38       0x48 MW_PWMDriver.o
 .rodata.position_control_M
                0x00088b80        0x4 position_control.o
                0x00088b80                position_control_M
 .rodata.str1.1
                0x00088b84       0x12 position_control.o
 .rodata.rtAlwaysEnabled.10064
                0x00088b96        0x1 position_control.o
 *fill*         0x00088b97        0x1 
 .rodata.standardSupportedRxPacket
                0x00088b98       0x54 xcp_standard.o
 .rodata.daqSupportedRxPacket
                0x00088bec       0x90 xcp_daq.o
 .rodata.calibrationSupportedRxPacket
                0x00088c7c       0x18 xcp_calibration.o
 .rodata.xcpMemMainBlocksNumber
                0x00088c94        0xc xcp_mem_default.o
 .rodata.xcpMemMainBlockSizes
                0x00088ca0        0xc xcp_mem_default.o
 .rodata.channelToId.9433
                0x00088cac       0x48 C:/Users/LabPC/DOCUME~1/MATLAB/R2022a/ARDUIN~1/ARDUIN~1/FASTER~1/libcore.a(wiring_analog.o)
 .rodata.channelToTC.9432
                0x00088cf4       0x48 C:/Users/LabPC/DOCUME~1/MATLAB/R2022a/ARDUIN~1/ARDUIN~1/FASTER~1/libcore.a(wiring_analog.o)
 .rodata.channelToChNo.9430
                0x00088d3c       0x48 C:/Users/LabPC/DOCUME~1/MATLAB/R2022a/ARDUIN~1/ARDUIN~1/FASTER~1/libcore.a(wiring_analog.o)
 .rodata.channelToAB.9431
                0x00088d84       0x48 C:/Users/LabPC/DOCUME~1/MATLAB/R2022a/ARDUIN~1/ARDUIN~1/FASTER~1/libcore.a(wiring_analog.o)
 *fill*         0x00088dcc        0x4 
 .rodata._ZTV9UARTClass
                0x00088dd0       0x30 C:/Users/LabPC/DOCUME~1/MATLAB/R2022a/ARDUIN~1/ARDUIN~1/FASTER~1/libcore.a(UARTClass.o)
                0x00088dd0                vtable for UARTClass
 .rodata._ZTV10USARTClass
                0x00088e00       0x30 C:/Users/LabPC/DOCUME~1/MATLAB/R2022a/ARDUIN~1/ARDUIN~1/FASTER~1/libcore.a(USARTClass.o)
                0x00088e00                vtable for USARTClass
 .rodata.g_APinDescription
                0x00088e30      0xa2c C:/Users/LabPC/DOCUME~1/MATLAB/R2022a/ARDUIN~1/ARDUIN~1/FASTER~1/libcore.a(variant.o)
                0x00088e30                g_APinDescription
 .rodata        0x0008985c       0x2c C:/ProgramData/MATLAB/SupportPackages/R2022a/aIDE/portable/packages/arduino/hardware/sam/1.6.12/variants/arduino_due_x/libsam_sam3x8e_gcc_rel.a(pwmc.o)
 .rodata.__func__.6830
                0x00089888       0x15 C:/ProgramData/MATLAB/SupportPackages/R2022a/aIDE/portable/packages/arduino/hardware/sam/1.6.12/variants/arduino_due_x/libsam_sam3x8e_gcc_rel.a(pwmc.o)
 .rodata.__func__.6841
                0x0008989d       0x12 C:/ProgramData/MATLAB/SupportPackages/R2022a/aIDE/portable/packages/arduino/hardware/sam/1.6.12/variants/arduino_due_x/libsam_sam3x8e_gcc_rel.a(pwmc.o)
 .rodata.str1.1
                0x000898af      0x1cc C:/ProgramData/MATLAB/SupportPackages/R2022a/aIDE/portable/packages/arduino/hardware/sam/1.6.12/variants/arduino_due_x/libsam_sam3x8e_gcc_rel.a(pwmc.o)
 .rodata.__func__.6804
                0x00089a7b       0x16 C:/ProgramData/MATLAB/SupportPackages/R2022a/aIDE/portable/packages/arduino/hardware/sam/1.6.12/variants/arduino_due_x/libsam_sam3x8e_gcc_rel.a(pwmc.o)
 .rodata.__func__.6793
                0x00089a91       0x17 C:/ProgramData/MATLAB/SupportPackages/R2022a/aIDE/portable/packages/arduino/hardware/sam/1.6.12/variants/arduino_due_x/libsam_sam3x8e_gcc_rel.a(pwmc.o)
 .rodata.__func__.6792
                0x00089aa8        0xd C:/ProgramData/MATLAB/SupportPackages/R2022a/aIDE/portable/packages/arduino/hardware/sam/1.6.12/variants/arduino_due_x/libsam_sam3x8e_gcc_rel.a(tc.o)
 .rodata.str1.1
                0x00089ab5       0x54 C:/ProgramData/MATLAB/SupportPackages/R2022a/aIDE/portable/packages/arduino/hardware/sam/1.6.12/variants/arduino_due_x/libsam_sam3x8e_gcc_rel.a(tc.o)
 .rodata.__func__.6798
                0x00089b09        0x9 C:/ProgramData/MATLAB/SupportPackages/R2022a/aIDE/portable/packages/arduino/hardware/sam/1.6.12/variants/arduino_due_x/libsam_sam3x8e_gcc_rel.a(tc.o)
 *fill*         0x00089b12        0x2 
 .rodata        0x00089b14       0x40 C:/ProgramData/MATLAB/SupportPackages/R2022a/aIDE/portable/packages/arduino/hardware/sam/1.6.12/variants/arduino_due_x/libsam_sam3x8e_gcc_rel.a(adc.o)
 .rodata.str1.4
                0x00089b54       0x3f c:/programdata/matlab/supportpackages/r2022a/aide/portable/packages/arduino/tools/arm-none-eabi-gcc/4.8.3-2014q1/bin/../lib/gcc/arm-none-eabi/4.8.3/../../../../arm-none-eabi/lib/armv7-m\libg.a(lib_a-assert.o)
                                 0x44 (size before relaxing)
 *fill*         0x00089b93        0x1 
 .rodata.str1.4
                0x00089b94        0x2 c:/programdata/matlab/supportpackages/r2022a/aide/portable/packages/arduino/tools/arm-none-eabi-gcc/4.8.3-2014q1/bin/../lib/gcc/arm-none-eabi/4.8.3/../../../../arm-none-eabi/lib/armv7-m\libg.a(lib_a-impure.o)
                                  0x4 (size before relaxing)
 *fill*         0x00089b96        0x2 
 .rodata._global_impure_ptr
                0x00089b98        0x4 c:/programdata/matlab/supportpackages/r2022a/aide/portable/packages/arduino/tools/arm-none-eabi-gcc/4.8.3-2014q1/bin/../lib/gcc/arm-none-eabi/4.8.3/../../../../arm-none-eabi/lib/armv7-m\libg.a(lib_a-impure.o)
                0x00089b98                _global_impure_ptr
 .rodata.blanks.6717
                0x00089b9c       0x10 c:/programdata/matlab/supportpackages/r2022a/aide/portable/packages/arduino/tools/arm-none-eabi-gcc/4.8.3-2014q1/bin/../lib/gcc/arm-none-eabi/4.8.3/../../../../arm-none-eabi/lib/armv7-m\libg.a(lib_a-vfiprintf.o)
 .rodata.str1.4
                0x00089bac       0x30 c:/programdata/matlab/supportpackages/r2022a/aide/portable/packages/arduino/tools/arm-none-eabi-gcc/4.8.3-2014q1/bin/../lib/gcc/arm-none-eabi/4.8.3/../../../../arm-none-eabi/lib/armv7-m\libg.a(lib_a-vfiprintf.o)
 .rodata.zeroes.6718
                0x00089bdc       0x10 c:/programdata/matlab/supportpackages/r2022a/aide/portable/packages/arduino/tools/arm-none-eabi-gcc/4.8.3-2014q1/bin/../lib/gcc/arm-none-eabi/4.8.3/../../../../arm-none-eabi/lib/armv7-m\libg.a(lib_a-vfiprintf.o)
 *(.ARM.extab* .gnu.linkonce.armextab.*)
                0x00089bec                . = ALIGN (0x4)
 *(.init)
 .init          0x00089bec        0x4 c:/programdata/matlab/supportpackages/r2022a/aide/portable/packages/arduino/tools/arm-none-eabi-gcc/4.8.3-2014q1/bin/../lib/gcc/arm-none-eabi/4.8.3/armv7-m/crti.o
                0x00089bec                _init
 .init          0x00089bf0        0x8 c:/programdata/matlab/supportpackages/r2022a/aide/portable/packages/arduino/tools/arm-none-eabi-gcc/4.8.3-2014q1/bin/../lib/gcc/arm-none-eabi/4.8.3/armv7-m/crtn.o
                0x00089bf8                . = ALIGN (0x4)
                0x00089bf8                __preinit_array_start = .
 *(.preinit_array)
                0x00089bf8                __preinit_array_end = .
                0x00089bf8                . = ALIGN (0x4)
                0x00089bf8                __init_array_start = .
 *(SORT(.init_array.*))
 .init_array.00000
                0x00089bf8        0x4 c:/programdata/matlab/supportpackages/r2022a/aide/portable/packages/arduino/tools/arm-none-eabi-gcc/4.8.3-2014q1/bin/../lib/gcc/arm-none-eabi/4.8.3/../../../../arm-none-eabi/lib/armv7-m\libg.a(lib_a-__call_atexit.o)
 *(.init_array)
 .init_array    0x00089bfc        0x4 c:/programdata/matlab/supportpackages/r2022a/aide/portable/packages/arduino/tools/arm-none-eabi-gcc/4.8.3-2014q1/bin/../lib/gcc/arm-none-eabi/4.8.3/armv7-m/crtbegin.o
 .init_array    0x00089c00        0x4 C:/Users/LabPC/DOCUME~1/MATLAB/R2022a/ARDUIN~1/ARDUIN~1/FASTER~1/libcore.a(variant.o)
                0x00089c04                __init_array_end = .
                0x00089c04                . = ALIGN (0x4)
 *crtbegin.o(.ctors)
 *(EXCLUDE_FILE(*crtend.o) .ctors)
 *(SORT(.ctors.*))
 *crtend.o(.ctors)
                0x00089c04                . = ALIGN (0x4)
 *(.fini)
 .fini          0x00089c04        0x4 c:/programdata/matlab/supportpackages/r2022a/aide/portable/packages/arduino/tools/arm-none-eabi-gcc/4.8.3-2014q1/bin/../lib/gcc/arm-none-eabi/4.8.3/armv7-m/crti.o
                0x00089c04                _fini
 .fini          0x00089c08        0x8 c:/programdata/matlab/supportpackages/r2022a/aide/portable/packages/arduino/tools/arm-none-eabi-gcc/4.8.3-2014q1/bin/../lib/gcc/arm-none-eabi/4.8.3/armv7-m/crtn.o
                0x00089c10                . = ALIGN (0x4)
                0x00089c10                __fini_array_start = .
 *(.fini_array)
 .fini_array    0x00089c10        0x4 c:/programdata/matlab/supportpackages/r2022a/aide/portable/packages/arduino/tools/arm-none-eabi-gcc/4.8.3-2014q1/bin/../lib/gcc/arm-none-eabi/4.8.3/armv7-m/crtbegin.o
 *(SORT(.fini_array.*))
                0x00089c14                __fini_array_end = .
 *crtbegin.o(.dtors)
 *(EXCLUDE_FILE(*crtend.o) .dtors)
 *(SORT(.dtors.*))
 *crtend.o(.dtors)
                0x00089c14                . = ALIGN (0x4)
                0x00089c14                _efixed = .
                0x00089c14                PROVIDE (__exidx_start, .)

.vfp11_veneer   0x00089c14        0x0
 .vfp11_veneer  0x00000000        0x0 linker stubs

.v4_bx          0x00089c14        0x0
 .v4_bx         0x00000000        0x0 linker stubs

.iplt           0x00089c14        0x0
 .iplt          0x00000000        0x0 c:/programdata/matlab/supportpackages/r2022a/aide/portable/packages/arduino/tools/arm-none-eabi-gcc/4.8.3-2014q1/bin/../lib/gcc/arm-none-eabi/4.8.3/armv7-m/crtbegin.o

.ARM.exidx      0x00089c14        0x8
 *(.ARM.exidx* .gnu.linkonce.armexidx.*)
 .ARM.exidx     0x00089c14        0x8 c:/programdata/matlab/supportpackages/r2022a/aide/portable/packages/arduino/tools/arm-none-eabi-gcc/4.8.3-2014q1/bin/../lib/gcc/arm-none-eabi/4.8.3/armv7-m\libgcc.a(_divdi3.o)
 .ARM.exidx     0x00089c1c        0x0 c:/programdata/matlab/supportpackages/r2022a/aide/portable/packages/arduino/tools/arm-none-eabi-gcc/4.8.3-2014q1/bin/../lib/gcc/arm-none-eabi/4.8.3/armv7-m\libgcc.a(_udivdi3.o)
                                  0x8 (size before relaxing)
                0x00089c1c                PROVIDE (__exidx_end, .)

.eh_frame       0x00089c1c        0x0
 .eh_frame      0x00089c1c        0x0 c:/programdata/matlab/supportpackages/r2022a/aide/portable/packages/arduino/tools/arm-none-eabi-gcc/4.8.3-2014q1/bin/../lib/gcc/arm-none-eabi/4.8.3/armv7-m/crtbegin.o

.rel.dyn        0x00089c1c        0x0
 .rel.iplt      0x00000000        0x0 c:/programdata/matlab/supportpackages/r2022a/aide/portable/packages/arduino/tools/arm-none-eabi-gcc/4.8.3-2014q1/bin/../lib/gcc/arm-none-eabi/4.8.3/armv7-m/crtbegin.o

.jcr            0x00089c1c        0x0
 .jcr           0x00089c1c        0x0 c:/programdata/matlab/supportpackages/r2022a/aide/portable/packages/arduino/tools/arm-none-eabi-gcc/4.8.3-2014q1/bin/../lib/gcc/arm-none-eabi/4.8.3/armv7-m/crtbegin.o

.igot.plt       0x00089c1c        0x0
 .igot.plt      0x00000000        0x0 c:/programdata/matlab/supportpackages/r2022a/aide/portable/packages/arduino/tools/arm-none-eabi-gcc/4.8.3-2014q1/bin/../lib/gcc/arm-none-eabi/4.8.3/armv7-m/crtbegin.o
                0x00089c1c                . = ALIGN (0x4)
                0x00089c1c                _etext = .

.relocate       0x20070000      0x8fc load address 0x00089c1c
                0x20070000                . = ALIGN (0x4)
                0x20070000                _srelocate = .
 *(.ramfunc .ramfunc.*)
 .ramfunc       0x20070000       0x2c C:/Users/LabPC/DOCUME~1/MATLAB/R2022a/ARDUIN~1/ARDUIN~1/FASTER~1/libcore.a(Reset.o)
                0x20070000                banzai
 *(.data .data.*)
 *fill*         0x2007002c        0x4 
 .data.position_control_P
                0x20070030       0x30 position_control_data.o
                0x20070030                position_control_P
 .data.xcpExtmodeFinalSimulationTime
                0x20070060        0x4 xcp_ext_common.o
                0x20070060                xcpExtmodeFinalSimulationTime
 .data.xcpClassicTriggerDuration
                0x20070064        0x4 xcp_ext_classic_trigger.o
                0x20070064                xcpClassicTriggerDuration
 .data.xcpClassicTriggerArmRequest
                0x20070068        0x1 xcp_ext_classic_trigger.o
                0x20070068                xcpClassicTriggerArmRequest
 *fill*         0x20070069        0x3 
 .data.startStopDaqListId
                0x2007006c        0x4 xcp_daq.o
 .data.xcpEventCustomMemoryManager
                0x20070070        0xc xcp_daq.o
 .data.xcpCurrentDaq
                0x2007007c        0x4 xcp_daq.o
 .data.xcpCtoReservedMemPoolId
                0x20070080        0x4 xcp_transport.o
 .data.drvID    0x20070084        0x4 xcp_drv_rtiostream.o
 .data.xcpCtoReservedMemPoolId
                0x20070088        0x4 xcp_frame_serial.o
 .data._writeResolution
                0x2007008c        0x4 C:/Users/LabPC/DOCUME~1/MATLAB/R2022a/ARDUIN~1/ARDUIN~1/FASTER~1/libcore.a(wiring_analog.o)
 .data._ZL5ticks
                0x20070090        0x4 C:/Users/LabPC/DOCUME~1/MATLAB/R2022a/ARDUIN~1/ARDUIN~1/FASTER~1/libcore.a(Reset.o)
 .data.SystemCoreClock
                0x20070094        0x4 C:/ProgramData/MATLAB/SupportPackages/R2022a/aIDE/portable/packages/arduino/hardware/sam/1.6.12/variants/arduino_due_x/libsam_sam3x8e_gcc_rel.a(system_sam3xa.o)
                0x20070094                SystemCoreClock
 .data.impure_data
                0x20070098      0x428 c:/programdata/matlab/supportpackages/r2022a/aide/portable/packages/arduino/tools/arm-none-eabi-gcc/4.8.3-2014q1/bin/../lib/gcc/arm-none-eabi/4.8.3/../../../../arm-none-eabi/lib/armv7-m\libg.a(lib_a-impure.o)
 .data._impure_ptr
                0x200704c0        0x4 c:/programdata/matlab/supportpackages/r2022a/aide/portable/packages/arduino/tools/arm-none-eabi-gcc/4.8.3-2014q1/bin/../lib/gcc/arm-none-eabi/4.8.3/../../../../arm-none-eabi/lib/armv7-m\libg.a(lib_a-impure.o)
                0x200704c0                _impure_ptr
 .data.lc_ctype_charset
                0x200704c4       0x20 c:/programdata/matlab/supportpackages/r2022a/aide/portable/packages/arduino/tools/arm-none-eabi-gcc/4.8.3-2014q1/bin/../lib/gcc/arm-none-eabi/4.8.3/../../../../arm-none-eabi/lib/armv7-m\libg.a(lib_a-locale.o)
 .data.__mb_cur_max
                0x200704e4        0x4 c:/programdata/matlab/supportpackages/r2022a/aide/portable/packages/arduino/tools/arm-none-eabi-gcc/4.8.3-2014q1/bin/../lib/gcc/arm-none-eabi/4.8.3/../../../../arm-none-eabi/lib/armv7-m\libg.a(lib_a-locale.o)
                0x200704e4                __mb_cur_max
 .data.__malloc_av_
                0x200704e8      0x408 c:/programdata/matlab/supportpackages/r2022a/aide/portable/packages/arduino/tools/arm-none-eabi-gcc/4.8.3-2014q1/bin/../lib/gcc/arm-none-eabi/4.8.3/../../../../arm-none-eabi/lib/armv7-m\libg.a(lib_a-mallocr.o)
                0x200704e8                __malloc_av_
 .data.__malloc_trim_threshold
                0x200708f0        0x4 c:/programdata/matlab/supportpackages/r2022a/aide/portable/packages/arduino/tools/arm-none-eabi-gcc/4.8.3-2014q1/bin/../lib/gcc/arm-none-eabi/4.8.3/../../../../arm-none-eabi/lib/armv7-m\libg.a(lib_a-mallocr.o)
                0x200708f0                __malloc_trim_threshold
 .data.__malloc_sbrk_base
                0x200708f4        0x4 c:/programdata/matlab/supportpackages/r2022a/aide/portable/packages/arduino/tools/arm-none-eabi-gcc/4.8.3-2014q1/bin/../lib/gcc/arm-none-eabi/4.8.3/../../../../arm-none-eabi/lib/armv7-m\libg.a(lib_a-mallocr.o)
                0x200708f4                __malloc_sbrk_base
 .data.__wctomb
                0x200708f8        0x4 c:/programdata/matlab/supportpackages/r2022a/aide/portable/packages/arduino/tools/arm-none-eabi-gcc/4.8.3-2014q1/bin/../lib/gcc/arm-none-eabi/4.8.3/../../../../arm-none-eabi/lib/armv7-m\libg.a(lib_a-wctomb_r.o)
                0x200708f8                __wctomb
                0x200708fc                . = ALIGN (0x4)
                0x200708fc                _erelocate = .

.bss            0x200708fc      0xf9c load address 0x0008a518
                0x200708fc                . = ALIGN (0x4)
                0x200708fc                _sbss = .
                0x200708fc                _szero = .
 *(.bss .bss.*)
 .bss           0x200708fc       0x1c c:/programdata/matlab/supportpackages/r2022a/aide/portable/packages/arduino/tools/arm-none-eabi-gcc/4.8.3-2014q1/bin/../lib/gcc/arm-none-eabi/4.8.3/armv7-m/crtbegin.o