Archive member included because of file (symbol)

C:/ProgramData/MATLAB/SupportPackages/R2022a/aIDE/portable/packages/arduino/hardware/sam/1.6.12/variants/arduino_due_x/libsam_sam3x8e_gcc_rel.a(startup_sam3xa.o)
                              (Reset_Handler)
C:/ProgramData/MATLAB/SupportPackages/R2022a/aIDE/portable/packages/arduino/hardware/sam/1.6.12/variants/arduino_due_x/libsam_sam3x8e_gcc_rel.a(uotghs.o)
                              C:/ProgramData/MATLAB/SupportPackages/R2022a/aIDE/portable/packages/arduino/hardware/sam/1.6.12/variants/arduino_due_x/libsam_sam3x8e_gcc_rel.a(startup_sam3xa.o) (UOTGHS_Handler)
C:/Users/LabPC/DOCUME~1/MATLAB/R2022a/ARDUIN~1/ARDUIN~1/FASTER~1/libcore.a(hooks.o)
                              arm_m3_cortex_handler.o (sysTickHook)
C:/Users/LabPC/DOCUME~1/MATLAB/R2022a/ARDUIN~1/ARDUIN~1/FASTER~1/libcore.a(syscalls_sam3.o)
                              (_sbrk)
C:/Users/LabPC/DOCUME~1/MATLAB/R2022a/ARDUIN~1/ARDUIN~1/FASTER~1/libcore.a(WInterrupts.o)
                              MW_ArduinoEncoder.o (attachInterrupt)
C:/Users/LabPC/DOCUME~1/MATLAB/R2022a/ARDUIN~1/ARDUIN~1/FASTER~1/libcore.a(wiring.o)
                              io_wrappers.o (millis)
C:/Users/LabPC/DOCUME~1/MATLAB/R2022a/ARDUIN~1/ARDUIN~1/FASTER~1/libcore.a(wiring_analog.o)
                              MW_PWM.o (analogWrite)
C:/Users/LabPC/DOCUME~1/MATLAB/R2022a/ARDUIN~1/ARDUIN~1/FASTER~1/libcore.a(wiring_digital.o)
                              MW_ArduinoEncoder.o (pinMode)
C:/Users/LabPC/DOCUME~1/MATLAB/R2022a/ARDUIN~1/ARDUIN~1/FASTER~1/libcore.a(Reset.o)
                              arm_m3_cortex_handler.o (tickReset)
C:/Users/LabPC/DOCUME~1/MATLAB/R2022a/ARDUIN~1/ARDUIN~1/FASTER~1/libcore.a(UARTClass.o)
                              rtiostream_serial_daemon.o (UARTClass::available())
C:/Users/LabPC/DOCUME~1/MATLAB/R2022a/ARDUIN~1/ARDUIN~1/FASTER~1/libcore.a(USARTClass.o)
                              io_wrappers.o (USARTClass::begin(unsigned long))
C:/Users/LabPC/DOCUME~1/MATLAB/R2022a/ARDUIN~1/ARDUIN~1/FASTER~1/libcore.a(watchdog.o)
                              MW_ArduinoHWInit.o (watchdogDisable())
C:/Users/LabPC/DOCUME~1/MATLAB/R2022a/ARDUIN~1/ARDUIN~1/FASTER~1/libcore.a(variant.o)
                              ert_main.o (init)
C:/Users/LabPC/DOCUME~1/MATLAB/R2022a/ARDUIN~1/ARDUIN~1/FASTER~1/libcore.a(abi.o)
                              C:/Users/LabPC/DOCUME~1/MATLAB/R2022a/ARDUIN~1/ARDUIN~1/FASTER~1/libcore.a(UARTClass.o) (__cxa_pure_virtual)
C:/Users/LabPC/DOCUME~1/MATLAB/R2022a/ARDUIN~1/ARDUIN~1/FASTER~1/libcore.a(Print.o)
                              C:/Users/LabPC/DOCUME~1/MATLAB/R2022a/ARDUIN~1/ARDUIN~1/FASTER~1/libcore.a(UARTClass.o) (Print::write(unsigned char const*, unsigned int))
C:/Users/LabPC/DOCUME~1/MATLAB/R2022a/ARDUIN~1/ARDUIN~1/FASTER~1/libcore.a(RingBuffer.o)
                              C:/Users/LabPC/DOCUME~1/MATLAB/R2022a/ARDUIN~1/ARDUIN~1/FASTER~1/libcore.a(variant.o) (RingBuffer::RingBuffer())
C:/ProgramData/MATLAB/SupportPackages/R2022a/aIDE/portable/packages/arduino/hardware/sam/1.6.12/variants/arduino_due_x/libsam_sam3x8e_gcc_rel.a(pio.o)
                              C:/Users/LabPC/DOCUME~1/MATLAB/R2022a/ARDUIN~1/ARDUIN~1/FASTER~1/libcore.a(wiring_digital.o) (PIO_PullUp)
C:/ProgramData/MATLAB/SupportPackages/R2022a/aIDE/portable/packages/arduino/hardware/sam/1.6.12/variants/arduino_due_x/libsam_sam3x8e_gcc_rel.a(pmc.o)
                              MW_PWMDriver.o (pmc_enable_periph_clk)
C:/ProgramData/MATLAB/SupportPackages/R2022a/aIDE/portable/packages/arduino/hardware/sam/1.6.12/variants/arduino_due_x/libsam_sam3x8e_gcc_rel.a(pwmc.o)
                              MW_PWMDriver.o (PWMC_ConfigureChannel)
C:/ProgramData/MATLAB/SupportPackages/R2022a/aIDE/portable/packages/arduino/hardware/sam/1.6.12/variants/arduino_due_x/libsam_sam3x8e_gcc_rel.a(tc.o)
                              MW_PWMDriver.o (TC_Configure)
C:/ProgramData/MATLAB/SupportPackages/R2022a/aIDE/portable/packages/arduino/hardware/sam/1.6.12/variants/arduino_due_x/libsam_sam3x8e_gcc_rel.a(timetick.o)
                              arm_m3_cortex_handler.o (TimeTick_Increment)
C:/ProgramData/MATLAB/SupportPackages/R2022a/aIDE/portable/packages/arduino/hardware/sam/1.6.12/variants/arduino_due_x/libsam_sam3x8e_gcc_rel.a(wdt.o)
                              C:/Users/LabPC/DOCUME~1/MATLAB/R2022a/ARDUIN~1/ARDUIN~1/FASTER~1/libcore.a(watchdog.o) (WDT_Enable)
C:/ProgramData/MATLAB/SupportPackages/R2022a/aIDE/portable/packages/arduino/hardware/sam/1.6.12/variants/arduino_due_x/libsam_sam3x8e_gcc_rel.a(system_sam3xa.o)
                              C:/Users/LabPC/DOCUME~1/MATLAB/R2022a/ARDUIN~1/ARDUIN~1/FASTER~1/libcore.a(variant.o) (SystemInit)
C:/ProgramData/MATLAB/SupportPackages/R2022a/aIDE/portable/packages/arduino/hardware/sam/1.6.12/variants/arduino_due_x/libsam_sam3x8e_gcc_rel.a(adc.o)
                              C:/Users/LabPC/DOCUME~1/MATLAB/R2022a/ARDUIN~1/ARDUIN~1/FASTER~1/libcore.a(variant.o) (adc_init)
[...]
Memory Configuration

Name             Origin             Length             Attributes
rom              0x00080000         0x00080000         xr
sram0            0x20000000         0x00010000         xrw
sram1            0x20080000         0x00008000         xrw
ram              0x20070000         0x00018000         xrw
*default*        0x00000000         0xffffffff

Linker script and memory map

LOAD c:/programdata/matlab/supportpackages/r2022a/aide/portable/packages/arduino/tools/arm-none-eabi-gcc/4.8.3-2014q1/bin/../lib/gcc/arm-none-eabi/4.8.3/armv7-m/crti.o
LOAD c:/programdata/matlab/supportpackages/r2022a/aide/portable/packages/arduino/tools/arm-none-eabi-gcc/4.8.3-2014q1/bin/../lib/gcc/arm-none-eabi/4.8.3/armv7-m/crtbegin.o
LOAD c:/programdata/matlab/supportpackages/r2022a/aide/portable/packages/arduino/tools/arm-none-eabi-gcc/4.8.3-2014q1/bin/../lib/gcc/arm-none-eabi/4.8.3/../../../../arm-none-eabi/lib/armv7-m/crt0.o
START GROUP
LOAD C:/ProgramData/MATLAB/SupportPackages/R2022a/aIDE/portable/packages/arduino/hardware/sam/1.6.12/variants/arduino_due_x/libsam_sam3x8e_gcc_rel.a
LOAD MW_ArduinoEncoder.o
LOAD MW_PWM.o
LOAD MW_PWMDriver.o
LOAD ArduinoPinHandleMap.o
LOAD xcp_ext_mode.o
LOAD position_control.o
LOAD position_control_data.o
LOAD rtGetInf.o
LOAD rtGetNaN.o
LOAD rt_nonfinite.o
LOAD xcp_ext_common.o
LOAD xcp_ext_classic_trigger.o
LOAD xcp.o
LOAD xcp_standard.o
LOAD xcp_daq.o
LOAD xcp_calibration.o
LOAD xcp_fifo.o
LOAD xcp_transport.o
LOAD xcp_mem_default.o
LOAD xcp_drv_rtiostream.o
LOAD xcp_frame_serial.o
LOAD xcp_ext_param_default_serial.o
LOAD arm_m3_cortex_handler.o
LOAD MW_ArduinoHWInit.o
LOAD io_wrappers.o
LOAD arduinoARMScheduler.o
LOAD m3m4m4f_multitasking.o
LOAD rtiostream_serial_daemon.o
LOAD sys_arch.o
LOAD ert_main.o
LOAD C:/Users/LabPC/DOCUME~1/MATLAB/R2022a/ARDUIN~1/ARDUIN~1/FASTER~1/MW_RebuildSrc_Core.o
LOAD C:/Users/LabPC/DOCUME~1/MATLAB/R2022a/ARDUIN~1/ARDUIN~1/FASTER~1/libcore.a
END GROUP
LOAD c:/programdata/matlab/supportpackages/r2022a/aide/portable/packages/arduino/tools/arm-none-eabi-gcc/4.8.3-2014q1/bin/../lib/gcc/arm-none-eabi/4.8.3/../../../../arm-none-eabi/lib/armv7-m\libm.a
LOAD C:/Users/LabPC/DOCUME~1/MATLAB/R2022a/ARDUIN~1/ARDUIN~1/FASTER~1\libcore.a
START GROUP
LOAD c:/programdata/matlab/supportpackages/r2022a/aide/portable/packages/arduino/tools/arm-none-eabi-gcc/4.8.3-2014q1/bin/../lib/gcc/arm-none-eabi/4.8.3/armv7-m\libgcc.a
LOAD c:/programdata/matlab/supportpackages/r2022a/aide/portable/packages/arduino/tools/arm-none-eabi-gcc/4.8.3-2014q1/bin/../lib/gcc/arm-none-eabi/4.8.3/../../../../arm-none-eabi/lib/armv7-m\libg.a
LOAD c:/programdata/matlab/supportpackages/r2022a/aide/portable/packages/arduino/tools/arm-none-eabi-gcc/4.8.3-2014q1/bin/../lib/gcc/arm-none-eabi/4.8.3/../../../../arm-none-eabi/lib/armv7-m\libc.a
END GROUP
LOAD c:/programdata/matlab/supportpackages/r2022a/aide/portable/packages/arduino/tools/arm-none-eabi-gcc/4.8.3-2014q1/bin/../lib/gcc/arm-none-eabi/4.8.3/armv7-m/crtend.o
LOAD c:/programdata/matlab/supportpackages/r2022a/aide/portable/packages/arduino/tools/arm-none-eabi-gcc/4.8.3-2014q1/bin/../lib/gcc/arm-none-eabi/4.8.3/armv7-m/crtn.o

.text           0x00080000     0xb610
                0x00080000                . = ALIGN (0x4)
                0x00080000                _sfixed = .
 *(.vectors .vectors.*)
 .vectors       0x00080000       0xf4 C:/ProgramData/MATLAB/SupportPackages/R2022a/aIDE/portable/packages/arduino/hardware/sam/1.6.12/variants/arduino_due_x/libsam_sam3x8e_gcc_rel.a(startup_sam3xa.o)
                0x00080000                exception_table
 *(.text .text.* .gnu.linkonce.t.*)
 .text          0x000800f4       0x54 c:/programdata/matlab/supportpackages/r2022a/aide/portable/packages/arduino/tools/arm-none-eabi-gcc/4.8.3-2014q1/bin/../lib/gcc/arm-none-eabi/4.8.3/armv7-m/crtbegin.o
 .text.Reset_Handler
                0x00080148       0x78 C:/ProgramData/MATLAB/SupportPackages/R2022a/aIDE/portable/packages/arduino/hardware/sam/1.6.12/variants/arduino_due_x/libsam_sam3x8e_gcc_rel.a(startup_sam3xa.o)
                0x00080148                Reset_Handler
 .text.UOTGHS_Handler
                0x000801c0       0x10 C:/ProgramData/MATLAB/SupportPackages/R2022a/aIDE/portable/packages/arduino/hardware/sam/1.6.12/variants/arduino_due_x/libsam_sam3x8e_gcc_rel.a(uotghs.o)
                0x000801c0                UOTGHS_Handler
 .text._ZL8debouncei
                0x000801d0       0x3c MW_ArduinoEncoder.o
 .text._ZL15EncoderProcessAP14arduinoEncoder
                0x0008020c       0x2e MW_ArduinoEncoder.o
 *fill*         0x0008023a        0x2 
 .text._Z6ISR1_Av
                0x0008023c        0xc MW_ArduinoEncoder.o
                0x0008023c                ISR1_A()
 .text._Z6ISR2_Av
                0x00080248        0xc MW_ArduinoEncoder.o
                0x00080248                ISR2_A()
 .text._Z6ISR3_Av
                0x00080254        0xc MW_ArduinoEncoder.o
                0x00080254                ISR3_A()
 .text._Z6ISR4_Av
                0x00080260        0xc MW_ArduinoEncoder.o
                0x00080260                ISR4_A()
 .text._ZL15EncoderProcessBP14arduinoEncoder
                0x0008026c       0x30 MW_ArduinoEncoder.o
 .text._Z6ISR1_Bv
                0x0008029c        0xc MW_ArduinoEncoder.o
                0x0008029c                ISR1_B()
 .text._Z6ISR2_Bv
                0x000802a8        0xc MW_ArduinoEncoder.o
                0x000802a8                ISR2_B()
 .text._Z6ISR3_Bv
                0x000802b4        0xc MW_ArduinoEncoder.o
                0x000802b4                ISR3_B()
 .text._Z6ISR4_Bv
                0x000802c0        0xc MW_ArduinoEncoder.o
                0x000802c0                ISR4_B()
 .text.MW_EncoderSetup
                0x000802cc       0xf8 MW_ArduinoEncoder.o
                0x000802cc                MW_EncoderSetup
 .text.MW_EncoderRead
                0x000803c4       0x10 MW_ArduinoEncoder.o
                0x000803c4                MW_EncoderRead
 .text.MW_EncoderReset
                0x000803d4       0x10 MW_ArduinoEncoder.o
                0x000803d4                MW_EncoderReset
 .text.MW_EncoderRelease
                0x000803e4        0x4 MW_ArduinoEncoder.o
                0x000803e4                MW_EncoderRelease
 .text.MW_PWM_SetDutyCycle
                0x000803e8       0x46 MW_PWM.o
                0x000803e8                MW_PWM_SetDutyCycle
 *fill*         0x0008042e        0x2 
 .text.MW_PWM_GetHandle
                0x00080430       0x20 MW_PWM.o
                0x00080430                MW_PWM_GetHandle
 .text.setPWMHandle
                0x00080450       0x28 MW_PWM.o
                0x00080450                setPWMHandle
 .text.MW_PWM_Open
                0x00080478       0x54 MW_PWM.o
                0x00080478                MW_PWM_Open
 .text.MW_PWM_Close
                0x000804cc       0x18 MW_PWM.o
                0x000804cc                MW_PWM_Close
 .text.MW_analogWrite
                0x000804e4      0x188 MW_PWMDriver.o
                0x000804e4                MW_analogWrite
 .text.MW_setAnalogFrequency
                0x0008066c      0x154 MW_PWMDriver.o
                0x0008066c                MW_setAnalogFrequency
 .text.extmodeParseArgs
                0x000807c0        0x4 xcp_ext_mode.o
                0x000807c0                extmodeParseArgs
 .text.extmodeInit
                0x000807c4       0x84 xcp_ext_mode.o
                0x000807c4                extmodeInit
 .text.extmodeWaitForHostRequest
                0x00080848       0x94 xcp_ext_mode.o
                0x00080848                extmodeWaitForHostRequest
 .text.extmodeEvent
                0x000808dc       0x6c xcp_ext_mode.o
                0x000808dc                extmodeEvent
 .text.extmodeBackgroundRun
                0x00080948        0x6 xcp_ext_mode.o
                0x00080948                extmodeBackgroundRun
 *fill*         0x0008094e        0x2 
 .text.extmodeReset
                0x00080950       0x2c xcp_ext_mode.o
                0x00080950                extmodeReset
 .text.extmodeStopRequested
                0x0008097c        0xc xcp_ext_mode.o
                0x0008097c                extmodeStopRequested
 .text.extmodeSimulationComplete
                0x00080988        0xc xcp_ext_mode.o
                0x00080988                extmodeSimulationComplete
 .text.extmodeSetFinalSimulationTime
                0x00080994        0xc xcp_ext_mode.o
                0x00080994                extmodeSetFinalSimulationTime
 .text.position_control_step
                0x000809a0      0xc28 position_control.o
                0x000809a0                position_control_step
 .text.position_control_initialize
                0x000815c8      0x200 position_control.o
                0x000815c8                position_control_initialize
 .text.position_control_terminate
                0x000817c8       0x90 position_control.o
                0x000817c8                position_control_terminate
 .text.rtGetInf
                0x00081858        0xc rtGetInf.o
                0x00081858                rtGetInf
 .text.rtGetInfF
                0x00081864        0x6 rtGetInf.o
                0x00081864                rtGetInfF
 *fill*         0x0008186a        0x2 
 .text.rtGetMinusInf
                0x0008186c        0xc rtGetInf.o
                0x0008186c                rtGetMinusInf
 .text.rtGetMinusInfF
                0x00081878        0x8 rtGetInf.o
                0x00081878                rtGetMinusInfF
 .text.rtGetNaN
                0x00081880        0xc rtGetNaN.o
                0x00081880                rtGetNaN
 .text.rtGetNaNF
                0x0008188c        0x8 rtGetNaN.o
                0x0008188c                rtGetNaNF
 .text.rt_InitInfAndNaN
                0x00081894       0x54 rt_nonfinite.o
                0x00081894                rt_InitInfAndNaN
 .text.rtIsNaN  0x000818e8       0x28 rt_nonfinite.o
                0x000818e8                rtIsNaN
 .text.updateTime
                0x00081910       0xb0 xcp_ext_common.o
 .text.xcpExtModeGetUpdatedTimestamp
                0x000819c0        0x4 xcp_ext_common.o
                0x000819c0                xcpExtModeGetUpdatedTimestamp
 .text.xcpExtModeInit
                0x000819c4       0x40 xcp_ext_common.o
                0x000819c4                xcpExtModeInit
 .text.xcpExtModeRunBackground
                0x00081a04       0x7a xcp_ext_common.o
                0x00081a04                xcpExtModeRunBackground
 *fill*         0x00081a7e        0x2 
 .text.xcpExtModeReset
                0x00081a80       0xb0 xcp_ext_common.o
                0x00081a80                xcpExtModeReset
 .text.xcpExtModeClassicTriggerInit
                0x00081b30       0x4c xcp_ext_classic_trigger.o
                0x00081b30                xcpExtModeClassicTriggerInit
 .text.xcpExtModeClassicTriggerEnabled
                0x00081b7c      0x33c xcp_ext_classic_trigger.o
                0x00081b7c                xcpExtModeClassicTriggerEnabled
 .text.xcpExtModeClassicTriggerReset
                0x00081eb8       0xbc xcp_ext_classic_trigger.o
                0x00081eb8                xcpExtModeClassicTriggerReset
 .text.xcpExtModeClassicTriggerForceEnableStatusUpdate
                0x00081f74       0x50 xcp_ext_classic_trigger.o
                0x00081f74                xcpExtModeClassicTriggerForceEnableStatusUpdate
 .text.unknownInputPacketHandler
                0x00081fc4        0xa xcp.o
 .text.discardInputPacketHandler
                0x00081fce       0x10 xcp.o
 .text.genericOutputPacketHandler
                0x00081fde       0x64 xcp.o
                0x00081fde                genericOutputPacketHandler
 *fill*         0x00082042        0x2 
 .text.xcpStatusGet
                0x00082044        0xc xcp.o
                0x00082044                xcpStatusGet
 .text.xcpStatusSet
                0x00082050        0xc xcp.o
                0x00082050                xcpStatusSet
 .text.xcpSessionStatusGet
                0x0008205c        0xc xcp.o
                0x0008205c                xcpSessionStatusGet
 .text.xcpSessionStatusSetMask
                0x00082068       0x10 xcp.o
                0x00082068                xcpSessionStatusSetMask
 .text.xcpSessionStatusClearMask
                0x00082078       0x10 xcp.o
                0x00082078                xcpSessionStatusClearMask
 .text.xcpResourceProtectionStatusGet
                0x00082088        0xc xcp.o
                0x00082088                xcpResourceProtectionStatusGet
 .text.xcpSessionConfigurationIdGet
                0x00082094        0xc xcp.o
                0x00082094                xcpSessionConfigurationIdGet
 .text.xcpFindPacket
                0x000820a0       0x26 xcp.o
                0x000820a0                xcpFindPacket
 *fill*         0x000820c6        0x2 
 .text.xcpInit  0x000820c8       0x40 xcp.o
                0x000820c8                xcpInit
 .text.xcpRun   0x00082108      0x18c xcp.o
                0x00082108                xcpRun
 .text.xcpEventExternalTimestamp
                0x00082294       0x18 xcp.o
                0x00082294                xcpEventExternalTimestamp
 .text.xcpGetStatus
                0x000822ac        0xc xcp.o
                0x000822ac                xcpGetStatus
 .text.xcpReset
                0x000822b8       0x28 xcp.o
                0x000822b8                xcpReset
 .text.xcpPackedModeEventsFlush
                0x000822e0        0x4 xcp.o
                0x000822e0                xcpPackedModeEventsFlush
 .text.xcpPackedModeEventReset
                0x000822e4        0x8 xcp.o
                0x000822e4                xcpPackedModeEventReset
 .text.getStatusInputPacketHandler
                0x000822ec        0x8 xcp_standard.o
 .text.getPacket
                0x000822f4        0xc xcp_standard.o
 .text.uploadInputPacketHandler
                0x00082300       0x40 xcp_standard.o
 .text.synchInputPacketHandler
                0x00082340       0x1c xcp_standard.o
 .text.getStatusOutputPacketHandler
                0x0008235c       0x26 xcp_standard.o
 .text.disconnectInputPacketHandler
                0x00082382       0x22 xcp_standard.o
 .text.connectInputPacketHandler
                0x000823a4       0x32 xcp_standard.o
 .text.connectOutputPacketHandler
                0x000823d6       0x38 xcp_standard.o
 *fill*         0x0008240e        0x2 
 .text.xcpStandardInit
                0x00082410       0x10 xcp_standard.o
                0x00082410                xcpStandardInit
 .text.xcpStandardGetPacketLookup
                0x00082420        0xc xcp_standard.o
                0x00082420                xcpStandardGetPacketLookup
 .text.xcpStandardReset
                0x0008242c        0xc xcp_standard.o
                0x0008242c                xcpStandardReset
 .text.xcpStandardGetAddressFromMta
                0x00082438        0xc xcp_standard.o
                0x00082438                xcpStandardGetAddressFromMta
 .text.xcpStandardSetMta
                0x00082444       0x14 xcp_standard.o
                0x00082444                xcpStandardSetMta
 .text.shortUploadInputPacketHandler
                0x00082458       0x40 xcp_standard.o
 .text.setMTAInputPacketHandler
                0x00082498       0x22 xcp_standard.o
 *fill*         0x000824ba        0x2 
 .text.xcpStandardIncrementMta
                0x000824bc       0x10 xcp_standard.o
                0x000824bc                xcpStandardIncrementMta
 .text.shortUploadOutputPacketHandler
                0x000824cc       0x44 xcp_standard.o
 .text.uploadOutputPacketHandler
                0x00082510       0x44 xcp_standard.o
 .text.isActiveDaqList
                0x00082554       0x1c xcp_daq.o
 .text.noActiveDaqLists
                0x00082570       0x2c xcp_daq.o
 .text.isValidDaqPtr
                0x0008259c       0x40 xcp_daq.o
 .text.isDaqPackedModeEnabled
                0x000825dc       0x3c xcp_daq.o
 .text.setDaqPtrInputPacketHandler
                0x00082618       0x48 xcp_daq.o
 .text.writeDaqInputPacketHandler
                0x00082660       0x88 xcp_daq.o
 .text.setDaqListModeInputPacketHandler
                0x000826e8       0x88 xcp_daq.o
 .text.getDaqProcessorInfoInputPacketHandler
                0x00082770        0x8 xcp_daq.o
 .text.getDaqResolutionInfoInputPacketHandler
                0x00082778        0x8 xcp_daq.o
 .text.level1CommandInputPacketHandler
                0x00082780       0x9c xcp_daq.o
 .text.getDaqResolutionInfoOutputPacketHandler
                0x0008281c       0x28 xcp_daq.o
 .text.getDaqProcessorInfoOutputPacketHandler
                0x00082844       0x2a xcp_daq.o
 *fill*         0x0008286e        0x2 
 .text.getPacket
                0x00082870        0xc xcp_daq.o
 .text.allocOdtEntryInputPacketHandler
                0x0008287c       0x94 xcp_daq.o
 .text.allocOdtInputPacketHandler
                0x00082910       0x88 xcp_daq.o
 .text.allocDaqInputPacketHandler
                0x00082998       0x98 xcp_daq.o
 .text.createDaqReservedPool
                0x00082a30       0x50 xcp_daq.o
 .text.startStopDaqListOutputPacketHandler
                0x00082a80       0x28 xcp_daq.o
 .text.xcpDaqWriteLock.isra.2
                0x00082aa8       0x28 xcp_daq.o
 .text.xcpDaqWriteUnlock.isra.3
                0x00082ad0        0xc xcp_daq.o
 .text.startStopDaqListInputPacketHandler
                0x00082adc      0x1c4 xcp_daq.o
 .text.startStopSynchInputPacketHandler
                0x00082ca0      0x150 xcp_daq.o
 .text.xcpDaqInit
                0x00082df0       0x2c xcp_daq.o
                0x00082df0                xcpDaqInit
 .text.xcpDaqGetPacketLookup
                0x00082e1c        0xc xcp_daq.o
                0x00082e1c                xcpDaqGetPacketLookup
 .text.xcpDaqEvent
                0x00082e28      0x29c xcp_daq.o
                0x00082e28                xcpDaqEvent
 .text.xcpDaqEventsFlush
                0x000830c4       0xe8 xcp_daq.o
                0x000830c4                xcpDaqEventsFlush
 .text.xcpDaqLock
                0x000831ac        0x4 xcp_daq.o
                0x000831ac                xcpDaqLock
 .text.xcpDaqUnlock
                0x000831b0        0x4 xcp_daq.o
                0x000831b0                xcpDaqUnlock
 .text.xcpResetDaqListStatus
                0x000831b4       0xbc xcp_daq.o
                0x000831b4                xcpResetDaqListStatus
 .text.freeDaqInputPacketHandler
                0x00083270       0x22 xcp_daq.o
 *fill*         0x00083292        0x2 
 .text.xcpDaqReset
                0x00083294       0x1c xcp_daq.o
                0x00083294                xcpDaqReset
 .text.getPacket
                0x000832b0        0xc xcp_calibration.o
 .text.shortDownloadInputPacketHandler
                0x000832bc       0x4c xcp_calibration.o
 .text.downloadInputPacketHandler
                0x00083308       0x50 xcp_calibration.o
 .text.xcpCalibrationInit
                0x00083358       0x10 xcp_calibration.o
                0x00083358                xcpCalibrationInit
 .text.xcpCalibrationGetPacketLookup
                0x00083368        0xc xcp_calibration.o
                0x00083368                xcpCalibrationGetPacketLookup
 .text.xcpCalibrationReset
                0x00083374        0x2 xcp_calibration.o
                0x00083374                xcpCalibrationReset
 .text.xcpFifoInit
                0x00083376        0x8 xcp_fifo.o
                0x00083376                xcpFifoInit
 .text.xcpFifoEnqueue
                0x0008337e        0xc xcp_fifo.o
                0x0008337e                xcpFifoEnqueue
 .text.xcpFifoDequeue
                0x0008338a       0x12 xcp_fifo.o
                0x0008338a                xcpFifoDequeue
 .text.xcpFifoEnqueueHead
                0x0008339c        0xc xcp_fifo.o
                0x0008339c                xcpFifoEnqueueHead
 .text.xcpFifoReset
                0x000833a8        0x8 xcp_fifo.o
                0x000833a8                xcpFifoReset
 .text.xcpTransportEmptyTxFifo
                0x000833b0       0x40 xcp_transport.o
 .text.xcpTransportEmptyRxFifo
                0x000833f0       0x38 xcp_transport.o
 .text.xcpTransportTxReady
                0x00083428        0x4 xcp_transport.o
                0x00083428                xcpTransportTxReady
 .text.xcpTransportTxTrigger
                0x0008342c        0x4 xcp_transport.o
                0x0008342c                xcpTransportTxTrigger
 .text.xcpTransportTx
                0x00083430       0x88 xcp_transport.o
                0x00083430                xcpTransportTx
 .text.xcpTransportRx
                0x000834b8       0x54 xcp_transport.o
                0x000834b8                xcpTransportRx
 .text.xcpTransportPacketOffset
                0x0008350c        0xa xcp_transport.o
                0x0008350c                xcpTransportPacketOffset
 *fill*         0x00083516        0x2 
 .text.xcpTransportTxPacketSet
                0x00083518       0x8c xcp_transport.o
                0x00083518                xcpTransportTxPacketSet
 .text.xcpTransportRxPacketGet
                0x000835a4       0x80 xcp_transport.o
                0x000835a4                xcpTransportRxPacketGet
 .text.xcpTransportMsgBufferSize
                0x00083624       0x28 xcp_transport.o
                0x00083624                xcpTransportMsgBufferSize
 .text.xcpTransportInit
                0x0008364c       0x7c xcp_transport.o
                0x0008364c                xcpTransportInit
 .text.xcpTransportMaxDtoSize
                0x000836c8        0x4 xcp_transport.o
                0x000836c8                xcpTransportMaxDtoSize
 .text.xcpTransportMaxCtoSize
                0x000836cc        0x4 xcp_transport.o
                0x000836cc                xcpTransportMaxCtoSize
 .text.xcpTransportRestart
                0x000836d0       0x16 xcp_transport.o
                0x000836d0                xcpTransportRestart
 .text.xcpTransportResynch
                0x000836e6       0x12 xcp_transport.o
                0x000836e6                xcpTransportResynch
 .text.xcpTransportCtoReservedMemPoolId
                0x000836f8        0xc xcp_transport.o
                0x000836f8                xcpTransportCtoReservedMemPoolId
 .text.xcpTransportReset
                0x00083704       0x54 xcp_transport.o
                0x00083704                xcpTransportReset
 .text.xcpInitializePoolMemoryArea
                0x00083758       0x30 xcp_mem_default.o
 .text.xcpMemInit
                0x00083788       0x94 xcp_mem_default.o
                0x00083788                xcpMemInit
 .text.xcpMemAlloc
                0x0008381c       0x6c xcp_mem_default.o
                0x0008381c                xcpMemAlloc
 .text.xcpMemFree
                0x00083888       0x80 xcp_mem_default.o
                0x00083888                xcpMemFree
 .text.xcpMemReservedPoolCreate
                0x00083908       0xe0 xcp_mem_default.o
                0x00083908                xcpMemReservedPoolCreate
 .text.xcpMemReservedPoolDestroy
                0x000839e8       0x88 xcp_mem_default.o
                0x000839e8                xcpMemReservedPoolDestroy
 .text.xcpMemCustomPoolCreate
                0x00083a70       0x4c xcp_mem_default.o
                0x00083a70                xcpMemCustomPoolCreate
 .text.xcpMemCustomPoolDestroy
                0x00083abc       0x2c xcp_mem_default.o
                0x00083abc                xcpMemCustomPoolDestroy
 .text.xcpMemAllocFromPool
                0x00083ae8       0x70 xcp_mem_default.o
                0x00083ae8                xcpMemAllocFromPool
 .text.xcpMemReset
                0x00083b58       0x48 xcp_mem_default.o
                0x00083b58                xcpMemReset
 .text.xcpDrvOpen
                0x00083ba0       0x24 xcp_drv_rtiostream.o
                0x00083ba0                xcpDrvOpen
 .text.xcpDrvIoctl
                0x00083bc4       0x14 xcp_drv_rtiostream.o
                0x00083bc4                xcpDrvIoctl
 .text.xcpDrvSend
                0x00083bd8       0x9c xcp_drv_rtiostream.o
                0x00083bd8                xcpDrvSend
 .text.xcpDrvRecv
                0x00083c74       0x9c xcp_drv_rtiostream.o
                0x00083c74                xcpDrvRecv
 .text.xcpDrvClose
                0x00083d10       0x28 xcp_drv_rtiostream.o
                0x00083d10                xcpDrvClose
 .text.xcpSxiChecksum
                0x00083d38       0x1a xcp_frame_serial.o
                0x00083d38                xcpSxiChecksum
 *fill*         0x00083d52        0x2 
 .text.xcpFrameInit
                0x00083d54       0x38 xcp_frame_serial.o
                0x00083d54                xcpFrameInit
 .text.xcpFrameMsgSend
                0x00083d8c       0x98 xcp_frame_serial.o
                0x00083d8c                xcpFrameMsgSend
 .text.xcpFrameMsgRecv
                0x00083e24       0xb4 xcp_frame_serial.o
                0x00083e24                xcpFrameMsgRecv
 .text.xcpFrameCreateMsg
                0x00083ed8       0x1c xcp_frame_serial.o
                0x00083ed8                xcpFrameCreateMsg
 .text.xcpFrameExtractPacket
                0x00083ef4       0x80 xcp_frame_serial.o
                0x00083ef4                xcpFrameExtractPacket
 .text.xcpFrameHeaderSize
                0x00083f74        0x4 xcp_frame_serial.o
                0x00083f74                xcpFrameHeaderSize
 .text.xcpFrameTailSize
                0x00083f78        0x4 xcp_frame_serial.o
                0x00083f78                xcpFrameTailSize
 .text.xcpFrameMaxDtoSize
                0x00083f7c        0x6 xcp_frame_serial.o
                0x00083f7c                xcpFrameMaxDtoSize
 .text.xcpFrameMaxCtoSize
                0x00083f82        0x4 xcp_frame_serial.o
                0x00083f82                xcpFrameMaxCtoSize
 *fill*         0x00083f86        0x2 
 .text.xcpFrameRestart
                0x00083f88       0x1c xcp_frame_serial.o
                0x00083f88                xcpFrameRestart
 .text.xcpFrameSetCtoReservedMemPoolId
                0x00083fa4        0xc xcp_frame_serial.o
                0x00083fa4                xcpFrameSetCtoReservedMemPoolId
 .text.xcpFrameReset
                0x00083fb0       0x30 xcp_frame_serial.o
                0x00083fb0                xcpFrameReset
 .text.xcpTransportGetInitParameters
                0x00083fe0        0xc xcp_ext_param_default_serial.o
                0x00083fe0                xcpTransportGetInitParameters
 .text.xcpGetInitParameters
                0x00083fec        0xc xcp_ext_param_default_serial.o
                0x00083fec                xcpGetInitParameters
 .text.__halt   0x00083ff8        0x2 arm_m3_cortex_handler.o
                0x00083ff8                DACC_Handler
                0x00083ff8                DebugMon_Handler
                0x00083ff8                DMAC_Handler
                0x00083ff8                TRNG_Handler
                0x00083ff8                HardFault_Handler
                0x00083ff8                TC2_Handler
                0x00083ff8                TWI1_Handler
                0x00083ff8                NMI_Handler
                0x00083ff8                TC7_Handler
                0x00083ff8                ADC_Handler
                0x00083ff8                SMC_Handler
                0x00083ff8                RTT_Handler
                0x00083ff8                EFC1_Handler
                0x00083ff8                RTC_Handler
                0x00083ff8                UsageFault_Handler
                0x00083ff8                TC6_Handler
                0x00083ff8                WDT_Handler
                0x00083ff8                CAN0_Handler
                0x00083ff8                TC4_Handler
                0x00083ff8                TC1_Handler
                0x00083ff8                HSMCI_Handler
                0x00083ff8                TC3_Handler
                0x00083ff8                TWI0_Handler
                0x00083ff8                SSC_Handler
                0x00083ff8                EFC0_Handler
                0x00083ff8                PMC_Handler
                0x00083ff8                PWM_Handler
                0x00083ff8                CAN1_Handler
                0x00083ff8                MemManage_Handler
                0x00083ff8                SUPC_Handler
                0x00083ff8                TC8_Handler
                0x00083ff8                USART2_Handler
                0x00083ff8                EMAC_Handler
                0x00083ff8                BusFault_Handler
                0x00083ff8                RSTC_Handler
                0x00083ff8                TC0_Handler
                0x00083ff8                TC5_Handler
                0x00083ff8                SPI0_Handler
 .text.SysTick_Handler
                0x00083ffa       0x16 arm_m3_cortex_handler.o
                0x00083ffa                SysTick_Handler
 .text.MW_Arduino_Init
                0x00084010       0x14 MW_ArduinoHWInit.o
                0x00084010                MW_Arduino_Init
 .text.MW_Arduino_Terminate
                0x00084024        0x2 MW_ArduinoHWInit.o
                0x00084024                MW_Arduino_Terminate
 *fill*         0x00084026        0x2 
 .text.Serial_begin
                0x00084028       0x34 io_wrappers.o
                0x00084028                Serial_begin
 .text._ZL13Scheduler_Isrv
                0x0008405c       0x14 arduinoARMScheduler.o
 .text.configureArduinoARMTimer
                0x00084070       0x20 arduinoARMScheduler.o
                0x00084070                configureArduinoARMTimer
 .text.disable_rt_OneStep
                0x00084090        0x4 arduinoARMScheduler.o
                0x00084090                disable_rt_OneStep
 .text.MW_Arduino_Loop
                0x00084094       0x44 arduinoARMScheduler.o
                0x00084094                MW_Arduino_Loop
 .text.PendSV_Handler
                0x000840d8       0x3c m3m4m4f_multitasking.o
                0x000840d8                PendSV_Handler
 .text.SVC_Handler
                0x00084114       0x4c m3m4m4f_multitasking.o
                0x00084114                SVC_Handler
 .text.rtIOStreamResync
                0x00084160        0xc rtiostream_serial_daemon.o
                0x00084160                rtIOStreamResync
 .text.rtIOStreamSend
                0x0008416c       0x1c rtiostream_serial_daemon.o
                0x0008416c                rtIOStreamSend
 .text.rtIOStreamClose
                0x00084188        0xe rtiostream_serial_daemon.o
                0x00084188                rtIOStreamClose
 *fill*         0x00084196        0x2 
 .text.rtIOStreamOpen
                0x00084198       0x24 rtiostream_serial_daemon.o
                0x00084198                rtIOStreamOpen
 .text.rtIOStreamRecv
                0x000841bc       0x5c rtiostream_serial_daemon.o
                0x000841bc                rtIOStreamRecv
 .text.sys_arch_protect
                0x00084218        0x8 sys_arch.o
                0x00084218                sys_arch_protect
 .text.sys_arch_unprotect
                0x00084220        0x6 sys_arch.o
                0x00084220                sys_arch_unprotect
 *fill*         0x00084226        0x2 
 .text.rt_OneStep
                0x00084228       0x28 ert_main.o
                0x00084228                rt_OneStep
 .text.startup.main
                0x00084250       0xfc ert_main.o
                0x00084250                main
 .text.__empty  0x0008434c        0x2 C:/Users/LabPC/DOCUME~1/MATLAB/R2022a/ARDUIN~1/ARDUIN~1/FASTER~1/libcore.a(hooks.o)
                0x0008434c                yield
 .text.__false  0x0008434e        0x4 C:/Users/LabPC/DOCUME~1/MATLAB/R2022a/ARDUIN~1/ARDUIN~1/FASTER~1/libcore.a(hooks.o)
                0x0008434e                sysTickHook
 *fill*         0x00084352        0x2 
 .text._sbrk    0x00084354       0x1c C:/Users/LabPC/DOCUME~1/MATLAB/R2022a/ARDUIN~1/ARDUIN~1/FASTER~1/libcore.a(syscalls_sam3.o)
                0x00084354                _sbrk
 .text.link     0x00084370        0x6 C:/Users/LabPC/DOCUME~1/MATLAB/R2022a/ARDUIN~1/ARDUIN~1/FASTER~1/libcore.a(syscalls_sam3.o)
                0x00084370                link
 .text._close   0x00084376        0x6 C:/Users/LabPC/DOCUME~1/MATLAB/R2022a/ARDUIN~1/ARDUIN~1/FASTER~1/libcore.a(syscalls_sam3.o)
                0x00084376                _close
 .text._fstat   0x0008437c        0xa C:/Users/LabPC/DOCUME~1/MATLAB/R2022a/ARDUIN~1/ARDUIN~1/FASTER~1/libcore.a(syscalls_sam3.o)
                0x0008437c                _fstat
 .text._isatty  0x00084386        0x4 C:/Users/LabPC/DOCUME~1/MATLAB/R2022a/ARDUIN~1/ARDUIN~1/FASTER~1/libcore.a(syscalls_sam3.o)
                0x00084386                _isatty
 .text._lseek   0x0008438a        0x4 C:/Users/LabPC/DOCUME~1/MATLAB/R2022a/ARDUIN~1/ARDUIN~1/FASTER~1/libcore.a(syscalls_sam3.o)
                0x0008438a                _lseek
 .text._read    0x0008438e        0x4 C:/Users/LabPC/DOCUME~1/MATLAB/R2022a/ARDUIN~1/ARDUIN~1/FASTER~1/libcore.a(syscalls_sam3.o)
                0x0008438e                _read
 *fill*         0x00084392        0x2 
 .text._write   0x00084394       0x24 C:/Users/LabPC/DOCUME~1/MATLAB/R2022a/ARDUIN~1/ARDUIN~1/FASTER~1/libcore.a(syscalls_sam3.o)
                0x00084394                _write
 .text._exit    0x000843b8        0x2 C:/Users/LabPC/DOCUME~1/MATLAB/R2022a/ARDUIN~1/ARDUIN~1/FASTER~1/libcore.a(syscalls_sam3.o)
                0x000843b8                _exit
 .text._kill    0x000843ba        0x2 C:/Users/LabPC/DOCUME~1/MATLAB/R2022a/ARDUIN~1/ARDUIN~1/FASTER~1/libcore.a(syscalls_sam3.o)
                0x000843ba                _kill
 .text._getpid  0x000843bc        0x6 C:/Users/LabPC/DOCUME~1/MATLAB/R2022a/ARDUIN~1/ARDUIN~1/FASTER~1/libcore.a(syscalls_sam3.o)
                0x000843bc                _getpid
 *fill*         0x000843c2        0x2 
 .text.attachInterrupt
                0x000843c4      0x148 C:/Users/LabPC/DOCUME~1/MATLAB/R2022a/ARDUIN~1/ARDUIN~1/FASTER~1/libcore.a(WInterrupts.o)
                0x000843c4                attachInterrupt
 .text.PIOA_Handler
                0x0008450c       0x38 C:/Users/LabPC/DOCUME~1/MATLAB/R2022a/ARDUIN~1/ARDUIN~1/FASTER~1/libcore.a(WInterrupts.o)
                0x0008450c                PIOA_Handler
 .text.PIOB_Handler
                0x00084544       0x38 C:/Users/LabPC/DOCUME~1/MATLAB/R2022a/ARDUIN~1/ARDUIN~1/FASTER~1/libcore.a(WInterrupts.o)
                0x00084544                PIOB_Handler
 .text.PIOC_Handler
                0x0008457c       0x38 C:/Users/LabPC/DOCUME~1/MATLAB/R2022a/ARDUIN~1/ARDUIN~1/FASTER~1/libcore.a(WInterrupts.o)
                0x0008457c                PIOC_Handler
 .text.PIOD_Handler
                0x000845b4       0x38 C:/Users/LabPC/DOCUME~1/MATLAB/R2022a/ARDUIN~1/ARDUIN~1/FASTER~1/libcore.a(WInterrupts.o)
                0x000845b4                PIOD_Handler
 .text.micros   0x000845ec       0x74 C:/Users/LabPC/DOCUME~1/MATLAB/R2022a/ARDUIN~1/ARDUIN~1/FASTER~1/libcore.a(wiring.o)
                0x000845ec                micros
 .text.delay    0x00084660       0x1c C:/Users/LabPC/DOCUME~1/MATLAB/R2022a/ARDUIN~1/ARDUIN~1/FASTER~1/libcore.a(wiring.o)
                0x00084660                delay
 .text.mapResolution
                0x0008467c       0x12 C:/Users/LabPC/DOCUME~1/MATLAB/R2022a/ARDUIN~1/ARDUIN~1/FASTER~1/libcore.a(wiring_analog.o)
 .text.analogOutputInit
                0x0008468e        0x2 C:/Users/LabPC/DOCUME~1/MATLAB/R2022a/ARDUIN~1/ARDUIN~1/FASTER~1/libcore.a(wiring_analog.o)
                0x0008468e                analogOutputInit
 .text.analogWrite
                0x00084690      0x2c0 C:/Users/LabPC/DOCUME~1/MATLAB/R2022a/ARDUIN~1/ARDUIN~1/FASTER~1/libcore.a(wiring_analog.o)
                0x00084690                analogWrite
 .text.pinMode  0x00084950      0x108 C:/Users/LabPC/DOCUME~1/MATLAB/R2022a/ARDUIN~1/ARDUIN~1/FASTER~1/libcore.a(wiring_digital.o)
                0x00084950                pinMode
 .text.digitalWrite
                0x00084a58       0x70 C:/Users/LabPC/DOCUME~1/MATLAB/R2022a/ARDUIN~1/ARDUIN~1/FASTER~1/libcore.a(wiring_digital.o)
                0x00084a58                digitalWrite
 .text.digitalRead
                0x00084ac8       0x44 C:/Users/LabPC/DOCUME~1/MATLAB/R2022a/ARDUIN~1/ARDUIN~1/FASTER~1/libcore.a(wiring_digital.o)
                0x00084ac8                digitalRead
 .text.tickReset
                0x00084b0c       0x20 C:/Users/LabPC/DOCUME~1/MATLAB/R2022a/ARDUIN~1/ARDUIN~1/FASTER~1/libcore.a(Reset.o)
                0x00084b0c                tickReset
 .text._ZN9UARTClasscvbEv
                0x00084b2c        0x4 C:/Users/LabPC/DOCUME~1/MATLAB/R2022a/ARDUIN~1/ARDUIN~1/FASTER~1/libcore.a(UARTClass.o)
                0x00084b2c                UARTClass::operator bool()
 .text._ZN9UARTClass9availableEv
                0x00084b30       0x12 C:/Users/LabPC/DOCUME~1/MATLAB/R2022a/ARDUIN~1/ARDUIN~1/FASTER~1/libcore.a(UARTClass.o)
                0x00084b30                UARTClass::available()
 .text._ZN9UARTClass4peekEv
                0x00084b42       0x1c C:/Users/LabPC/DOCUME~1/MATLAB/R2022a/ARDUIN~1/ARDUIN~1/FASTER~1/libcore.a(UARTClass.o)
                0x00084b42                UARTClass::peek()
 .text._ZN9UARTClass4readEv
                0x00084b5e       0x2a C:/Users/LabPC/DOCUME~1/MATLAB/R2022a/ARDUIN~1/ARDUIN~1/FASTER~1/libcore.a(UARTClass.o)
                0x00084b5e                UARTClass::read()
 .text._ZN9UARTClass5flushEv
                0x00084b88       0x18 C:/Users/LabPC/DOCUME~1/MATLAB/R2022a/ARDUIN~1/ARDUIN~1/FASTER~1/libcore.a(UARTClass.o)
                0x00084b88                UARTClass::flush()
 .text._ZN9UARTClass5writeEh
                0x00084ba0       0x54 C:/Users/LabPC/DOCUME~1/MATLAB/R2022a/ARDUIN~1/ARDUIN~1/FASTER~1/libcore.a(UARTClass.o)
                0x00084ba0                UARTClass::write(unsigned char)
 .text._ZN9UARTClass3endEv
                0x00084bf4       0x3c C:/Users/LabPC/DOCUME~1/MATLAB/R2022a/ARDUIN~1/ARDUIN~1/FASTER~1/libcore.a(UARTClass.o)
                0x00084bf4                UARTClass::end()
 .text._ZN9UARTClassC2EP4Uart4IRQnmP10RingBufferS4_
                0x00084c30       0x24 C:/Users/LabPC/DOCUME~1/MATLAB/R2022a/ARDUIN~1/ARDUIN~1/FASTER~1/libcore.a(UARTClass.o)
                0x00084c30                UARTClass::UARTClass(Uart*, IRQn, unsigned long, RingBuffer*, RingBuffer*)
                0x00084c30                UARTClass::UARTClass(Uart*, IRQn, unsigned long, RingBuffer*, RingBuffer*)
 .text._ZN9UARTClass4initEmm
                0x00084c54       0x70 C:/Users/LabPC/DOCUME~1/MATLAB/R2022a/ARDUIN~1/ARDUIN~1/FASTER~1/libcore.a(UARTClass.o)
                0x00084c54                UARTClass::init(unsigned long, unsigned long)
 .text._ZN9UARTClass5beginEm
                0x00084cc4        0x8 C:/Users/LabPC/DOCUME~1/MATLAB/R2022a/ARDUIN~1/ARDUIN~1/FASTER~1/libcore.a(UARTClass.o)
                0x00084cc4                UARTClass::begin(unsigned long)
 .text._ZN9UARTClass10IrqHandlerEv
                0x00084ccc       0x5a C:/Users/LabPC/DOCUME~1/MATLAB/R2022a/ARDUIN~1/ARDUIN~1/FASTER~1/libcore.a(UARTClass.o)
                0x00084ccc                UARTClass::IrqHandler()
 .text._ZN10USARTClass5beginEm
                0x00084d26        0x8 C:/Users/LabPC/DOCUME~1/MATLAB/R2022a/ARDUIN~1/ARDUIN~1/FASTER~1/libcore.a(USARTClass.o)
                0x00084d26                USARTClass::begin(unsigned long)
 *fill*         0x00084d2e        0x2 
 .text._ZN10USARTClassC2EP5Usart4IRQnmP10RingBufferS4_
                0x00084d30       0x24 C:/Users/LabPC/DOCUME~1/MATLAB/R2022a/ARDUIN~1/ARDUIN~1/FASTER~1/libcore.a(USARTClass.o)
                0x00084d30                USARTClass::USARTClass(Usart*, IRQn, unsigned long, RingBuffer*, RingBuffer*)
                0x00084d30                USARTClass::USARTClass(Usart*, IRQn, unsigned long, RingBuffer*, RingBuffer*)
 .text._Z15watchdogDisablev
                0x00084d54        0xc C:/Users/LabPC/DOCUME~1/MATLAB/R2022a/ARDUIN~1/ARDUIN~1/FASTER~1/libcore.a(watchdog.o)
                0x00084d54                watchdogDisable()
 .text.UART_Handler
                0x00084d60        0xc C:/Users/LabPC/DOCUME~1/MATLAB/R2022a/ARDUIN~1/ARDUIN~1/FASTER~1/libcore.a(variant.o)
                0x00084d60                UART_Handler
 .text.USART0_Handler
                0x00084d6c        0xc C:/Users/LabPC/DOCUME~1/MATLAB/R2022a/ARDUIN~1/ARDUIN~1/FASTER~1/libcore.a(variant.o)
                0x00084d6c                USART0_Handler
 .text.USART1_Handler
                0x00084d78        0xc C:/Users/LabPC/DOCUME~1/MATLAB/R2022a/ARDUIN~1/ARDUIN~1/FASTER~1/libcore.a(variant.o)
                0x00084d78                USART1_Handler
 .text.USART3_Handler
                0x00084d84        0xc C:/Users/LabPC/DOCUME~1/MATLAB/R2022a/ARDUIN~1/ARDUIN~1/FASTER~1/libcore.a(variant.o)
                0x00084d84                USART3_Handler
 .text.init     0x00084d90      0x128 C:/Users/LabPC/DOCUME~1/MATLAB/R2022a/ARDUIN~1/ARDUIN~1/FASTER~1/libcore.a(variant.o)
                0x00084d90                init
 .text.startup._GLOBAL__sub_I_g_APinDescription
                0x00084eb8       0xd4 C:/Users/LabPC/DOCUME~1/MATLAB/R2022a/ARDUIN~1/ARDUIN~1/FASTER~1/libcore.a(variant.o)
 .text._ZN5Print5writeEPKhj
                0x00084f8c       0x22 C:/Users/LabPC/DOCUME~1/MATLAB/R2022a/ARDUIN~1/ARDUIN~1/FASTER~1/libcore.a(Print.o)
                0x00084f8c                Print::write(unsigned char const*, unsigned int)
 .text._ZN10RingBufferC2Ev
                0x00084fae       0x1a C:/Users/LabPC/DOCUME~1/MATLAB/R2022a/ARDUIN~1/ARDUIN~1/FASTER~1/libcore.a(RingBuffer.o)
                0x00084fae                RingBuffer::RingBuffer()
                0x00084fae                RingBuffer::RingBuffer()
 .text._ZN10RingBuffer10store_charEh
                0x00084fc8       0x1e C:/Users/LabPC/DOCUME~1/MATLAB/R2022a/ARDUIN~1/ARDUIN~1/FASTER~1/libcore.a(RingBuffer.o)
                0x00084fc8                RingBuffer::store_char(unsigned char)
 .text.PIO_PullUp
                0x00084fe6        0xa C:/ProgramData/MATLAB/SupportPackages/R2022a/aIDE/portable/packages/arduino/hardware/sam/1.6.12/variants/arduino_due_x/libsam_sam3x8e_gcc_rel.a(pio.o)
                0x00084fe6                PIO_PullUp
 .text.PIO_Get  0x00084ff0       0x14 C:/ProgramData/MATLAB/SupportPackages/R2022a/aIDE/portable/packages/arduino/hardware/sam/1.6.12/variants/arduino_due_x/libsam_sam3x8e_gcc_rel.a(pio.o)
                0x00084ff0                PIO_Get
 .text.PIO_SetPeripheral
                0x00085004       0x26 C:/ProgramData/MATLAB/SupportPackages/R2022a/aIDE/portable/packages/arduino/hardware/sam/1.6.12/variants/arduino_due_x/libsam_sam3x8e_gcc_rel.a(pio.o)
                0x00085004                PIO_SetPeripheral
 .text.PIO_SetInput
                0x0008502a       0x26 C:/ProgramData/MATLAB/SupportPackages/R2022a/aIDE/portable/packages/arduino/hardware/sam/1.6.12/variants/arduino_due_x/libsam_sam3x8e_gcc_rel.a(pio.o)
                0x0008502a                PIO_SetInput
 .text.PIO_SetOutput
                0x00085050       0x24 C:/ProgramData/MATLAB/SupportPackages/R2022a/aIDE/portable/packages/arduino/hardware/sam/1.6.12/variants/arduino_due_x/libsam_sam3x8e_gcc_rel.a(pio.o)
                0x00085050                PIO_SetOutput
 .text.PIO_Configure
                0x00085074       0x64 C:/ProgramData/MATLAB/SupportPackages/R2022a/aIDE/portable/packages/arduino/hardware/sam/1.6.12/variants/arduino_due_x/libsam_sam3x8e_gcc_rel.a(pio.o)
                0x00085074                PIO_Configure
 .text.PIO_GetOutputDataStatus
                0x000850d8       0x14 C:/ProgramData/MATLAB/SupportPackages/R2022a/aIDE/portable/packages/arduino/hardware/sam/1.6.12/variants/arduino_due_x/libsam_sam3x8e_gcc_rel.a(pio.o)
                0x000850d8                PIO_GetOutputDataStatus
 .text.pmc_enable_periph_clk
                0x000850ec       0x44 C:/ProgramData/MATLAB/SupportPackages/R2022a/aIDE/portable/packages/arduino/hardware/sam/1.6.12/variants/arduino_due_x/libsam_sam3x8e_gcc_rel.a(pmc.o)
                0x000850ec                pmc_enable_periph_clk
 .text.pmc_disable_periph_clk
                0x00085130       0x40 C:/ProgramData/MATLAB/SupportPackages/R2022a/aIDE/portable/packages/arduino/hardware/sam/1.6.12/variants/arduino_due_x/libsam_sam3x8e_gcc_rel.a(pmc.o)
                0x00085130                pmc_disable_periph_clk
 .text.FindClockConfiguration
                0x00085170       0x7c C:/ProgramData/MATLAB/SupportPackages/R2022a/aIDE/portable/packages/arduino/hardware/sam/1.6.12/variants/arduino_due_x/libsam_sam3x8e_gcc_rel.a(pwmc.o)
 .text.PWMC_ConfigureChannel
                0x000851ec       0x60 C:/ProgramData/MATLAB/SupportPackages/R2022a/aIDE/portable/packages/arduino/hardware/sam/1.6.12/variants/arduino_due_x/libsam_sam3x8e_gcc_rel.a(pwmc.o)
                0x000851ec                PWMC_ConfigureChannel
 .text.PWMC_ConfigureClocks
                0x0008524c       0x54 C:/ProgramData/MATLAB/SupportPackages/R2022a/aIDE/portable/packages/arduino/hardware/sam/1.6.12/variants/arduino_due_x/libsam_sam3x8e_gcc_rel.a(pwmc.o)
                0x0008524c                PWMC_ConfigureClocks
 .text.PWMC_SetPeriod
                0x000852a0       0x1a C:/ProgramData/MATLAB/SupportPackages/R2022a/aIDE/portable/packages/arduino/hardware/sam/1.6.12/variants/arduino_due_x/libsam_sam3x8e_gcc_rel.a(pwmc.o)
                0x000852a0                PWMC_SetPeriod
 *fill*         0x000852ba        0x2 
 .text.PWMC_SetDutyCycle
                0x000852bc       0x44 C:/ProgramData/MATLAB/SupportPackages/R2022a/aIDE/portable/packages/arduino/hardware/sam/1.6.12/variants/arduino_due_x/libsam_sam3x8e_gcc_rel.a(pwmc.o)
                0x000852bc                PWMC_SetDutyCycle
 .text.PWMC_EnableChannel
                0x00085300        0xa C:/ProgramData/MATLAB/SupportPackages/R2022a/aIDE/portable/packages/arduino/hardware/sam/1.6.12/variants/arduino_due_x/libsam_sam3x8e_gcc_rel.a(pwmc.o)
                0x00085300                PWMC_EnableChannel
 *fill*         0x0008530a        0x2 
 .text.TC_Configure
                0x0008530c       0x38 C:/ProgramData/MATLAB/SupportPackages/R2022a/aIDE/portable/packages/arduino/hardware/sam/1.6.12/variants/arduino_due_x/libsam_sam3x8e_gcc_rel.a(tc.o)
                0x0008530c                TC_Configure
 .text.TC_Start
                0x00085344       0x2c C:/ProgramData/MATLAB/SupportPackages/R2022a/aIDE/portable/packages/arduino/hardware/sam/1.6.12/variants/arduino_due_x/libsam_sam3x8e_gcc_rel.a(tc.o)
                0x00085344                TC_Start
 .text.TC_SetRA
                0x00085370        0x8 C:/ProgramData/MATLAB/SupportPackages/R2022a/aIDE/portable/packages/arduino/hardware/sam/1.6.12/variants/arduino_due_x/libsam_sam3x8e_gcc_rel.a(tc.o)
                0x00085370                TC_SetRA
 .text.TC_SetRB
                0x00085378        0x8 C:/ProgramData/MATLAB/SupportPackages/R2022a/aIDE/portable/packages/arduino/hardware/sam/1.6.12/variants/arduino_due_x/libsam_sam3x8e_gcc_rel.a(tc.o)
                0x00085378                TC_SetRB
 .text.TC_SetRC
                0x00085380        0x8 C:/ProgramData/MATLAB/SupportPackages/R2022a/aIDE/portable/packages/arduino/hardware/sam/1.6.12/variants/arduino_due_x/libsam_sam3x8e_gcc_rel.a(tc.o)
                0x00085380                TC_SetRC
 .text.TimeTick_Increment
                0x00085388       0x10 C:/ProgramData/MATLAB/SupportPackages/R2022a/aIDE/portable/packages/arduino/hardware/sam/1.6.12/variants/arduino_due_x/libsam_sam3x8e_gcc_rel.a(timetick.o)
                0x00085388                TimeTick_Increment
 .text.GetTickCount
                0x00085398        0xc C:/ProgramData/MATLAB/SupportPackages/R2022a/aIDE/portable/packages/arduino/hardware/sam/1.6.12/variants/arduino_due_x/libsam_sam3x8e_gcc_rel.a(timetick.o)
                0x00085398                GetTickCount
 .text.WDT_Disable
                0x000853a4        0x8 C:/ProgramData/MATLAB/SupportPackages/R2022a/aIDE/portable/packages/arduino/hardware/sam/1.6.12/variants/arduino_due_x/libsam_sam3x8e_gcc_rel.a(wdt.o)
                0x000853a4                WDT_Disable
 .text.SystemInit
                0x000853ac       0x88 C:/ProgramData/MATLAB/SupportPackages/R2022a/aIDE/portable/packages/arduino/hardware/sam/1.6.12/variants/arduino_due_x/libsam_sam3x8e_gcc_rel.a(system_sam3xa.o)
                0x000853ac                SystemInit
 .text.adc_init
                0x00085434       0x98 C:/ProgramData/MATLAB/SupportPackages/R2022a/aIDE/portable/packages/arduino/hardware/sam/1.6.12/variants/arduino_due_x/libsam_sam3x8e_gcc_rel.a(adc.o)
                0x00085434                adc_init
 .text.adc_configure_trigger
                0x000854cc        0xe C:/ProgramData/MATLAB/SupportPackages/R2022a/aIDE/portable/packages/arduino/hardware/sam/1.6.12/variants/arduino_due_x/libsam_sam3x8e_gcc_rel.a(adc.o)
                0x000854cc                adc_configure_trigger
 .text.adc_configure_timing
                0x000854da       0x1a C:/ProgramData/MATLAB/SupportPackages/R2022a/aIDE/portable/packages/arduino/hardware/sam/1.6.12/variants/arduino_due_x/libsam_sam3x8e_gcc_rel.a(adc.o)
                0x000854da                adc_configure_timing
 .text.adc_disable_channel
                0x000854f4        0xa C:/ProgramData/MATLAB/SupportPackages/R2022a/aIDE/portable/packages/arduino/hardware/sam/1.6.12/variants/arduino_due_x/libsam_sam3x8e_gcc_rel.a(adc.o)
                0x000854f4                adc_disable_channel
 .text.adc_disable_all_channel
                0x000854fe        0x8 C:/ProgramData/MATLAB/SupportPackages/R2022a/aIDE/portable/packages/arduino/hardware/sam/1.6.12/variants/arduino_due_x/libsam_sam3x8e_gcc_rel.a(adc.o)
                0x000854fe                adc_disable_all_channel
 .text.adc_disable_interrupt
                0x00085506        0x4 C:/ProgramData/MATLAB/SupportPackages/R2022a/aIDE/portable/packages/arduino/hardware/sam/1.6.12/variants/arduino_due_x/libsam_sam3x8e_gcc_rel.a(adc.o)
                0x00085506                adc_disable_interrupt
 .text.dacc_reset
                0x0008550a        0x6 C:/ProgramData/MATLAB/SupportPackages/R2022a/aIDE/portable/packages/arduino/hardware/sam/1.6.12/variants/arduino_due_x/libsam_sam3x8e_gcc_rel.a(dacc.o)
                0x0008550a                dacc_reset
 .text.dacc_set_transfer_mode
                0x00085510       0x14 C:/ProgramData/MATLAB/SupportPackages/R2022a/aIDE/portable/packages/arduino/hardware/sam/1.6.12/variants/arduino_due_x/libsam_sam3x8e_gcc_rel.a(dacc.o)
                0x00085510                dacc_set_transfer_mode
 .text.dacc_get_interrupt_status
                0x00085524        0x4 C:/ProgramData/MATLAB/SupportPackages/R2022a/aIDE/portable/packages/arduino/hardware/sam/1.6.12/variants/arduino_due_x/libsam_sam3x8e_gcc_rel.a(dacc.o)
                0x00085524                dacc_get_interrupt_status
 .text.dacc_write_conversion_data
                0x00085528        0x4 C:/ProgramData/MATLAB/SupportPackages/R2022a/aIDE/portable/packages/arduino/hardware/sam/1.6.12/variants/arduino_due_x/libsam_sam3x8e_gcc_rel.a(dacc.o)
                0x00085528                dacc_write_conversion_data
 .text.dacc_set_channel_selection
                0x0008552c       0x18 C:/ProgramData/MATLAB/SupportPackages/R2022a/aIDE/portable/packages/arduino/hardware/sam/1.6.12/variants/arduino_due_x/libsam_sam3x8e_gcc_rel.a(dacc.o)
                0x0008552c                dacc_set_channel_selection
 .text.dacc_set_power_save
                0x00085544       0x24 C:/ProgramData/MATLAB/SupportPackages/R2022a/aIDE/portable/packages/arduino/hardware/sam/1.6.12/variants/arduino_due_x/libsam_sam3x8e_gcc_rel.a(dacc.o)
                0x00085544                dacc_set_power_save
 .text.dacc_set_timing
                0x00085568       0x2c C:/ProgramData/MATLAB/SupportPackages/R2022a/aIDE/portable/packages/arduino/hardware/sam/1.6.12/variants/arduino_due_x/libsam_sam3x8e_gcc_rel.a(dacc.o)
                0x00085568                dacc_set_timing
 .text.dacc_enable_channel
                0x00085594       0x12 C:/ProgramData/MATLAB/SupportPackages/R2022a/aIDE/portable/packages/arduino/hardware/sam/1.6.12/variants/arduino_due_x/libsam_sam3x8e_gcc_rel.a(dacc.o)
                0x00085594                dacc_enable_channel
 .text.dacc_get_channel_status
                0x000855a6        0x4 C:/ProgramData/MATLAB/SupportPackages/R2022a/aIDE/portable/packages/arduino/hardware/sam/1.6.12/variants/arduino_due_x/libsam_sam3x8e_gcc_rel.a(dacc.o)
                0x000855a6                dacc_get_channel_status
 .text.dacc_set_analog_control
                0x000855aa        0x8 C:/ProgramData/MATLAB/SupportPackages/R2022a/aIDE/portable/packages/arduino/hardware/sam/1.6.12/variants/arduino_due_x/libsam_sam3x8e_gcc_rel.a(dacc.o)
                0x000855aa                dacc_set_analog_control
 *fill*         0x000855b2        0x2 
 .text.cos      0x000855b4       0x8c c:/programdata/matlab/supportpackages/r2022a/aide/portable/packages/arduino/tools/arm-none-eabi-gcc/4.8.3-2014q1/bin/../lib/gcc/arm-none-eabi/4.8.3/../../../../arm-none-eabi/lib/armv7-m\libm.a(lib_a-s_cos.o)
                0x000855b4                cos
 .text.sin      0x00085640       0x94 c:/programdata/matlab/supportpackages/r2022a/aide/portable/packages/arduino/tools/arm-none-eabi-gcc/4.8.3-2014q1/bin/../lib/gcc/arm-none-eabi/4.8.3/../../../../arm-none-eabi/lib/armv7-m\libm.a(lib_a-s_sin.o)
                0x00085640                sin
 *fill*         0x000856d4        0x4 
 .text.__ieee754_rem_pio2
                0x000856d8      0x440 c:/programdata/matlab/supportpackages/r2022a/aide/portable/packages/arduino/tools/arm-none-eabi-gcc/4.8.3-2014q1/bin/../lib/gcc/arm-none-eabi/4.8.3/../../../../arm-none-eabi/lib/armv7-m\libm.a(lib_a-e_rem_pio2.o)
                0x000856d8                __ieee754_rem_pio2
 .text.__kernel_cos
                0x00085b18      0x248 c:/programdata/matlab/supportpackages/r2022a/aide/portable/packages/arduino/tools/arm-none-eabi-gcc/4.8.3-2014q1/bin/../lib/gcc/arm-none-eabi/4.8.3/../../../../arm-none-eabi/lib/armv7-m\libm.a(lib_a-k_cos.o)
                0x00085b18                __kernel_cos
 .text.__kernel_rem_pio2
                0x00085d60      0x7bc c:/programdata/matlab/supportpackages/r2022a/aide/portable/packages/arduino/tools/arm-none-eabi-gcc/4.8.3-2014q1/bin/../lib/gcc/arm-none-eabi/4.8.3/../../../../arm-none-eabi/lib/armv7-m\libm.a(lib_a-k_rem_pio2.o)
                0x00085d60                __kernel_rem_pio2
 *fill*         0x0008651c        0x4 
 .text.__kernel_sin
                0x00086520      0x170 c:/programdata/matlab/supportpackages/r2022a/aide/portable/packages/arduino/tools/arm-none-eabi-gcc/4.8.3-2014q1/bin/../lib/gcc/arm-none-eabi/4.8.3/../../../../arm-none-eabi/lib/armv7-m\libm.a(lib_a-k_sin.o)
                0x00086520                __kernel_sin
 .text.fabs     0x00086690        0x8 c:/programdata/matlab/supportpackages/r2022a/aide/portable/packages/arduino/tools/arm-none-eabi-gcc/4.8.3-2014q1/bin/../lib/gcc/arm-none-eabi/4.8.3/../../../../arm-none-eabi/lib/armv7-m\libm.a(lib_a-s_fabs.o)
                0x00086690                fabs
 .text.floor    0x00086698      0x120 c:/programdata/matlab/supportpackages/r2022a/aide/portable/packages/arduino/tools/arm-none-eabi-gcc/4.8.3-2014q1/bin/../lib/gcc/arm-none-eabi/4.8.3/../../../../arm-none-eabi/lib/armv7-m\libm.a(lib_a-s_floor.o)
                0x00086698                floor
 .text.scalbn   0x000867b8      0x100 c:/programdata/matlab/supportpackages/r2022a/aide/portable/packages/arduino/tools/arm-none-eabi-gcc/4.8.3-2014q1/bin/../lib/gcc/arm-none-eabi/4.8.3/../../../../arm-none-eabi/lib/armv7-m\libm.a(lib_a-s_scalbn.o)
                0x000867b8                scalbn
 .text.copysign
                0x000868b8       0x14 c:/programdata/matlab/supportpackages/r2022a/aide/portable/packages/arduino/tools/arm-none-eabi-gcc/4.8.3-2014q1/bin/../lib/gcc/arm-none-eabi/4.8.3/../../../../arm-none-eabi/lib/armv7-m\libm.a(lib_a-s_copysign.o)
                0x000868b8                copysign
 .text          0x000868cc      0x370 c:/programdata/matlab/supportpackages/r2022a/aide/portable/packages/arduino/tools/arm-none-eabi-gcc/4.8.3-2014q1/bin/../lib/gcc/arm-none-eabi/4.8.3/armv7-m\libgcc.a(_arm_addsubdf3.o)
                0x000868cc                __aeabi_drsub
                0x000868d4                __aeabi_dsub
                0x000868d4                __subdf3
                0x000868d8                __aeabi_dadd
                0x000868d8                __adddf3
                0x00086b50                __floatunsidf
                0x00086b50                __aeabi_ui2d
                0x00086b70                __floatsidf
                0x00086b70                __aeabi_i2d
                0x00086b94                __aeabi_f2d
                0x00086b94                __extendsfdf2
                0x00086bd0                __floatundidf
                0x00086bd0                __aeabi_ul2d
                0x00086be0                __floatdidf
                0x00086be0                __aeabi_l2d
 .text          0x00086c3c      0x424 c:/programdata/matlab/supportpackages/r2022a/aide/portable/packages/arduino/tools/arm-none-eabi-gcc/4.8.3-2014q1/bin/../lib/gcc/arm-none-eabi/4.8.3/armv7-m\libgcc.a(_arm_muldivdf3.o)
                0x00086c3c                __aeabi_dmul
                0x00086c3c                __muldf3
                0x00086e90                __divdf3
                0x00086e90                __aeabi_ddiv
 .text          0x00087060      0x110 c:/programdata/matlab/supportpackages/r2022a/aide/portable/packages/arduino/tools/arm-none-eabi-gcc/4.8.3-2014q1/bin/../lib/gcc/arm-none-eabi/4.8.3/armv7-m\libgcc.a(_arm_cmpdf2.o)
                0x00087060                __gtdf2
                0x00087060                __gedf2
                0x00087068                __ltdf2
                0x00087068                __ledf2
                0x00087070                __nedf2
                0x00087070                __eqdf2
                0x00087070                __cmpdf2
                0x000870ec                __aeabi_cdrcmple
                0x000870fc                __aeabi_cdcmpeq
                0x000870fc                __aeabi_cdcmple
                0x0008710c                __aeabi_dcmpeq
                0x00087120                __aeabi_dcmplt
                0x00087134                __aeabi_dcmple
                0x00087148                __aeabi_dcmpge
                0x0008715c                __aeabi_dcmpgt
 .text          0x00087170       0x50 c:/programdata/matlab/supportpackages/r2022a/aide/portable/packages/arduino/tools/arm-none-eabi-gcc/4.8.3-2014q1/bin/../lib/gcc/arm-none-eabi/4.8.3/armv7-m\libgcc.a(_arm_fixdfsi.o)
                0x00087170                __aeabi_d2iz
                0x00087170                __fixdfsi
 .text          0x000871c0       0x40 c:/programdata/matlab/supportpackages/r2022a/aide/portable/packages/arduino/tools/arm-none-eabi-gcc/4.8.3-2014q1/bin/../lib/gcc/arm-none-eabi/4.8.3/armv7-m\libgcc.a(_arm_fixunsdfsi.o)
                0x000871c0                __aeabi_d2uiz
                0x000871c0                __fixunsdfsi
 .text.__assert_func
                0x00087200       0x3c c:/programdata/matlab/supportpackages/r2022a/aide/portable/packages/arduino/tools/arm-none-eabi-gcc/4.8.3-2014q1/bin/../lib/gcc/arm-none-eabi/4.8.3/../../../../arm-none-eabi/lib/armv7-m\libg.a(lib_a-assert.o)
                0x00087200                __assert_func
 .text.fiprintf
                0x0008723c       0x28 c:/programdata/matlab/supportpackages/r2022a/aide/portable/packages/arduino/tools/arm-none-eabi-gcc/4.8.3-2014q1/bin/../lib/gcc/arm-none-eabi/4.8.3/../../../../arm-none-eabi/lib/armv7-m\libg.a(lib_a-fiprintf.o)
                0x0008723c                fiprintf
 .text.__libc_init_array
                0x00087264       0x50 c:/programdata/matlab/supportpackages/r2022a/aide/portable/packages/arduino/tools/arm-none-eabi-gcc/4.8.3-2014q1/bin/../lib/gcc/arm-none-eabi/4.8.3/../../../../arm-none-eabi/lib/armv7-m\libg.a(lib_a-init.o)
                0x00087264                __libc_init_array
 .text          0x000872b4       0xec c:/programdata/matlab/supportpackages/r2022a/aide/portable/packages/arduino/tools/arm-none-eabi-gcc/4.8.3-2014q1/bin/../lib/gcc/arm-none-eabi/4.8.3/../../../../arm-none-eabi/lib/armv7-m\libg.a(lib_a-memcpy.o)
                0x000872b4                memcpy
 .text.memset   0x000873a0       0x94 c:/programdata/matlab/supportpackages/r2022a/aide/portable/packages/arduino/tools/arm-none-eabi-gcc/4.8.3-2014q1/bin/../lib/gcc/arm-none-eabi/4.8.3/../../../../arm-none-eabi/lib/armv7-m\libg.a(lib_a-memset.o)
                0x000873a0                memset
 .text.strlen   0x00087434       0x60 c:/programdata/matlab/supportpackages/r2022a/aide/portable/packages/arduino/tools/arm-none-eabi-gcc/4.8.3-2014q1/bin/../lib/gcc/arm-none-eabi/4.8.3/../../../../arm-none-eabi/lib/armv7-m\libg.a(lib_a-strlen.o)
                0x00087434                strlen
 .text.kill     0x00087494       0x10 c:/programdata/matlab/supportpackages/r2022a/aide/portable/packages/arduino/tools/arm-none-eabi-gcc/4.8.3-2014q1/bin/../lib/gcc/arm-none-eabi/4.8.3/../../../../arm-none-eabi/lib/armv7-m\libg.a(lib_a-syskill.o)
                0x00087494                kill
 .text.__sprint_r.part.0
                0x000874a4       0x78 c:/programdata/matlab/supportpackages/r2022a/aide/portable/packages/arduino/tools/arm-none-eabi-gcc/4.8.3-2014q1/bin/../lib/gcc/arm-none-eabi/4.8.3/../../../../arm-none-eabi/lib/armv7-m\libg.a(lib_a-vfiprintf.o)
 .text._vfiprintf_r
                0x0008751c      0xc54 c:/programdata/matlab/supportpackages/r2022a/aide/portable/packages/arduino/tools/arm-none-eabi-gcc/4.8.3-2014q1/bin/../lib/gcc/arm-none-eabi/4.8.3/../../../../arm-none-eabi/lib/armv7-m\libg.a(lib_a-vfiprintf.o)
                0x0008751c                _vfiprintf_r
 .text.__sbprintf
                0x00088170       0x7c c:/programdata/matlab/supportpackages/r2022a/aide/portable/packages/arduino/tools/arm-none-eabi-gcc/4.8.3-2014q1/bin/../lib/gcc/arm-none-eabi/4.8.3/../../../../arm-none-eabi/lib/armv7-m\libg.a(lib_a-vfiprintf.o)
 .text.__swsetup_r
                0x000881ec       0xc4 c:/programdata/matlab/supportpackages/r2022a/aide/portable/packages/arduino/tools/arm-none-eabi-gcc/4.8.3-2014q1/bin/../lib/gcc/arm-none-eabi/4.8.3/../../../../arm-none-eabi/lib/armv7-m\libg.a(lib_a-wsetup.o)
                0x000881ec                __swsetup_r
 .text.startup.register_fini
                0x000882b0       0x14 c:/programdata/matlab/supportpackages/r2022a/aide/portable/packages/arduino/tools/arm-none-eabi-gcc/4.8.3-2014q1/bin/../lib/gcc/arm-none-eabi/4.8.3/../../../../arm-none-eabi/lib/armv7-m\libg.a(lib_a-__call_atexit.o)
 .text.abort    0x000882c4       0x10 c:/programdata/matlab/supportpackages/r2022a/aide/portable/packages/arduino/tools/arm-none-eabi-gcc/4.8.3-2014q1/bin/../lib/gcc/arm-none-eabi/4.8.3/../../../../arm-none-eabi/lib/armv7-m\libg.a(lib_a-abort.o)
                0x000882c4                abort
 .text.atexit   0x000882d4        0xc c:/programdata/matlab/supportpackages/r2022a/aide/portable/packages/arduino/tools/arm-none-eabi-gcc/4.8.3-2014q1/bin/../lib/gcc/arm-none-eabi/4.8.3/../../../../arm-none-eabi/lib/armv7-m\libg.a(lib_a-atexit.o)
                0x000882d4                atexit
 .text.__sflush_r
                0x000882e0      0x148 c:/programdata/matlab/supportpackages/r2022a/aide/portable/packages/arduino/tools/arm-none-eabi-gcc/4.8.3-2014q1/bin/../lib/gcc/arm-none-eabi/4.8.3/../../../../arm-none-eabi/lib/armv7-m\libg.a(lib_a-fflush.o)
                0x000882e0                __sflush_r
 .text._fflush_r
                0x00088428       0x2c c:/programdata/matlab/supportpackages/r2022a/aide/portable/packages/arduino/tools/arm-none-eabi-gcc/4.8.3-2014q1/bin/../lib/gcc/arm-none-eabi/4.8.3/../../../../arm-none-eabi/lib/armv7-m\libg.a(lib_a-fflush.o)
                0x00088428                _fflush_r
 .text._cleanup_r
                0x00088454        0xc c:/programdata/matlab/supportpackages/r2022a/aide/portable/packages/arduino/tools/arm-none-eabi-gcc/4.8.3-2014q1/bin/../lib/gcc/arm-none-eabi/4.8.3/../../../../arm-none-eabi/lib/armv7-m\libg.a(lib_a-findfp.o)
                0x00088454                _cleanup_r
 .text.__sinit  0x00088460       0xf4 c:/programdata/matlab/supportpackages/r2022a/aide/portable/packages/arduino/tools/arm-none-eabi-gcc/4.8.3-2014q1/bin/../lib/gcc/arm-none-eabi/4.8.3/../../../../arm-none-eabi/lib/armv7-m\libg.a(lib_a-findfp.o)
                0x00088460                __sinit
 .text.__sfp_lock_acquire
                0x00088554        0x4 c:/programdata/matlab/supportpackages/r2022a/aide/portable/packages/arduino/tools/arm-none-eabi-gcc/4.8.3-2014q1/bin/../lib/gcc/arm-none-eabi/4.8.3/../../../../arm-none-eabi/lib/armv7-m\libg.a(lib_a-findfp.o)
                0x00088554                __sfp_lock_acquire
 .text.__sfp_lock_release
                0x00088558        0x4 c:/programdata/matlab/supportpackages/r2022a/aide/portable/packages/arduino/tools/arm-none-eabi-gcc/4.8.3-2014q1/bin/../lib/gcc/arm-none-eabi/4.8.3/../../../../arm-none-eabi/lib/armv7-m\libg.a(lib_a-findfp.o)
                0x00088558                __sfp_lock_release
 .text.__libc_fini_array
                0x0008855c       0x30 c:/programdata/matlab/supportpackages/r2022a/aide/portable/packages/arduino/tools/arm-none-eabi-gcc/4.8.3-2014q1/bin/../lib/gcc/arm-none-eabi/4.8.3/../../../../arm-none-eabi/lib/armv7-m\libg.a(lib_a-fini.o)
                0x0008855c                __libc_fini_array
 .text._fputwc_r
                0x0008858c       0xc0 c:/programdata/matlab/supportpackages/r2022a/aide/portable/packages/arduino/tools/arm-none-eabi-gcc/4.8.3-2014q1/bin/../lib/gcc/arm-none-eabi/4.8.3/../../../../arm-none-eabi/lib/armv7-m\libg.a(lib_a-fputwc.o)
                0x0008858c                _fputwc_r
 .text._malloc_trim_r
                0x0008864c       0x9c c:/programdata/matlab/supportpackages/r2022a/aide/portable/packages/arduino/tools/arm-none-eabi-gcc/4.8.3-2014q1/bin/../lib/gcc/arm-none-eabi/4.8.3/../../../../arm-none-eabi/lib/armv7-m\libg.a(lib_a-freer.o)
                0x0008864c                _malloc_trim_r
 .text._free_r  0x000886e8      0x198 c:/programdata/matlab/supportpackages/r2022a/aide/portable/packages/arduino/tools/arm-none-eabi-gcc/4.8.3-2014q1/bin/../lib/gcc/arm-none-eabi/4.8.3/../../../../arm-none-eabi/lib/armv7-m\libg.a(lib_a-freer.o)
                0x000886e8                _free_r
 .text.__sfvwrite_r
                0x00088880      0x314 c:/programdata/matlab/supportpackages/r2022a/aide/portable/packages/arduino/tools/arm-none-eabi-gcc/4.8.3-2014q1/bin/../lib/gcc/arm-none-eabi/4.8.3/../../../../arm-none-eabi/lib/armv7-m\libg.a(lib_a-fvwrite.o)
                0x00088880                __sfvwrite_r
 .text._fwalk   0x00088b94       0x48 c:/programdata/matlab/supportpackages/r2022a/aide/portable/packages/arduino/tools/arm-none-eabi-gcc/4.8.3-2014q1/bin/../lib/gcc/arm-none-eabi/4.8.3/../../../../arm-none-eabi/lib/armv7-m\libg.a(lib_a-fwalk.o)
                0x00088b94                _fwalk
 .text.__locale_charset
                0x00088bdc        0x8 c:/programdata/matlab/supportpackages/r2022a/aide/portable/packages/arduino/tools/arm-none-eabi-gcc/4.8.3-2014q1/bin/../lib/gcc/arm-none-eabi/4.8.3/../../../../arm-none-eabi/lib/armv7-m\libg.a(lib_a-locale.o)
                0x00088bdc                __locale_charset
 .text.__locale_mb_cur_max
                0x00088be4        0xc c:/programdata/matlab/supportpackages/r2022a/aide/portable/packages/arduino/tools/arm-none-eabi-gcc/4.8.3-2014q1/bin/../lib/gcc/arm-none-eabi/4.8.3/../../../../arm-none-eabi/lib/armv7-m\libg.a(lib_a-locale.o)
                0x00088be4                __locale_mb_cur_max
 .text.__smakebuf_r
                0x00088bf0       0xe0 c:/programdata/matlab/supportpackages/r2022a/aide/portable/packages/arduino/tools/arm-none-eabi-gcc/4.8.3-2014q1/bin/../lib/gcc/arm-none-eabi/4.8.3/../../../../arm-none-eabi/lib/armv7-m\libg.a(lib_a-makebuf.o)
                0x00088bf0                __smakebuf_r
 .text._malloc_r
                0x00088cd0      0x538 c:/programdata/matlab/supportpackages/r2022a/aide/portable/packages/arduino/tools/arm-none-eabi-gcc/4.8.3-2014q1/bin/../lib/gcc/arm-none-eabi/4.8.3/../../../../arm-none-eabi/lib/armv7-m\libg.a(lib_a-mallocr.o)
                0x00088cd0                _malloc_r
 .text.memchr   0x00089208       0x94 c:/programdata/matlab/supportpackages/r2022a/aide/portable/packages/arduino/tools/arm-none-eabi-gcc/4.8.3-2014q1/bin/../lib/gcc/arm-none-eabi/4.8.3/../../../../arm-none-eabi/lib/armv7-m\libg.a(lib_a-memchr-stub.o)
                0x00089208                memchr
 .text.memmove  0x0008929c       0xcc c:/programdata/matlab/supportpackages/r2022a/aide/portable/packages/arduino/tools/arm-none-eabi-gcc/4.8.3-2014q1/bin/../lib/gcc/arm-none-eabi/4.8.3/../../../../arm-none-eabi/lib/armv7-m\libg.a(lib_a-memmove.o)
                0x0008929c                memmove
 .text.__malloc_lock
                0x00089368        0x4 c:/programdata/matlab/supportpackages/r2022a/aide/portable/packages/arduino/tools/arm-none-eabi-gcc/4.8.3-2014q1/bin/../lib/gcc/arm-none-eabi/4.8.3/../../../../arm-none-eabi/lib/armv7-m\libg.a(lib_a-mlock.o)
                0x00089368                __malloc_lock
 .text.__malloc_unlock
                0x0008936c        0x4 c:/programdata/matlab/supportpackages/r2022a/aide/portable/packages/arduino/tools/arm-none-eabi-gcc/4.8.3-2014q1/bin/../lib/gcc/arm-none-eabi/4.8.3/../../../../arm-none-eabi/lib/armv7-m\libg.a(lib_a-mlock.o)
                0x0008936c                __malloc_unlock
 .text._realloc_r
                0x00089370      0x3c0 c:/programdata/matlab/supportpackages/r2022a/aide/portable/packages/arduino/tools/arm-none-eabi-gcc/4.8.3-2014q1/bin/../lib/gcc/arm-none-eabi/4.8.3/../../../../arm-none-eabi/lib/armv7-m\libg.a(lib_a-reallocr.o)
                0x00089370                _realloc_r
 .text._sbrk_r  0x00089730       0x24 c:/programdata/matlab/supportpackages/r2022a/aide/portable/packages/arduino/tools/arm-none-eabi-gcc/4.8.3-2014q1/bin/../lib/gcc/arm-none-eabi/4.8.3/../../../../arm-none-eabi/lib/armv7-m\libg.a(lib_a-sbrkr.o)
                0x00089730                _sbrk_r
 .text._raise_r
                0x00089754       0x58 c:/programdata/matlab/supportpackages/r2022a/aide/portable/packages/arduino/tools/arm-none-eabi-gcc/4.8.3-2014q1/bin/../lib/gcc/arm-none-eabi/4.8.3/../../../../arm-none-eabi/lib/armv7-m\libg.a(lib_a-signal.o)
                0x00089754                _raise_r
 .text.raise    0x000897ac       0x10 c:/programdata/matlab/supportpackages/r2022a/aide/portable/packages/arduino/tools/arm-none-eabi-gcc/4.8.3-2014q1/bin/../lib/gcc/arm-none-eabi/4.8.3/../../../../arm-none-eabi/lib/armv7-m\libg.a(lib_a-signal.o)
                0x000897ac                raise
 .text._kill_r  0x000897bc       0x28 c:/programdata/matlab/supportpackages/r2022a/aide/portable/packages/arduino/tools/arm-none-eabi-gcc/4.8.3-2014q1/bin/../lib/gcc/arm-none-eabi/4.8.3/../../../../arm-none-eabi/lib/armv7-m\libg.a(lib_a-signalr.o)
                0x000897bc                _kill_r
 .text._getpid_r
                0x000897e4        0x4 c:/programdata/matlab/supportpackages/r2022a/aide/portable/packages/arduino/tools/arm-none-eabi-gcc/4.8.3-2014q1/bin/../lib/gcc/arm-none-eabi/4.8.3/../../../../arm-none-eabi/lib/armv7-m\libg.a(lib_a-signalr.o)
                0x000897e4                _getpid_r
 .text.__sread  0x000897e8       0x24 c:/programdata/matlab/supportpackages/r2022a/aide/portable/packages/arduino/tools/arm-none-eabi-gcc/4.8.3-2014q1/bin/../lib/gcc/arm-none-eabi/4.8.3/../../../../arm-none-eabi/lib/armv7-m\libg.a(lib_a-stdio.o)
                0x000897e8                __sread
 .text.__swrite
                0x0008980c       0x38 c:/programdata/matlab/supportpackages/r2022a/aide/portable/packages/arduino/tools/arm-none-eabi-gcc/4.8.3-2014q1/bin/../lib/gcc/arm-none-eabi/4.8.3/../../../../arm-none-eabi/lib/armv7-m\libg.a(lib_a-stdio.o)
                0x0008980c                __swrite
 .text.__sseek  0x00089844       0x20 c:/programdata/matlab/supportpackages/r2022a/aide/portable/packages/arduino/tools/arm-none-eabi-gcc/4.8.3-2014q1/bin/../lib/gcc/arm-none-eabi/4.8.3/../../../../arm-none-eabi/lib/armv7-m\libg.a(lib_a-stdio.o)
                0x00089844                __sseek
 .text.__sclose
                0x00089864        0x8 c:/programdata/matlab/supportpackages/r2022a/aide/portable/packages/arduino/tools/arm-none-eabi-gcc/4.8.3-2014q1/bin/../lib/gcc/arm-none-eabi/4.8.3/../../../../arm-none-eabi/lib/armv7-m\libg.a(lib_a-stdio.o)
                0x00089864                __sclose
 .text.__swbuf_r
                0x0008986c       0xa8 c:/programdata/matlab/supportpackages/r2022a/aide/portable/packages/arduino/tools/arm-none-eabi-gcc/4.8.3-2014q1/bin/../lib/gcc/arm-none-eabi/4.8.3/../../../../arm-none-eabi/lib/armv7-m\libg.a(lib_a-wbuf.o)
                0x0008986c                __swbuf_r
 .text._wcrtomb_r
                0x00089914       0x50 c:/programdata/matlab/supportpackages/r2022a/aide/portable/packages/arduino/tools/arm-none-eabi-gcc/4.8.3-2014q1/bin/../lib/gcc/arm-none-eabi/4.8.3/../../../../arm-none-eabi/lib/armv7-m\libg.a(lib_a-wcrtomb.o)
                0x00089914                _wcrtomb_r
 .text.__ascii_wctomb
                0x00089964       0x1c c:/programdata/matlab/supportpackages/r2022a/aide/portable/packages/arduino/tools/arm-none-eabi-gcc/4.8.3-2014q1/bin/../lib/gcc/arm-none-eabi/4.8.3/../../../../arm-none-eabi/lib/armv7-m\libg.a(lib_a-wctomb_r.o)
                0x00089964                __ascii_wctomb
 .text._write_r
                0x00089980       0x28 c:/programdata/matlab/supportpackages/r2022a/aide/portable/packages/arduino/tools/arm-none-eabi-gcc/4.8.3-2014q1/bin/../lib/gcc/arm-none-eabi/4.8.3/../../../../arm-none-eabi/lib/armv7-m\libg.a(lib_a-writer.o)
                0x00089980                _write_r
 .text.__register_exitproc
                0x000899a8       0xa8 c:/programdata/matlab/supportpackages/r2022a/aide/portable/packages/arduino/tools/arm-none-eabi-gcc/4.8.3-2014q1/bin/../lib/gcc/arm-none-eabi/4.8.3/../../../../arm-none-eabi/lib/armv7-m\libg.a(lib_a-__atexit.o)
                0x000899a8                __register_exitproc
 .text._close_r
                0x00089a50       0x24 c:/programdata/matlab/supportpackages/r2022a/aide/portable/packages/arduino/tools/arm-none-eabi-gcc/4.8.3-2014q1/bin/../lib/gcc/arm-none-eabi/4.8.3/../../../../arm-none-eabi/lib/armv7-m\libg.a(lib_a-closer.o)
                0x00089a50                _close_r
 .text._fclose_r
                0x00089a74       0x80 c:/programdata/matlab/supportpackages/r2022a/aide/portable/packages/arduino/tools/arm-none-eabi-gcc/4.8.3-2014q1/bin/../lib/gcc/arm-none-eabi/4.8.3/../../../../arm-none-eabi/lib/armv7-m\libg.a(lib_a-fclose.o)
                0x00089a74                _fclose_r
 .text.fclose   0x00089af4       0x10 c:/programdata/matlab/supportpackages/r2022a/aide/portable/packages/arduino/tools/arm-none-eabi-gcc/4.8.3-2014q1/bin/../lib/gcc/arm-none-eabi/4.8.3/../../../../arm-none-eabi/lib/armv7-m\libg.a(lib_a-fclose.o)
                0x00089af4                fclose
 .text._fstat_r
                0x00089b04       0x28 c:/programdata/matlab/supportpackages/r2022a/aide/portable/packages/arduino/tools/arm-none-eabi-gcc/4.8.3-2014q1/bin/../lib/gcc/arm-none-eabi/4.8.3/../../../../arm-none-eabi/lib/armv7-m\libg.a(lib_a-fstatr.o)
                0x00089b04                _fstat_r
 .text._isatty_r
                0x00089b2c       0x24 c:/programdata/matlab/supportpackages/r2022a/aide/portable/packages/arduino/tools/arm-none-eabi-gcc/4.8.3-2014q1/bin/../lib/gcc/arm-none-eabi/4.8.3/../../../../arm-none-eabi/lib/armv7-m\libg.a(lib_a-isattyr.o)
                0x00089b2c                _isatty_r
 .text._lseek_r
                0x00089b50       0x28 c:/programdata/matlab/supportpackages/r2022a/aide/portable/packages/arduino/tools/arm-none-eabi-gcc/4.8.3-2014q1/bin/../lib/gcc/arm-none-eabi/4.8.3/../../../../arm-none-eabi/lib/armv7-m\libg.a(lib_a-lseekr.o)
                0x00089b50                _lseek_r
 .text._read_r  0x00089b78       0x28 c:/programdata/matlab/supportpackages/r2022a/aide/portable/packages/arduino/tools/arm-none-eabi-gcc/4.8.3-2014q1/bin/../lib/gcc/arm-none-eabi/4.8.3/../../../../arm-none-eabi/lib/armv7-m\libg.a(lib_a-readr.o)
                0x00089b78                _read_r
 .text          0x00089ba0       0x2c c:/programdata/matlab/supportpackages/r2022a/aide/portable/packages/arduino/tools/arm-none-eabi-gcc/4.8.3-2014q1/bin/../lib/gcc/arm-none-eabi/4.8.3/armv7-m\libgcc.a(_aeabi_uldivmod.o)
                0x00089ba0                __aeabi_uldivmod
 .text          0x00089bcc       0x60 c:/programdata/matlab/supportpackages/r2022a/aide/portable/packages/arduino/tools/arm-none-eabi-gcc/4.8.3-2014q1/bin/../lib/gcc/arm-none-eabi/4.8.3/armv7-m\libgcc.a(bpabi.o)
                0x00089bcc                __gnu_ldivmod_helper
                0x00089bfc                __gnu_uldivmod_helper
 .text          0x00089c2c        0x4 c:/programdata/matlab/supportpackages/r2022a/aide/portable/packages/arduino/tools/arm-none-eabi-gcc/4.8.3-2014q1/bin/../lib/gcc/arm-none-eabi/4.8.3/armv7-m\libgcc.a(_dvmd_tls.o)
                0x00089c2c                __aeabi_idiv0
                0x00089c2c                __aeabi_ldiv0
 .text          0x00089c30      0x2a0 c:/programdata/matlab/supportpackages/r2022a/aide/portable/packages/arduino/tools/arm-none-eabi-gcc/4.8.3-2014q1/bin/../lib/gcc/arm-none-eabi/4.8.3/armv7-m\libgcc.a(_divdi3.o)
                0x00089c30                __divdi3
 .text          0x00089ed0      0x290 c:/programdata/matlab/supportpackages/r2022a/aide/portable/packages/arduino/tools/arm-none-eabi-gcc/4.8.3-2014q1/bin/../lib/gcc/arm-none-eabi/4.8.3/armv7-m\libgcc.a(_udivdi3.o)
                0x00089ed0                __udivdi3
 *(.glue_7t)
 .glue_7t       0x00000000        0x0 linker stubs
 *(.glue_7)
 .glue_7        0x00000000        0x0 linker stubs
 *(.rodata .rodata* .gnu.linkonce.r.*)
 .rodata.channelToTC.9455
                0x0008a160       0x48 MW_PWMDriver.o
 .rodata.channelToChNo.9470
                0x0008a1a8       0x48 MW_PWMDriver.o
 .rodata.channelToId.9473
                0x0008a1f0       0x48 MW_PWMDriver.o
 .rodata.channelToTC.9472
                0x0008a238       0x48 MW_PWMDriver.o
 .rodata.channelToAB.9454
                0x0008a280       0x48 MW_PWMDriver.o
 .rodata.channelToChNo.9453
                0x0008a2c8       0x48 MW_PWMDriver.o
 .rodata.rtAlwaysEnabled.9908
                0x0008a310        0x1 position_control.o
 .rodata.tmp.9913
                0x0008a311       0x10 position_control.o
 *fill*         0x0008a321        0x3 
 .rodata.position_control_M
                0x0008a324        0x4 position_control.o
                0x0008a324                position_control_M
 .rodata.b.9914
                0x0008a328       0x80 position_control.o
 .rodata.str1.1
                0x0008a3a8       0x12 position_control.o
 *fill*         0x0008a3ba        0x2 
 .rodata.standardSupportedRxPacket
                0x0008a3bc       0x54 xcp_standard.o
 .rodata.daqSupportedRxPacket
                0x0008a410       0x90 xcp_daq.o
 .rodata.calibrationSupportedRxPacket
                0x0008a4a0       0x18 xcp_calibration.o
 .rodata.xcpMemMainBlocksNumber
                0x0008a4b8        0xc xcp_mem_default.o
 .rodata.xcpMemMainBlockSizes
                0x0008a4c4        0xc xcp_mem_default.o
 .rodata.channelToId.9433
                0x0008a4d0       0x48 C:/Users/LabPC/DOCUME~1/MATLAB/R2022a/ARDUIN~1/ARDUIN~1/FASTER~1/libcore.a(wiring_analog.o)
 .rodata.channelToTC.9432
                0x0008a518       0x48 C:/Users/LabPC/DOCUME~1/MATLAB/R2022a/ARDUIN~1/ARDUIN~1/FASTER~1/libcore.a(wiring_analog.o)
 .rodata.channelToChNo.9430
                0x0008a560       0x48 C:/Users/LabPC/DOCUME~1/MATLAB/R2022a/ARDUIN~1/ARDUIN~1/FASTER~1/libcore.a(wiring_analog.o)
 .rodata.channelToAB.9431
                0x0008a5a8       0x48 C:/Users/LabPC/DOCUME~1/MATLAB/R2022a/ARDUIN~1/ARDUIN~1/FASTER~1/libcore.a(wiring_analog.o)
 .rodata._ZTV9UARTClass
                0x0008a5f0       0x30 C:/Users/LabPC/DOCUME~1/MATLAB/R2022a/ARDUIN~1/ARDUIN~1/FASTER~1/libcore.a(UARTClass.o)
                0x0008a5f0                vtable for UARTClass
 .rodata._ZTV10USARTClass
                0x0008a620       0x30 C:/Users/LabPC/DOCUME~1/MATLAB/R2022a/ARDUIN~1/ARDUIN~1/FASTER~1/libcore.a(USARTClass.o)
                0x0008a620                vtable for USARTClass
 .rodata.g_APinDescription
                0x0008a650      0xa2c C:/Users/LabPC/DOCUME~1/MATLAB/R2022a/ARDUIN~1/ARDUIN~1/FASTER~1/libcore.a(variant.o)
                0x0008a650                g_APinDescription
 .rodata        0x0008b07c       0x2c C:/ProgramData/MATLAB/SupportPackages/R2022a/aIDE/portable/packages/arduino/hardware/sam/1.6.12/variants/arduino_due_x/libsam_sam3x8e_gcc_rel.a(pwmc.o)
 .rodata.__func__.6830
                0x0008b0a8       0x15 C:/ProgramData/MATLAB/SupportPackages/R2022a/aIDE/portable/packages/arduino/hardware/sam/1.6.12/variants/arduino_due_x/libsam_sam3x8e_gcc_rel.a(pwmc.o)
 .rodata.__func__.6841
                0x0008b0bd       0x12 C:/ProgramData/MATLAB/SupportPackages/R2022a/aIDE/portable/packages/arduino/hardware/sam/1.6.12/variants/arduino_due_x/libsam_sam3x8e_gcc_rel.a(pwmc.o)
 .rodata.str1.1
                0x0008b0cf      0x1cc C:/ProgramData/MATLAB/SupportPackages/R2022a/aIDE/portable/packages/arduino/hardware/sam/1.6.12/variants/arduino_due_x/libsam_sam3x8e_gcc_rel.a(pwmc.o)
 .rodata.__func__.6804
                0x0008b29b       0x16 C:/ProgramData/MATLAB/SupportPackages/R2022a/aIDE/portable/packages/arduino/hardware/sam/1.6.12/variants/arduino_due_x/libsam_sam3x8e_gcc_rel.a(pwmc.o)
 .rodata.__func__.6793
                0x0008b2b1       0x17 C:/ProgramData/MATLAB/SupportPackages/R2022a/aIDE/portable/packages/arduino/hardware/sam/1.6.12/variants/arduino_due_x/libsam_sam3x8e_gcc_rel.a(pwmc.o)
 .rodata.__func__.6792
                0x0008b2c8        0xd C:/ProgramData/MATLAB/SupportPackages/R2022a/aIDE/portable/packages/arduino/hardware/sam/1.6.12/variants/arduino_due_x/libsam_sam3x8e_gcc_rel.a(tc.o)
 .rodata.str1.1
                0x0008b2d5       0x54 C:/ProgramData/MATLAB/SupportPackages/R2022a/aIDE/portable/packages/arduino/hardware/sam/1.6.12/variants/arduino_due_x/libsam_sam3x8e_gcc_rel.a(tc.o)
 .rodata.__func__.6798
                0x0008b329        0x9 C:/ProgramData/MATLAB/SupportPackages/R2022a/aIDE/portable/packages/arduino/hardware/sam/1.6.12/variants/arduino_due_x/libsam_sam3x8e_gcc_rel.a(tc.o)
 *fill*         0x0008b332        0x2 
 .rodata        0x0008b334       0x40 C:/ProgramData/MATLAB/SupportPackages/R2022a/aIDE/portable/packages/arduino/hardware/sam/1.6.12/variants/arduino_due_x/libsam_sam3x8e_gcc_rel.a(adc.o)
 .rodata.npio2_hw
                0x0008b374       0x80 c:/programdata/matlab/supportpackages/r2022a/aide/portable/packages/arduino/tools/arm-none-eabi-gcc/4.8.3-2014q1/bin/../lib/gcc/arm-none-eabi/4.8.3/../../../../arm-none-eabi/lib/armv7-m\libm.a(lib_a-e_rem_pio2.o)
 .rodata.two_over_pi
                0x0008b3f4      0x108 c:/programdata/matlab/supportpackages/r2022a/aide/portable/packages/arduino/tools/arm-none-eabi-gcc/4.8.3-2014q1/bin/../lib/gcc/arm-none-eabi/4.8.3/../../../../arm-none-eabi/lib/armv7-m\libm.a(lib_a-e_rem_pio2.o)
 .rodata.init_jk
                0x0008b4fc       0x10 c:/programdata/matlab/supportpackages/r2022a/aide/portable/packages/arduino/tools/arm-none-eabi-gcc/4.8.3-2014q1/bin/../lib/gcc/arm-none-eabi/4.8.3/../../../../arm-none-eabi/lib/armv7-m\libm.a(lib_a-k_rem_pio2.o)
 *fill*         0x0008b50c        0x4 
 .rodata.PIo2   0x0008b510       0x40 c:/programdata/matlab/supportpackages/r2022a/aide/portable/packages/arduino/tools/arm-none-eabi-gcc/4.8.3-2014q1/bin/../lib/gcc/arm-none-eabi/4.8.3/../../../../arm-none-eabi/lib/armv7-m\libm.a(lib_a-k_rem_pio2.o)
 .rodata.str1.4
                0x0008b550       0x3f c:/programdata/matlab/supportpackages/r2022a/aide/portable/packages/arduino/tools/arm-none-eabi-gcc/4.8.3-2014q1/bin/../lib/gcc/arm-none-eabi/4.8.3/../../../../arm-none-eabi/lib/armv7-m\libg.a(lib_a-assert.o)
                                 0x44 (size before relaxing)
 *fill*         0x0008b58f        0x1 
 .rodata.str1.4
                0x0008b590        0x2 c:/programdata/matlab/supportpackages/r2022a/aide/portable/packages/arduino/tools/arm-none-eabi-gcc/4.8.3-2014q1/bin/../lib/gcc/arm-none-eabi/4.8.3/../../../../arm-none-eabi/lib/armv7-m\libg.a(lib_a-impure.o)
                                  0x4 (size before relaxing)
 *fill*         0x0008b592        0x2 
 .rodata._global_impure_ptr
                0x0008b594        0x4 c:/programdata/matlab/supportpackages/r2022a/aide/portable/packages/arduino/tools/arm-none-eabi-gcc/4.8.3-2014q1/bin/../lib/gcc/arm-none-eabi/4.8.3/../../../../arm-none-eabi/lib/armv7-m\libg.a(lib_a-impure.o)
                0x0008b594                _global_impure_ptr
 .rodata.blanks.6717
                0x0008b598       0x10 c:/programdata/matlab/supportpackages/r2022a/aide/portable/packages/arduino/tools/arm-none-eabi-gcc/4.8.3-2014q1/bin/../lib/gcc/arm-none-eabi/4.8.3/../../../../arm-none-eabi/lib/armv7-m\libg.a(lib_a-vfiprintf.o)
 .rodata.str1.4
                0x0008b5a8       0x30 c:/programdata/matlab/supportpackages/r2022a/aide/portable/packages/arduino/tools/arm-none-eabi-gcc/4.8.3-2014q1/bin/../lib/gcc/arm-none-eabi/4.8.3/../../../../arm-none-eabi/lib/armv7-m\libg.a(lib_a-vfiprintf.o)
 .rodata.zeroes.6718
                0x0008b5d8       0x10 c:/programdata/matlab/supportpackages/r2022a/aide/portable/packages/arduino/tools/arm-none-eabi-gcc/4.8.3-2014q1/bin/../lib/gcc/arm-none-eabi/4.8.3/../../../../arm-none-eabi/lib/armv7-m\libg.a(lib_a-vfiprintf.o)
 *(.ARM.extab* .gnu.linkonce.armextab.*)
                0x0008b5e8                . = ALIGN (0x4)
 *(.init)
 .init          0x0008b5e8        0x4 c:/programdata/matlab/supportpackages/r2022a/aide/portable/packages/arduino/tools/arm-none-eabi-gcc/4.8.3-2014q1/bin/../lib/gcc/arm-none-eabi/4.8.3/armv7-m/crti.o
                0x0008b5e8                _init
 .init          0x0008b5ec        0x8 c:/programdata/matlab/supportpackages/r2022a/aide/portable/packages/arduino/tools/arm-none-eabi-gcc/4.8.3-2014q1/bin/../lib/gcc/arm-none-eabi/4.8.3/armv7-m/crtn.o
                0x0008b5f4                . = ALIGN (0x4)
                0x0008b5f4                __preinit_array_start = .
 *(.preinit_array)
                0x0008b5f4                __preinit_array_end = .
                0x0008b5f4                . = ALIGN (0x4)
                0x0008b5f4                __init_array_start = .
 *(SORT(.init_array.*))
 .init_array.00000
                0x0008b5f4        0x4 c:/programdata/matlab/supportpackages/r2022a/aide/portable/packages/arduino/tools/arm-none-eabi-gcc/4.8.3-2014q1/bin/../lib/gcc/arm-none-eabi/4.8.3/../../../../arm-none-eabi/lib/armv7-m\libg.a(lib_a-__call_atexit.o)
 *(.init_array)
 .init_array    0x0008b5f8        0x4 c:/programdata/matlab/supportpackages/r2022a/aide/portable/packages/arduino/tools/arm-none-eabi-gcc/4.8.3-2014q1/bin/../lib/gcc/arm-none-eabi/4.8.3/armv7-m/crtbegin.o
 .init_array    0x0008b5fc        0x4 C:/Users/LabPC/DOCUME~1/MATLAB/R2022a/ARDUIN~1/ARDUIN~1/FASTER~1/libcore.a(variant.o)
                0x0008b600                __init_array_end = .
                0x0008b600                . = ALIGN (0x4)
 *crtbegin.o(.ctors)
 *(EXCLUDE_FILE(*crtend.o) .ctors)
 *(SORT(.ctors.*))
 *crtend.o(.ctors)
                0x0008b600                . = ALIGN (0x4)
 *(.fini)
 .fini          0x0008b600        0x4 c:/programdata/matlab/supportpackages/r2022a/aide/portable/packages/arduino/tools/arm-none-eabi-gcc/4.8.3-2014q1/bin/../lib/gcc/arm-none-eabi/4.8.3/armv7-m/crti.o
                0x0008b600                _fini
 .fini          0x0008b604        0x8 c:/programdata/matlab/supportpackages/r2022a/aide/portable/packages/arduino/tools/arm-none-eabi-gcc/4.8.3-2014q1/bin/../lib/gcc/arm-none-eabi/4.8.3/armv7-m/crtn.o
                0x0008b60c                . = ALIGN (0x4)
                0x0008b60c                __fini_array_start = .
 *(.fini_array)
 .fini_array    0x0008b60c        0x4 c:/programdata/matlab/supportpackages/r2022a/aide/portable/packages/arduino/tools/arm-none-eabi-gcc/4.8.3-2014q1/bin/../lib/gcc/arm-none-eabi/4.8.3/armv7-m/crtbegin.o
 *(SORT(.fini_array.*))
                0x0008b610                __fini_array_end = .
 *crtbegin.o(.dtors)
 *(EXCLUDE_FILE(*crtend.o) .dtors)
 *(SORT(.dtors.*))
 *crtend.o(.dtors)
                0x0008b610                . = ALIGN (0x4)
                0x0008b610                _efixed = .
                0x0008b610                PROVIDE (__exidx_start, .)

.vfp11_veneer   0x0008b610        0x0
 .vfp11_veneer  0x00000000        0x0 linker stubs

.v4_bx          0x0008b610        0x0
 .v4_bx         0x00000000        0x0 linker stubs

.iplt           0x0008b610        0x0
 .iplt          0x00000000        0x0 c:/programdata/matlab/supportpackages/r2022a/aide/portable/packages/arduino/tools/arm-none-eabi-gcc/4.8.3-2014q1/bin/../lib/gcc/arm-none-eabi/4.8.3/armv7-m/crtbegin.o

.ARM.exidx      0x0008b610        0x8
 *(.ARM.exidx* .gnu.linkonce.armexidx.*)
 .ARM.exidx     0x0008b610        0x8 c:/programdata/matlab/supportpackages/r2022a/aide/portable/packages/arduino/tools/arm-none-eabi-gcc/4.8.3-2014q1/bin/../lib/gcc/arm-none-eabi/4.8.3/armv7-m\libgcc.a(_divdi3.o)
 .ARM.exidx     0x0008b618        0x0 c:/programdata/matlab/supportpackages/r2022a/aide/portable/packages/arduino/tools/arm-none-eabi-gcc/4.8.3-2014q1/bin/../lib/gcc/arm-none-eabi/4.8.3/armv7-m\libgcc.a(_udivdi3.o)
                                  0x8 (size before relaxing)
                0x0008b618                PROVIDE (__exidx_end, .)

.eh_frame       0x0008b618        0x0
 .eh_frame      0x0008b618        0x0 c:/programdata/matlab/supportpackages/r2022a/aide/portable/packages/arduino/tools/arm-none-eabi-gcc/4.8.3-2014q1/bin/../lib/gcc/arm-none-eabi/4.8.3/armv7-m/crtbegin.o

.rel.dyn        0x0008b618        0x0
 .rel.iplt      0x00000000        0x0 c:/programdata/matlab/supportpackages/r2022a/aide/portable/packages/arduino/tools/arm-none-eabi-gcc/4.8.3-2014q1/bin/../lib/gcc/arm-none-eabi/4.8.3/armv7-m/crtbegin.o

.jcr            0x0008b618        0x0
 .jcr           0x0008b618        0x0 c:/programdata/matlab/supportpackages/r2022a/aide/portable/packages/arduino/tools/arm-none-eabi-gcc/4.8.3-2014q1/bin/../lib/gcc/arm-none-eabi/4.8.3/armv7-m/crtbegin.o

.igot.plt       0x0008b618        0x0
 .igot.plt      0x00000000        0x0 c:/programdata/matlab/supportpackages/r2022a/aide/portable/packages/arduino/tools/arm-none-eabi-gcc/4.8.3-2014q1/bin/../lib/gcc/arm-none-eabi/4.8.3/armv7-m/crtbegin.o
                0x0008b618                . = ALIGN (0x4)
                0x0008b618                _etext = .

.relocate       0x20070000      0x934 load address 0x0008b618
                0x20070000                . = ALIGN (0x4)
                0x20070000                _srelocate = .
 *(.ramfunc .ramfunc.*)
 .ramfunc       0x20070000       0x2c C:/Users/LabPC/DOCUME~1/MATLAB/R2022a/ARDUIN~1/ARDUIN~1/FASTER~1/libcore.a(Reset.o)
                0x20070000                banzai
 *(.data .data.*)
 *fill*         0x2007002c        0x4 
 .data.position_control_P
                0x20070030       0x68 position_control_data.o
                0x20070030                position_control_P
 .data.xcpExtmodeFinalSimulationTime
                0x20070098        0x4 xcp_ext_common.o
                0x20070098                xcpExtmodeFinalSimulationTime
 .data.xcpClassicTriggerDuration
                0x2007009c        0x4 xcp_ext_classic_trigger.o
                0x2007009c                xcpClassicTriggerDuration
 .data.xcpClassicTriggerArmRequest
                0x200700a0        0x1 xcp_ext_classic_trigger.o
                0x200700a0                xcpClassicTriggerArmRequest
 *fill*         0x200700a1        0x3 
 .data.startStopDaqListId
                0x200700a4        0x4 xcp_daq.o
 .data.xcpEventCustomMemoryManager
                0x200700a8        0xc xcp_daq.o
 .data.xcpCurrentDaq
                0x200700b4        0x4 xcp_daq.o
 .data.xcpCtoReservedMemPoolId
                0x200700b8        0x4 xcp_transport.o
 .data.drvID    0x200700bc        0x4 xcp_drv_rtiostream.o
 .data.xcpCtoReservedMemPoolId
                0x200700c0        0x4 xcp_frame_serial.o
 .data._writeResolution
                0x200700c4        0x4 C:/Users/LabPC/DOCUME~1/MATLAB/R2022a/ARDUIN~1/ARDUIN~1/FASTER~1/libcore.a(wiring_analog.o)
 .data._ZL5ticks
                0x200700c8        0x4 C:/Users/LabPC/DOCUME~1/MATLAB/R2022a/ARDUIN~1/ARDUIN~1/FASTER~1/libcore.a(Reset.o)
 .data.SystemCoreClock
                0x200700cc        0x4 C:/ProgramData/MATLAB/SupportPackages/R2022a/aIDE/portable/packages/arduino/hardware/sam/1.6.12/variants/arduino_due_x/libsam_sam3x8e_gcc_rel.a(system_sam3xa.o)
                0x200700cc                SystemCoreClock
 .data.impure_data
                0x200700d0      0x428 c:/programdata/matlab/supportpackages/r2022a/aide/portable/packages/arduino/tools/arm-none-eabi-gcc/4.8.3-2014q1/bin/../lib/gcc/arm-none-eabi/4.8.3/../../../../arm-none-eabi/lib/armv7-m\libg.a(lib_a-impure.o)
 .data._impure_ptr
                0x200704f8        0x4 c:/programdata/matlab/supportpackages/r2022a/aide/portable/packages/arduino/tools/arm-none-eabi-gcc/4.8.3-2014q1/bin/../lib/gcc/arm-none-eabi/4.8.3/../../../../arm-none-eabi/lib/armv7-m\libg.a(lib_a-impure.o)
                0x200704f8                _impure_ptr
 .data.lc_ctype_charset
                0x200704fc       0x20 c:/programdata/matlab/supportpackages/r2022a/aide/portable/packages/arduino/tools/arm-none-eabi-gcc/4.8.3-2014q1/bin/../lib/gcc/arm-none-eabi/4.8.3/../../../../arm-none-eabi/lib/armv7-m\libg.a(lib_a-locale.o)
 .data.__mb_cur_max
                0x2007051c        0x4 c:/programdata/matlab/supportpackages/r2022a/aide/portable/packages/arduino/tools/arm-none-eabi-gcc/4.8.3-2014q1/bin/../lib/gcc/arm-none-eabi/4.8.3/../../../../arm-none-eabi/lib/armv7-m\libg.a(lib_a-locale.o)
                0x2007051c                __mb_cur_max
 .data.__malloc_av_